Starting MetaGPT incremental repair mode.
2026-07-25 15:52:41.719 | INFO     | metagpt.const:get_metagpt_root:25 - PROJECT_ROOT set from environment variable to /home/aludy/scires/Cloud_Spec_Exp/external/baselines/MetaGPT
2026-07-25 15:52:41.720 | INFO     | metagpt.const:get_metagpt_package_root:15 - Package root set to /home/aludy/scires/Cloud_Spec_Exp/external/baselines/MetaGPT
/home/aludy/miniconda3/envs/metagpt/lib/python3.10/site-packages/pydantic/main.py:214: UserWarning: A custom validator is returning a value other than `self`.
Returning anything other than `self` from a top level model validator isn't supported when validating via `__init__`.
See the `model_validator` docs (https://docs.pydantic.dev/latest/concepts/validators/#model-validators) for more details.
  warnings.warn(
2026-07-25 15:52:44.393 | INFO     | metagpt.team:invest:96 - Investment: $3.0.
2026-07-25 15:52:59.380 | INFO     | metagpt.roles.di.role_zero:_act:292 - Commands: 
[{'command_name': 'Plan.append_task', 'args': {'task_id': '1', 'dependent_task_ids': [], 'instruction': 'Fix OCI runtime bug case runc-4772: Conversion of cgroup v1 CPU shares to v2 CPU weight causes workloads to have low CPU priority.\n\nWritable target repository: /home/aludy/scires/Cloud_Spec_Exp/external/worktrees/oci-metagpt-agentless-mini-rerun/metagpt/runc-4772\n\nReproduction bundle (read-only): /home/aludy/scires/Cloud_Spec_Exp/external/oci-differential-dataset/cases/runc-4772\nRootfs tar: /home/aludy/scires/Cloud_Spec_Exp/external/oci-differential-dataset/alpine-base.tar.gz\n\nBuild command: make runc\nCandidate runtime path after build: runc\n\nSteps:\n1. cd to the writable repo and run: cd /home/aludy/scires/Cloud_Spec_Exp/external/worktrees/oci-metagpt-agentless-mini-rerun/metagpt/runc-4772 && git rev-parse HEAD && git status --short\n2. Find the code that converts cgroup v1 cpu.shares to cgroup v2 cpu.weight. The bug: cpu.shares=1024 should map to cpu.weight=100, but currently maps to 39.\n3. Fix the conversion formula accordingly.\n4. Build: make runc\n5. Test with the reproduction case: cd /home/aludy/scires/Cloud_Spec_Exp/external/oci-differential-dataset/cases/runc-4772 && CONFIG=buggy_config.json RUNTIME=/home/aludy/scires/Cloud_Spec_Exp/external/worktrees/oci-metagpt-agentless-mini-rerun/metagpt/runc-4772/runc bash repro.sh\n6. Collect git diff from the writable repository.\n\nUse absolute paths when editing files. Ensure every edited path is inside the writable target repository.', 'assignee': 'Alex'}}, {'command_name': 'TeamLeader.publish_message', 'args': {'content': 'Fix OCI runtime bug case runc-4772: Conversion of cgroup v1 CPU shares to v2 CPU weight causes workloads to have low CPU priority.\n\nWritable target repository: /home/aludy/scires/Cloud_Spec_Exp/external/worktrees/oci-metagpt-agentless-mini-rerun/metagpt/runc-4772\n\nReproduction bundle (read-only): /home/aludy/scires/Cloud_Spec_Exp/external/oci-differential-dataset/cases/runc-4772\nRootfs tar: /home/aludy/scires/Cloud_Spec_Exp/external/oci-differential-dataset/alpine-base.tar.gz\n\nBuild command: make runc\nCandidate runtime path after build: runc\n\nSteps:\n1. cd to the writable repo and run: cd /home/aludy/scires/Cloud_Spec_Exp/external/worktrees/oci-metagpt-agentless-mini-rerun/metagpt/runc-4772 && git rev-parse HEAD && git status --short\n2. Find the code that converts cgroup v1 cpu.shares to cgroup v2 cpu.weight. The bug: cpu.shares=1024 should map to cpu.weight=100, but currently maps to 39.\n3. Fix the conversion formula accordingly. Look in cgroup-related Go files for the conversion logic.\n4. Build: make runc\n5. Test with the reproduction case: cd /home/aludy/scires/Cloud_Spec_Exp/external/oci-differential-dataset/cases/runc-4772 && CONFIG=buggy_config.json RUNTIME=/home/aludy/scires/Cloud_Spec_Exp/external/worktrees/oci-metagpt-agentless-mini-rerun/metagpt/runc-4772/runc bash repro.sh\n6. Collect git diff from the writable repository.\n\nUse absolute paths when editing files. Ensure every edited path is inside the writable target repository.\n\nNOT optional: use absolute paths, run the first required command, make changes only in the writable repository.', 'send_to': 'Alex'}}, {'command_name': 'RoleZero.reply_to_human', 'args': {'content': 'I have assigned the bug fix task for runc-4772 to Alex (Engineer). He will inspect the repository, find the cgroup v1 CPU shares to v2 CPU weight conversion code, fix the mapping (cpu.shares=1024 should map to cpu.weight=100 instead of 39), build the project with `make runc`, and test against the reproduction bundle. All changes will be made only in the writable target repository.'}}]
2026-07-25 15:52:59.381 | INFO     | metagpt.roles.di.role_zero:_act:294 - Commands outputs: 
Command Plan.append_task executed

Command TeamLeader.publish_message executed

Command RoleZero.reply_to_human executed: SUCCESS, human has received your reply. Refrain from resending duplicate messages.  If you no longer need to take action, use the command ‘end’ to stop.
2026-07-25 15:52:59.383 | INFO     | metagpt.tools.libs.terminal:_check_state:65 - The terminal is at:
2026-07-25 15:53:01.914 | INFO     | metagpt.roles.di.role_zero:_act:292 - Commands: 
[{'command_name': 'Terminal.run_command', 'args': {'cmd': 'cd /home/aludy/scires/Cloud_Spec_Exp/external/worktrees/oci-metagpt-agentless-mini-rerun/metagpt/runc-4772 && git rev-parse HEAD && git status --short'}}]
2026-07-25 15:53:01.965 | INFO     | metagpt.roles.di.role_zero:_act:294 - Commands outputs: 
Command Terminal.run_command executed:
[command]: cd /home/aludy/scires/Cloud_Spec_Exp/external/worktrees/oci-metagpt-agentless-mini-rerun/metagpt/runc-4772 && git rev-parse HEAD && git status --short 
[command output] : e34f6438e97c57f98d4598e86185bc5c9a4e3eed

2026-07-25 15:53:07.778 | INFO     | metagpt.roles.di.role_zero:_act:292 - Commands: 
[{'command_name': 'Terminal.run_command', 'args': {'cmd': 'cd /home/aludy/scires/Cloud_Spec_Exp/external/worktrees/oci-metagpt-agentless-mini-rerun/metagpt/runc-4772 && grep -r "shares" --include="*.go" -l'}}]
2026-07-25 15:53:07.794 | INFO     | metagpt.roles.di.role_zero:_act:294 - Commands outputs: 
Command Terminal.run_command executed:
[command]: cd /home/aludy/scires/Cloud_Spec_Exp/external/worktrees/oci-metagpt-agentless-mini-rerun/metagpt/runc-4772 && grep -r "shares" --include="*.go" -l 
[command output] : vendor/golang.org/x/sys/unix/syscall_darwin.go
vendor/google.golang.org/protobuf/proto/reset.go
vendor/github.com/opencontainers/cgroups/config_linux.go
vendor/github.com/opencontainers/cgroups/fs/cpu.go
vendor/github.com/opencontainers/runtime-spec/specs-go/config.go
vendor/github.com/cyphar/filepath-securejoin/doc.go
update.go

2026-07-25 15:53:10.742 | INFO     | metagpt.roles.di.role_zero:_act:292 - Commands: 
[{'command_name': 'Terminal.run_command', 'args': {'cmd': 'cd /home/aludy/scires/Cloud_Spec_Exp/external/worktrees/oci-metagpt-agentless-mini-rerun/metagpt/runc-4772 && grep -rn "cpu.shares\\|cpu.weight\\|sharesToWeight\\|cpuSharesToWeight" --include="*.go"'}}]
2026-07-25 15:53:10.761 | INFO     | metagpt.roles.di.role_zero:_act:294 - Commands outputs: 
Command Terminal.run_command executed:
[command]: cd /home/aludy/scires/Cloud_Spec_Exp/external/worktrees/oci-metagpt-agentless-mini-rerun/metagpt/runc-4772 && grep -rn "cpu.shares\|cpu.weight\|sharesToWeight\|cpuSharesToWeight" --include="*.go" 
[command output] : vendor/github.com/opencontainers/cgroups/config_linux.go:67:	CpuShares uint64 `json:"cpu_shares,omitempty"` //nolint:revive // Suppress "var-naming: struct field CpuShares should be CPUShares".
vendor/github.com/opencontainers/cgroups/config_linux.go:141:	CpuWeight uint64 `json:"cpu_weight,omitempty"` //nolint:revive // Suppress "var-naming: struct field CpuWeight should be CPUWeight".
vendor/github.com/opencontainers/cgroups/fs2/cpu.go:32:		if err := cgroups.WriteFile(dirPath, "cpu.weight", strconv.FormatUint(r.CpuWeight, 10)); err != nil {
vendor/github.com/opencontainers/cgroups/systemd/v2.go:118:		case "cpu.weight":
vendor/github.com/opencontainers/cgroups/systemd/v2.go:122:				logrus.Warn("unable to apply both cpu.weight and cpu.idle to systemd, ignoring cpu.weight")
vendor/github.com/opencontainers/cgroups/fs/cpu.go:69:		if err := cgroups.WriteFile(path, "cpu.shares", strconv.FormatUint(shares, 10)); err != nil {
vendor/github.com/opencontainers/cgroups/fs/cpu.go:73:		sharesRead, err := fscommon.GetCgroupParamUint(path, "cpu.shares")
vendor/github.com/opencontainers/cgroups/fs/cpu.go:79:			return fmt.Errorf("the maximum allowed cpu-shares is %d", sharesRead)
vendor/github.com/opencontainers/cgroups/fs/cpu.go:81:			return fmt.Errorf("the minimum allowed cpu-shares is %d", sharesRead)
vendor/github.com/opencontainers/runtime-spec/specs-go/config.go:409:	// CPU shares (relative weight (ratio) vs. other cgroups with cpu shares).
update.go:264:			// To avoid error "failed to write \"4\": write /sys/fs/cgroup/runc-cgroups-integration-test/test-cgroup-7341/cpu.weight: invalid argument"

2026-07-25 15:53:17.650 | INFO     | metagpt.roles.di.role_zero:_act:292 - Commands: 
[{'command_name': 'Terminal.run_command', 'args': {'cmd': 'cd /home/aludy/scires/Cloud_Spec_Exp/external/worktrees/oci-metagpt-agentless-mini-rerun/metagpt/runc-4772 && grep -rn "weight\\|Weight" --include="*.go" libcontainer/ | grep -i cpu | head -30'}}, {'command_name': 'Terminal.run_command', 'args': {'cmd': 'cd /home/aludy/scires/Cloud_Spec_Exp/external/worktrees/oci-metagpt-agentless-mini-rerun/metagpt/runc-4772 && grep -rn "CpuWeight\\|cpu.weight\\|shares.*weight\\|Weight.*shares" --include="*.go" | grep -v vendor | head -30'}}]
2026-07-25 15:53:17.674 | INFO     | metagpt.roles.di.role_zero:_act:294 - Commands outputs: 
Command Terminal.run_command executed:
[command]: cd /home/aludy/scires/Cloud_Spec_Exp/external/worktrees/oci-metagpt-agentless-mini-rerun/metagpt/runc-4772 && grep -rn "weight\|Weight" --include="*.go" libcontainer/ | grep -i cpu | head -30 
[command output] : libcontainer/specconv/spec_linux.go:838:					// CpuWeight is used for cgroupv2 and should be converted
libcontainer/specconv/spec_linux.go:839:					c.Resources.CpuWeight = cgroups.ConvertCPUSharesToCgroupV2Value(c.Resources.CpuShares)


Command Terminal.run_command executed:
[command]: cd /home/aludy/scires/Cloud_Spec_Exp/external/worktrees/oci-metagpt-agentless-mini-rerun/metagpt/runc-4772 && grep -rn "CpuWeight\|cpu.weight\|shares.*weight\|Weight.*shares" --include="*.go" | grep -v vendor | head -30 
[command output] : libcontainer/specconv/spec_linux.go:838:					// CpuWeight is used for cgroupv2 and should be converted
libcontainer/specconv/spec_linux.go:839:					c.Resources.CpuWeight = cgroups.ConvertCPUSharesToCgroupV2Value(c.Resources.CpuShares)
update.go:83:			Usage: "CPU shares (relative weight vs. other containers)",
update.go:264:			// To avoid error "failed to write \"4\": write /sys/fs/cgroup/runc-cgroups-integration-test/test-cgroup-7341/cpu.weight: invalid argument"
update.go:316:			// CpuWeight is used for cgroupv2 and should be converted
update.go:317:			config.Cgroups.Resources.CpuWeight = cgroups.ConvertCPUSharesToCgroupV2Value(*r.CPU.Shares)

2026-07-25 15:53:20.552 | INFO     | metagpt.roles.di.role_zero:_act:292 - Commands: 
[{'command_name': 'Terminal.run_command', 'args': {'cmd': 'cd /home/aludy/scires/Cloud_Spec_Exp/external/worktrees/oci-metagpt-agentless-mini-rerun/metagpt/runc-4772 && grep -rn "ConvertCPUSharesToCgroupV2Value" --include="*.go"'}}]
2026-07-25 15:53:20.567 | INFO     | metagpt.roles.di.role_zero:_act:294 - Commands outputs: 
Command Terminal.run_command executed:
[command]: cd /home/aludy/scires/Cloud_Spec_Exp/external/worktrees/oci-metagpt-agentless-mini-rerun/metagpt/runc-4772 && grep -rn "ConvertCPUSharesToCgroupV2Value" --include="*.go" 
[command output] : vendor/github.com/opencontainers/cgroups/utils.go:421:func ConvertCPUSharesToCgroupV2Value(cpuShares uint64) uint64 {
libcontainer/specconv/spec_linux.go:839:					c.Resources.CpuWeight = cgroups.ConvertCPUSharesToCgroupV2Value(c.Resources.CpuShares)
update.go:317:			config.Cgroups.Resources.CpuWeight = cgroups.ConvertCPUSharesToCgroupV2Value(*r.CPU.Shares)

2026-07-25 15:53:26.180 | INFO     | metagpt.roles.di.role_zero:_act:292 - Commands: 
[{'command_name': 'Editor.open_file', 'args': {'path': '/home/aludy/scires/Cloud_Spec_Exp/external/worktrees/oci-metagpt-agentless-mini-rerun/metagpt/runc-4772/vendor/github.com/opencontainers/cgroups/utils.go', 'line_number': 415, 'context_lines': 30}}]
2026-07-25 15:53:26.180 | INFO     | metagpt.roles.di.role_zero:_act:294 - Commands outputs: 
Command Editor.open_file executed: [File: /home/aludy/scires/Cloud_Spec_Exp/external/worktrees/oci-metagpt-agentless-mini-rerun/metagpt/runc-4772/vendor/github.com/opencontainers/cgroups/utils.go (468 lines total)]
(399 more lines above)
400|		if err == nil {
401|			return nil
402|		}
403|
404|		// EINVAL might mean that the task being added to cgroup.procs is in state
405|		// TASK_NEW. We should attempt to do so again.
406|		if errors.Is(err, unix.EINVAL) {
407|			time.Sleep(30 * time.Millisecond)
408|			continue
409|		}
410|
411|		return fmt.Errorf("failed to write %v: %w", pid, err)
412|	}
413|	return err
414|}
415|
416|// Since the OCI spec is designed for cgroup v1, in some cases
417|// there is need to convert from the cgroup v1 configuration to cgroup v2
418|// the formula for cpuShares is y = (1 + ((x - 2) * 9999) / 262142)
419|// convert from [2-262144] to [1-10000]
420|// 262144 comes from Linux kernel definition "#define MAX_SHARES (1UL << 18)"
421|func ConvertCPUSharesToCgroupV2Value(cpuShares uint64) uint64 {
422|	if cpuShares == 0 {
423|		return 0
424|	}
425|	return (1 + ((cpuShares-2)*9999)/262142)
426|}
427|
428|// ConvertMemorySwapToCgroupV2Value converts MemorySwap value from OCI spec
429|// for use by cgroup v2 drivers. A conversion is needed since Resources.MemorySwap
430|// is defined as memory+swap combined, while in cgroup v2 swap is a separate value,
(38 more lines below)
2026-07-25 15:53:48.864 | INFO     | metagpt.roles.di.role_zero:_act:292 - Commands: 
[{'command_name': 'Terminal.run_command', 'args': {'cmd': 'cd /home/aludy/scires/Cloud_Spec_Exp/external/worktrees/oci-metagpt-agentless-mini-rerun/metagpt/runc-4772 && grep -rn "cpuShares\\|cpu.shares\\|cpu.weight\\|CpuWeight\\|CpuShares" --include="*.go" | grep -v vendor | head -40'}}, {'command_name': 'Terminal.run_command', 'args': {'cmd': 'cd /home/aludy/scires/Cloud_Spec_Exp/external/worktrees/oci-metagpt-agentless-mini-rerun/metagpt/runc-4772 && git log --oneline -20'}}]
2026-07-25 15:53:48.889 | INFO     | metagpt.roles.di.role_zero:_act:294 - Commands outputs: 
Command Terminal.run_command executed:
[command]: cd /home/aludy/scires/Cloud_Spec_Exp/external/worktrees/oci-metagpt-agentless-mini-rerun/metagpt/runc-4772 && grep -rn "cpuShares\|cpu.shares\|cpu.weight\|CpuWeight\|CpuShares" --include="*.go" | grep -v vendor | head -40 
[command output] : libcontainer/integration/exec_test.go:496:func TestCpuShares(t *testing.T) {
libcontainer/integration/exec_test.go:497:	testCpuShares(t, false)
libcontainer/integration/exec_test.go:500:func TestCpuSharesSystemd(t *testing.T) {
libcontainer/integration/exec_test.go:504:	testCpuShares(t, true)
libcontainer/integration/exec_test.go:507:func testCpuShares(t *testing.T, systemd bool) {
libcontainer/integration/exec_test.go:512:		t.Skip("cgroup v2 does not support CpuShares")
libcontainer/integration/exec_test.go:516:	config.Cgroups.Resources.CpuShares = 1
libcontainer/integration/exec_test.go:519:		t.Fatal("runContainer should fail with invalid CpuShares")
libcontainer/specconv/spec_linux.go:836:					c.Resources.CpuShares = *r.CPU.Shares
libcontainer/specconv/spec_linux.go:838:					// CpuWeight is used for cgroupv2 and should be converted
libcontainer/specconv/spec_linux.go:839:					c.Resources.CpuWeight = cgroups.ConvertCPUSharesToCgroupV2Value(c.Resources.CpuShares)
update.go:264:			// To avoid error "failed to write \"4\": write /sys/fs/cgroup/runc-cgroups-integration-test/test-cgroup-7341/cpu.weight: invalid argument"
update.go:315:			config.Cgroups.Resources.CpuShares = *r.CPU.Shares
update.go:316:			// CpuWeight is used for cgroupv2 and should be converted
update.go:317:			config.Cgroups.Resources.CpuWeight = cgroups.ConvertCPUSharesToCgroupV2Value(*r.CPU.Shares)


Command Terminal.run_command executed:
[command]: cd /home/aludy/scires/Cloud_Spec_Exp/external/worktrees/oci-metagpt-agentless-mini-rerun/metagpt/runc-4772 && git log --oneline -20 
[command output] : e34f6438 libct: State: ensure Resources is not nil
f5e8c63f deps: bump opencontainers/cgroups to v0.0.2
eb29c8dd tests/int: simplify using check_cpu_quota
e6457afc VERSION: release v1.3.1
21fbc472 Merge pull request #4871 from kolyshkin/1.3-4765
02c41282 criu: simplify isOnTmpfs check in prepareCriuRestoreMounts
69a3439c criu: inline makeCriuRestoreMountpoints
a97c49f9 criu: ignore cgroup early in prepareCriuRestoreMounts
017d6b69 criu: improve prepareCriuRestoreMounts
efcfc5d9 Merge pull request #4865 from cyphar/1.3-reset-cpu-affinity
9a79ff47 [1.3] libct: reset CPU affinity by default
ae7eefdd [1.3] tests: add RUNC_CMDLINE for tests incompatible with functions
c0ba3d64 [1.3] tests: add sane_run helper
1a57c7f5 Merge pull request #4866 from cyphar/1.3-gha-arm
3a6335ae [1.3] Switch to packaged criu on arm
7cd66cf0 [1.3] ci: use criu built from source on gha arm
d1bfc37d [1.3] CI: switch to GHA for arm
81693c22 Merge pull request #4833 from marquiz/release-1.3
765cd9dc runc update: don't lose intelRdt state
3e72ae4d Merge pull request #4819 from cyphar/1.3-proc-net-dev-overmount

2026-07-25 15:54:04.388 | WARNING  | metagpt.utils.role_zero_utils:parse_commands:115 - Failed to parse JSON for: I found the bug. The current formula: `(1 + ((cpuShares-2)*9999)/262142)` maps cpu.shares=1024 to cpu.weight=39. The correct formula should map cpu.shares=1024 to cpu.weight=100. According to the kernel fix, the proper conversion is: `weight = (shares * 100) / 1024`, clamped to [1, 10000].

Let me edit the conversion function.

```json
[
    {
        "command_name": "Editor.edit_file_by_replace",
        "args": {
            "file_name": "/home/aludy/scires/Cloud_Spec_Exp/external/worktrees/oci-metagpt-agentless-mini-rerun/metagpt/runc-4772/vendor/github.com/opencontainers/cgroups/utils.go",
            "first_replaced_line_number": 416,
            "first_replaced_line_content": "// Since the OCI spec is designed for cgroup v1, in some cases",
            "last_replaced_line_number": 426,
            "last_replaced_line_content": "}",
            "new_content": "// Since the OCI spec is designed for cgroup v1, in some cases\n// there is need to convert from the cgroup v1 configuration to cgroup v2\n// the formula for cpuShares is (cpuShares * 100) / 1024\n// convert from [2-262144] to [1-10000]\n// 262144 comes from Linux kernel definition \"#define MAX_SHARES (1UL << 18)\"\n// Default shares 1024 maps to default weight 100\nfunc ConvertCPUSharesToCgroupV2Value(cpuShares uint64) uint64 {\n\tif cpuShares == 0 {\n\t\treturn 0\n\t}\n\tweight := (cpuShares * 100) / 1024\n\tif weight < 1 {\n\t\treturn 1\n\t}\n\tif weight > 10000 {\n\t\treturn 10000\n\t}\n\treturn weight\n}"
        }
    }
]
```. Trying to repair...
2026-07-25 15:54:18.232 | INFO     | metagpt.roles.di.role_zero:_act:292 - Commands: 
[{'command_name': 'Editor.edit_file_by_replace', 'args': {'file_name': '/home/aludy/scires/Cloud_Spec_Exp/external/worktrees/oci-metagpt-agentless-mini-rerun/metagpt/runc-4772/vendor/github.com/opencontainers/cgroups/utils.go', 'first_replaced_line_number': 416, 'first_replaced_line_content': '// Since the OCI spec is designed for cgroup v1, in some cases', 'last_replaced_line_number': 426, 'last_replaced_line_content': '}', 'new_content': '// Since the OCI spec is designed for cgroup v1, in some cases\n// there is need to convert from the cgroup v1 configuration to cgroup v2\n// the formula for cpuShares is (cpuShares * 100) / 1024\n// convert from [2-262144] to [1-10000]\n// 262144 comes from Linux kernel definition "#define MAX_SHARES (1UL << 18)"\n// Default shares 1024 maps to default weight 100\nfunc ConvertCPUSharesToCgroupV2Value(cpuShares uint64) uint64 {\n\tif cpuShares == 0 {\n\t\treturn 0\n\t}\n\tweight := (cpuShares * 100) / 1024\n\tif weight < 1 {\n\t\treturn 1\n\t}\n\tif weight > 10000 {\n\t\treturn 10000\n\t}\n\treturn weight\n}'}}]
2026-07-25 15:54:18.234 | ERROR    | metagpt.roles.di.role_zero:_run_commands:407 - list index out of rangeTraceback (most recent call last):
  File "/home/aludy/scires/Cloud_Spec_Exp/external/baselines/MetaGPT/metagpt/tools/libs/editor.py", line 563, in _edit_file_impl
    original_lint_error, _ = self._lint_file(file_name)
  File "/home/aludy/scires/Cloud_Spec_Exp/external/baselines/MetaGPT/metagpt/tools/libs/editor.py", line 211, in _lint_file
    lint_error = linter.lint(str(file_path))
  File "/home/aludy/scires/Cloud_Spec_Exp/external/baselines/MetaGPT/metagpt/tools/libs/linter.py", line 98, in lint
    linkres = basic_lint(absolute_fname, code)
  File "/home/aludy/scires/Cloud_Spec_Exp/external/baselines/MetaGPT/metagpt/tools/libs/linter.py", line 158, in basic_lint
    parser = get_parser(lang)
  File "tree_sitter_languages/core.pyx", line 19, in tree_sitter_languages.core.get_parser
  File "tree_sitter_languages/core.pyx", line 14, in tree_sitter_languages.core.get_language
TypeError: __init__() takes exactly 1 argument (2 given)

During handling of the above exception, another exception occurred:

Traceback (most recent call last):
  File "/home/aludy/scires/Cloud_Spec_Exp/external/baselines/MetaGPT/metagpt/roles/di/role_zero.py", line 401, in _run_commands
    tool_output = tool_obj(**cmd["args"])
  File "/home/aludy/scires/Cloud_Spec_Exp/external/baselines/MetaGPT/metagpt/tools/libs/editor.py", line 814, in edit_file_by_replace
    ret_str = self._edit_file_impl(
  File "/home/aludy/scires/Cloud_Spec_Exp/external/baselines/MetaGPT/metagpt/tools/libs/editor.py", line 667, in _edit_file_impl
    guidance_message = self._get_indentation_info(content, start or len(lines))
  File "/home/aludy/scires/Cloud_Spec_Exp/external/baselines/MetaGPT/metagpt/tools/libs/editor.py", line 495, in _get_indentation_info
    pre_line = content_lines[first_line - 2] if first_line - 2 >= 0 else ""
IndexError: list index out of range

Traceback (most recent call last):

  File "/home/aludy/scires/Cloud_Spec_Exp/external/baselines/MetaGPT/metagpt/tools/libs/editor.py", line 563, in _edit_file_impl
    original_lint_error, _ = self._lint_file(file_name)
                             │    │          └ PosixPath('/home/aludy/scires/Cloud_Spec_Exp/external/worktrees/oci-metagpt-agentless-mini-rerun/metagpt/runc-4772/vendor/git...
                             │    └ <function Editor._lint_file at 0x7bbbb170c8b0>
                             └ Editor(resource=EditorReporter(block=<BlockType.EDITOR: 'Editor'>, uuid=UUID('1cb1351a-785d-4d10-a546-8e4bce0f51d9'), enable_...

  File "/home/aludy/scires/Cloud_Spec_Exp/external/baselines/MetaGPT/metagpt/tools/libs/editor.py", line 211, in _lint_file
    lint_error = linter.lint(str(file_path))
                 │      │        └ PosixPath('/home/aludy/scires/Cloud_Spec_Exp/external/worktrees/oci-metagpt-agentless-mini-rerun/metagpt/runc-4772/vendor/git...
                 │      └ <function Linter.lint at 0x7bbbb171ff40>
                 └ <metagpt.tools.libs.linter.Linter object at 0x7bbba569a380>

  File "/home/aludy/scires/Cloud_Spec_Exp/external/baselines/MetaGPT/metagpt/tools/libs/linter.py", line 98, in lint
    linkres = basic_lint(absolute_fname, code)
              │          │               └ 'package cgroups\n\nimport (\n\t"bufio"\n\t"errors"\n\t"fmt"\n\t"io"\n\t"os"\n\t"path/filepath"\n\t"strconv"\n\t"strings"\n\t...
              │          └ '/home/aludy/scires/Cloud_Spec_Exp/external/worktrees/oci-metagpt-agentless-mini-rerun/metagpt/runc-4772/vendor/github.com/op...
              └ <function basic_lint at 0x7bbbb170c1f0>

  File "/home/aludy/scires/Cloud_Spec_Exp/external/baselines/MetaGPT/metagpt/tools/libs/linter.py", line 158, in basic_lint
    parser = get_parser(lang)
             │          └ 'go'
             └ <cyfunction get_parser at 0x7bbbb1792cf0>

  File "tree_sitter_languages/core.pyx", line 19, in tree_sitter_languages.core.get_parser
  File "tree_sitter_languages/core.pyx", line 14, in tree_sitter_languages.core.get_language

TypeError: __init__() takes exactly 1 argument (2 given)


During handling of the above exception, another exception occurred:


Traceback (most recent call last):

  File "/home/aludy/scires/Cloud_Spec_Exp/baselines/metagpt/launch.py", line 307, in <module>
    raise SystemExit(main())
                     └ <function main at 0x7bbc68de2ef0>

  File "/home/aludy/scires/Cloud_Spec_Exp/baselines/metagpt/launch.py", line 277, in main
    result = generate_repo(**supported)
             │               └ {'idea': 'Fix OCI runtime bug case runc-4772.\n\nTarget runtime: runc\nTitle: Conversion of cgroup v1 CPU shares to v2 CPU we...
             └ <function generate_repo at 0x7bbbb03edcf0>

  File "/home/aludy/scires/Cloud_Spec_Exp/external/baselines/MetaGPT/metagpt/software_company.py", line 72, in generate_repo
    asyncio.run(company.run(n_round=n_round, idea=idea))
    │       │   │       │           │             └ 'Fix OCI runtime bug case runc-4772.\n\nTarget runtime: runc\nTitle: Conversion of cgroup v1 CPU shares to v2 CPU weight caus...
    │       │   │       │           └ 10
    │       │   │       └ <function serialize_decorator.<locals>.wrapper at 0x7bbba633c1f0>
    │       │   └ Team(env=MGXEnv(), investment=3.0, idea='Fix OCI runtime bug case runc-4772.\n\nTarget runtime: runc\nTitle: Conversion of cg...
    │       └ <function run at 0x7bbc66999750>
    └ <module 'asyncio' from '/home/aludy/miniconda3/envs/metagpt/lib/python3.10/asyncio/__init__.py'>

  File "/home/aludy/miniconda3/envs/metagpt/lib/python3.10/asyncio/runners.py", line 44, in run
    return loop.run_until_complete(main)
           │    │                  └ <coroutine object serialize_decorator.<locals>.wrapper at 0x7bbba6257ca0>
           │    └ <function BaseEventLoop.run_until_complete at 0x7bbc6699b130>
           └ <_UnixSelectorEventLoop running=True closed=False debug=False>
  File "/home/aludy/miniconda3/envs/metagpt/lib/python3.10/asyncio/base_events.py", line 636, in run_until_complete
    self.run_forever()
    │    └ <function BaseEventLoop.run_forever at 0x7bbc6699b0a0>
    └ <_UnixSelectorEventLoop running=True closed=False debug=False>
  File "/home/aludy/miniconda3/envs/metagpt/lib/python3.10/asyncio/base_events.py", line 603, in run_forever
    self._run_once()
    │    └ <function BaseEventLoop._run_once at 0x7bbc6699cc10>
    └ <_UnixSelectorEventLoop running=True closed=False debug=False>
  File "/home/aludy/miniconda3/envs/metagpt/lib/python3.10/asyncio/base_events.py", line 1909, in _run_once
    handle._run()
    │      └ <function Handle._run at 0x7bbc6694c280>
    └ <Handle <TaskStepMethWrapper object at 0x7bbba56c4190>()>
  File "/home/aludy/miniconda3/envs/metagpt/lib/python3.10/asyncio/events.py", line 80, in _run
    self._context.run(self._callback, *self._args)
    │    │            │    │           │    └ <member '_args' of 'Handle' objects>
    │    │            │    │           └ <Handle <TaskStepMethWrapper object at 0x7bbba56c4190>()>
    │    │            │    └ <member '_callback' of 'Handle' objects>
    │    │            └ <Handle <TaskStepMethWrapper object at 0x7bbba56c4190>()>
    │    └ <member '_context' of 'Handle' objects>
    └ <Handle <TaskStepMethWrapper object at 0x7bbba56c4190>()>

  File "/home/aludy/scires/Cloud_Spec_Exp/external/baselines/MetaGPT/metagpt/utils/common.py", line 692, in wrapper
    return await func(self, *args, **kwargs)
                 │    │      │       └ {}
                 │    │      └ ()
                 │    └ Engineer2(private_context=Context(kwargs=AttrDict(), config=Config(extra_fields=None, project_path='/home/aludy/scires/Cloud_...
                 └ <function Role.run at 0x7bbba6e165f0>

  File "/home/aludy/scires/Cloud_Spec_Exp/external/baselines/MetaGPT/metagpt/roles/role.py", line 548, in run
    rsp = await self.react()
                │    └ <function Role.react at 0x7bbba6e164d0>
                └ Engineer2(private_context=Context(kwargs=AttrDict(), config=Config(extra_fields=None, project_path='/home/aludy/scires/Cloud_...

  File "/home/aludy/scires/Cloud_Spec_Exp/external/baselines/MetaGPT/metagpt/roles/role.py", line 515, in react
    rsp = await self._react()
                │    └ <function RoleZero._react at 0x7bbba6d25f30>
                └ Engineer2(private_context=Context(kwargs=AttrDict(), config=Config(extra_fields=None, project_path='/home/aludy/scires/Cloud_...

  File "/home/aludy/scires/Cloud_Spec_Exp/external/baselines/MetaGPT/metagpt/roles/di/role_zero.py", line 324, in _react
    rsp = await self._act()
                │    └ <function RoleZero._act at 0x7bbba6d25ea0>
                └ Engineer2(private_context=Context(kwargs=AttrDict(), config=Config(extra_fields=None, project_path='/home/aludy/scires/Cloud_...

  File "/home/aludy/scires/Cloud_Spec_Exp/external/baselines/MetaGPT/metagpt/roles/di/role_zero.py", line 293, in _act
    outputs = await self._run_commands(commands)
                    │    │             └ [{'command_name': 'Editor.edit_file_by_replace', 'args': {'file_name': '/home/aludy/scires/Cloud_Spec_Exp/external/worktrees/...
                    │    └ <function RoleZero._run_commands at 0x7bbba6d260e0>
                    └ Engineer2(private_context=Context(kwargs=AttrDict(), config=Config(extra_fields=None, project_path='/home/aludy/scires/Cloud_...

> File "/home/aludy/scires/Cloud_Spec_Exp/external/baselines/MetaGPT/metagpt/roles/di/role_zero.py", line 401, in _run_commands
    tool_output = tool_obj(**cmd["args"])
                  │          └ {'command_name': 'Editor.edit_file_by_replace', 'args': {'file_name': '/home/aludy/scires/Cloud_Spec_Exp/external/worktrees/o...
                  └ <bound method Editor.edit_file_by_replace of Editor(resource=EditorReporter(block=<BlockType.EDITOR: 'Editor'>, uuid=UUID('1c...

  File "/home/aludy/scires/Cloud_Spec_Exp/external/baselines/MetaGPT/metagpt/tools/libs/editor.py", line 814, in edit_file_by_replace
    ret_str = self._edit_file_impl(
              │    └ <function Editor._edit_file_impl at 0x7bbbb170d120>
              └ Editor(resource=EditorReporter(block=<BlockType.EDITOR: 'Editor'>, uuid=UUID('1cb1351a-785d-4d10-a546-8e4bce0f51d9'), enable_...

  File "/home/aludy/scires/Cloud_Spec_Exp/external/baselines/MetaGPT/metagpt/tools/libs/editor.py", line 667, in _edit_file_impl
    guidance_message = self._get_indentation_info(content, start or len(lines))
                       │    │                     │        └ 416
                       │    │                     └ '// Since the OCI spec is designed for cgroup v1, in some cases\n// there is need to convert from the cgroup v1 configuration...
                       │    └ <function Editor._get_indentation_info at 0x7bbbb170d090>
                       └ Editor(resource=EditorReporter(block=<BlockType.EDITOR: 'Editor'>, uuid=UUID('1cb1351a-785d-4d10-a546-8e4bce0f51d9'), enable_...

  File "/home/aludy/scires/Cloud_Spec_Exp/external/baselines/MetaGPT/metagpt/tools/libs/editor.py", line 495, in _get_indentation_info
    pre_line = content_lines[first_line - 2] if first_line - 2 >= 0 else ""
               │             │                  └ 416
               │             └ 416
               └ ['// Since the OCI spec is designed for cgroup v1, in some cases', '// there is need to convert from the cgroup v1 configurat...

IndexError: list index out of range
2026-07-25 15:54:18.310 | INFO     | metagpt.roles.di.role_zero:_act:294 - Commands outputs: 
Command Editor.edit_file_by_replace executed: Traceback (most recent call last):
  File "/home/aludy/scires/Cloud_Spec_Exp/external/baselines/MetaGPT/metagpt/tools/libs/editor.py", line 563, in _edit_file_impl
    original_lint_error, _ = self._lint_file(file_name)
  File "/home/aludy/scires/Cloud_Spec_Exp/external/baselines/MetaGPT/metagpt/tools/libs/editor.py", line 211, in _lint_file
    lint_error = linter.lint(str(file_path))
  File "/home/aludy/scires/Cloud_Spec_Exp/external/baselines/MetaGPT/metagpt/tools/libs/linter.py", line 98, in lint
    linkres = basic_lint(absolute_fname, code)
  File "/home/aludy/scires/Cloud_Spec_Exp/external/baselines/MetaGPT/metagpt/tools/libs/linter.py", line 158, in basic_lint
    parser = get_parser(lang)
  File "tree_sitter_languages/core.pyx", line 19, in tree_sitter_languages.core.get_parser
  File "tree_sitter_languages/core.pyx", line 14, in tree_sitter_languages.core.get_language
TypeError: __init__() takes exactly 1 argument (2 given)

During handling of the above exception, another exception occurred:

Traceback (most recent call last):
  File "/home/aludy/scires/Cloud_Spec_Exp/external/baselines/MetaGPT/metagpt/roles/di/role_zero.py", line 401, in _run_commands
    tool_output = tool_obj(**cmd["args"])
  File "/home/aludy/scires/Cloud_Spec_Exp/external/baselines/MetaGPT/metagpt/tools/libs/editor.py", line 814, in edit_file_by_replace
    ret_str = self._edit_file_impl(
  File "/home/aludy/scires/Cloud_Spec_Exp/external/baselines/MetaGPT/metagpt/tools/libs/editor.py", line 667, in _edit_file_impl
    guidance_message = self._get_indentation_info(content, start or len(lines))
  File "/home/aludy/scires/Cloud_Spec_Exp/external/baselines/MetaGPT/metagpt/tools/libs/editor.py", line 495, in _get_indentation_info
    pre_line = content_lines[first_line - 2] if first_line - 2 >= 0 else ""
IndexError: list index out of range

2026-07-25 15:54:22.821 | INFO     | metagpt.roles.di.role_zero:_act:292 - Commands: 
[{'command_name': 'Editor.edit_file_by_replace', 'args': {'file_name': '/home/aludy/scires/Cloud_Spec_Exp/external/worktrees/oci-metagpt-agentless-mini-rerun/metagpt/runc-4772/vendor/github.com/opencontainers/cgroups/utils.go', 'first_replaced_line_number': 421, 'first_replaced_line_content': 'func ConvertCPUSharesToCgroupV2Value(cpuShares uint64) uint64 {', 'last_replaced_line_number': 425, 'last_replaced_line_content': '}', 'new_content': 'func ConvertCPUSharesToCgroupV2Value(cpuShares uint64) uint64 {\n    if cpuShares == 0 {\n        return 0\n    }\n    weight := (cpuShares * 100) / 1024\n    if weight < 1 {\n        return 1\n    }\n    if weight > 10000 {\n        return 10000\n    }\n    return weight\n}'}}]
2026-07-25 15:54:22.821 | ERROR    | metagpt.roles.di.role_zero:_run_commands:407 - Error: The `last_replaced_line_number` does not match the `last_replaced_line_content`. Please correct the parameters.
The `last_replaced_line_number` is 425 and the corresponding content is "	return (1 + ((cpuShares-2)*9999)/262142)".
But the `last_replaced_line_content ` is "}".
The content around the specified line is:
The 422 line is "	if cpuShares == 0 {"
The 423 line is "		return 0"
The 424 line is "	}"
The 425 line is "	return (1 + ((cpuShares-2)*9999)/262142)"
The 426 line is "}"
The 427 line is ""
The 428 line is "// ConvertMemorySwapToCgroupV2Value converts MemorySwap value from OCI spec"
Pay attention to the new content. Ensure that it aligns with the new parameters.
Traceback (most recent call last):
  File "/home/aludy/scires/Cloud_Spec_Exp/external/baselines/MetaGPT/metagpt/roles/di/role_zero.py", line 401, in _run_commands
    tool_output = tool_obj(**cmd["args"])
  File "/home/aludy/scires/Cloud_Spec_Exp/external/baselines/MetaGPT/metagpt/tools/libs/editor.py", line 813, in edit_file_by_replace
    raise ValueError(mismatch_error)
ValueError: Error: The `last_replaced_line_number` does not match the `last_replaced_line_content`. Please correct the parameters.
The `last_replaced_line_number` is 425 and the corresponding content is "	return (1 + ((cpuShares-2)*9999)/262142)".
But the `last_replaced_line_content ` is "}".
The content around the specified line is:
The 422 line is "	if cpuShares == 0 {"
The 423 line is "		return 0"
The 424 line is "	}"
The 425 line is "	return (1 + ((cpuShares-2)*9999)/262142)"
The 426 line is "}"
The 427 line is ""
The 428 line is "// ConvertMemorySwapToCgroupV2Value converts MemorySwap value from OCI spec"
Pay attention to the new content. Ensure that it aligns with the new parameters.


Traceback (most recent call last):

  File "/home/aludy/scires/Cloud_Spec_Exp/baselines/metagpt/launch.py", line 307, in <module>
    raise SystemExit(main())
                     └ <function main at 0x7bbc68de2ef0>

  File "/home/aludy/scires/Cloud_Spec_Exp/baselines/metagpt/launch.py", line 277, in main
    result = generate_repo(**supported)
             │               └ {'idea': 'Fix OCI runtime bug case runc-4772.\n\nTarget runtime: runc\nTitle: Conversion of cgroup v1 CPU shares to v2 CPU we...
             └ <function generate_repo at 0x7bbbb03edcf0>

  File "/home/aludy/scires/Cloud_Spec_Exp/external/baselines/MetaGPT/metagpt/software_company.py", line 72, in generate_repo
    asyncio.run(company.run(n_round=n_round, idea=idea))
    │       │   │       │           │             └ 'Fix OCI runtime bug case runc-4772.\n\nTarget runtime: runc\nTitle: Conversion of cgroup v1 CPU shares to v2 CPU weight caus...
    │       │   │       │           └ 10
    │       │   │       └ <function serialize_decorator.<locals>.wrapper at 0x7bbba633c1f0>
    │       │   └ Team(env=MGXEnv(), investment=3.0, idea='Fix OCI runtime bug case runc-4772.\n\nTarget runtime: runc\nTitle: Conversion of cg...
    │       └ <function run at 0x7bbc66999750>
    └ <module 'asyncio' from '/home/aludy/miniconda3/envs/metagpt/lib/python3.10/asyncio/__init__.py'>

  File "/home/aludy/miniconda3/envs/metagpt/lib/python3.10/asyncio/runners.py", line 44, in run
    return loop.run_until_complete(main)
           │    │                  └ <coroutine object serialize_decorator.<locals>.wrapper at 0x7bbba6257ca0>
           │    └ <function BaseEventLoop.run_until_complete at 0x7bbc6699b130>
           └ <_UnixSelectorEventLoop running=True closed=False debug=False>
  File "/home/aludy/miniconda3/envs/metagpt/lib/python3.10/asyncio/base_events.py", line 636, in run_until_complete
    self.run_forever()
    │    └ <function BaseEventLoop.run_forever at 0x7bbc6699b0a0>
    └ <_UnixSelectorEventLoop running=True closed=False debug=False>
  File "/home/aludy/miniconda3/envs/metagpt/lib/python3.10/asyncio/base_events.py", line 603, in run_forever
    self._run_once()
    │    └ <function BaseEventLoop._run_once at 0x7bbc6699cc10>
    └ <_UnixSelectorEventLoop running=True closed=False debug=False>
  File "/home/aludy/miniconda3/envs/metagpt/lib/python3.10/asyncio/base_events.py", line 1909, in _run_once
    handle._run()
    │      └ <function Handle._run at 0x7bbc6694c280>
    └ <Handle Task.task_wakeup(<Task finishe...> result=None>)>
  File "/home/aludy/miniconda3/envs/metagpt/lib/python3.10/asyncio/events.py", line 80, in _run
    self._context.run(self._callback, *self._args)
    │    │            │    │           │    └ <member '_args' of 'Handle' objects>
    │    │            │    │           └ <Handle Task.task_wakeup(<Task finishe...> result=None>)>
    │    │            │    └ <member '_callback' of 'Handle' objects>
    │    │            └ <Handle Task.task_wakeup(<Task finishe...> result=None>)>
    │    └ <member '_context' of 'Handle' objects>
    └ <Handle Task.task_wakeup(<Task finishe...> result=None>)>

  File "/home/aludy/scires/Cloud_Spec_Exp/external/baselines/MetaGPT/metagpt/utils/common.py", line 692, in wrapper
    return await func(self, *args, **kwargs)
                 │    │      │       └ {}
                 │    │      └ ()
                 │    └ Engineer2(private_context=Context(kwargs=AttrDict(), config=Config(extra_fields=None, project_path='/home/aludy/scires/Cloud_...
                 └ <function Role.run at 0x7bbba6e165f0>

  File "/home/aludy/scires/Cloud_Spec_Exp/external/baselines/MetaGPT/metagpt/roles/role.py", line 548, in run
    rsp = await self.react()
                │    └ <function Role.react at 0x7bbba6e164d0>
                └ Engineer2(private_context=Context(kwargs=AttrDict(), config=Config(extra_fields=None, project_path='/home/aludy/scires/Cloud_...

  File "/home/aludy/scires/Cloud_Spec_Exp/external/baselines/MetaGPT/metagpt/roles/role.py", line 515, in react
    rsp = await self._react()
                │    └ <function RoleZero._react at 0x7bbba6d25f30>
                └ Engineer2(private_context=Context(kwargs=AttrDict(), config=Config(extra_fields=None, project_path='/home/aludy/scires/Cloud_...

  File "/home/aludy/scires/Cloud_Spec_Exp/external/baselines/MetaGPT/metagpt/roles/di/role_zero.py", line 324, in _react
    rsp = await self._act()
                │    └ <function RoleZero._act at 0x7bbba6d25ea0>
                └ Engineer2(private_context=Context(kwargs=AttrDict(), config=Config(extra_fields=None, project_path='/home/aludy/scires/Cloud_...

  File "/home/aludy/scires/Cloud_Spec_Exp/external/baselines/MetaGPT/metagpt/roles/di/role_zero.py", line 293, in _act
    outputs = await self._run_commands(commands)
                    │    │             └ [{'command_name': 'Editor.edit_file_by_replace', 'args': {'file_name': '/home/aludy/scires/Cloud_Spec_Exp/external/worktrees/...
                    │    └ <function RoleZero._run_commands at 0x7bbba6d260e0>
                    └ Engineer2(private_context=Context(kwargs=AttrDict(), config=Config(extra_fields=None, project_path='/home/aludy/scires/Cloud_...

> File "/home/aludy/scires/Cloud_Spec_Exp/external/baselines/MetaGPT/metagpt/roles/di/role_zero.py", line 401, in _run_commands
    tool_output = tool_obj(**cmd["args"])
                  │          └ {'command_name': 'Editor.edit_file_by_replace', 'args': {'file_name': '/home/aludy/scires/Cloud_Spec_Exp/external/worktrees/o...
                  └ <bound method Editor.edit_file_by_replace of Editor(resource=EditorReporter(block=<BlockType.EDITOR: 'Editor'>, uuid=UUID('1c...

  File "/home/aludy/scires/Cloud_Spec_Exp/external/baselines/MetaGPT/metagpt/tools/libs/editor.py", line 813, in edit_file_by_replace
    raise ValueError(mismatch_error)
                     └ 'Error: The `last_replaced_line_number` does not match the `last_replaced_line_content`. Please correct the parameters.\nThe ...

ValueError: Error: The `last_replaced_line_number` does not match the `last_replaced_line_content`. Please correct the parameters.
The `last_replaced_line_number` is 425 and the corresponding content is "	return (1 + ((cpuShares-2)*9999)/262142)".
But the `last_replaced_line_content ` is "}".
The content around the specified line is:
The 422 line is "	if cpuShares == 0 {"
The 423 line is "		return 0"
The 424 line is "	}"
The 425 line is "	return (1 + ((cpuShares-2)*9999)/262142)"
The 426 line is "}"
The 427 line is ""
The 428 line is "// ConvertMemorySwapToCgroupV2Value converts MemorySwap value from OCI spec"
Pay attention to the new content. Ensure that it aligns with the new parameters.

2026-07-25 15:54:22.898 | INFO     | metagpt.roles.di.role_zero:_act:294 - Commands outputs: 
Command Editor.edit_file_by_replace executed: Traceback (most recent call last):
  File "/home/aludy/scires/Cloud_Spec_Exp/external/baselines/MetaGPT/metagpt/roles/di/role_zero.py", line 401, in _run_commands
    tool_output = tool_obj(**cmd["args"])
  File "/home/aludy/scires/Cloud_Spec_Exp/external/baselines/MetaGPT/metagpt/tools/libs/editor.py", line 813, in edit_file_by_replace
    raise ValueError(mismatch_error)
ValueError: Error: The `last_replaced_line_number` does not match the `last_replaced_line_content`. Please correct the parameters.
The `last_replaced_line_number` is 425 and the corresponding content is "	return (1 + ((cpuShares-2)*9999)/262142)".
But the `last_replaced_line_content ` is "}".
The content around the specified line is:
The 422 line is "	if cpuShares == 0 {"
The 423 line is "		return 0"
The 424 line is "	}"
The 425 line is "	return (1 + ((cpuShares-2)*9999)/262142)"
The 426 line is "}"
The 427 line is ""
The 428 line is "// ConvertMemorySwapToCgroupV2Value converts MemorySwap value from OCI spec"
Pay attention to the new content. Ensure that it aligns with the new parameters.


2026-07-25 15:54:27.502 | INFO     | metagpt.roles.di.role_zero:_act:292 - Commands: 
[{'command_name': 'Editor.edit_file_by_replace', 'args': {'file_name': '/home/aludy/scires/Cloud_Spec_Exp/external/worktrees/oci-metagpt-agentless-mini-rerun/metagpt/runc-4772/vendor/github.com/opencontainers/cgroups/utils.go', 'first_replaced_line_number': 421, 'first_replaced_line_content': 'func ConvertCPUSharesToCgroupV2Value(cpuShares uint64) uint64 {', 'last_replaced_line_number': 426, 'last_replaced_line_content': '}', 'new_content': 'func ConvertCPUSharesToCgroupV2Value(cpuShares uint64) uint64 {\n\tif cpuShares == 0 {\n\t\treturn 0\n\t}\n\tweight := (cpuShares * 100) / 1024\n\tif weight < 1 {\n\t\treturn 1\n\t}\n\tif weight > 10000 {\n\t\treturn 10000\n\t}\n\treturn weight\n}'}}]
2026-07-25 15:54:27.502 | ERROR    | metagpt.roles.di.role_zero:_run_commands:407 - list index out of rangeTraceback (most recent call last):
  File "/home/aludy/scires/Cloud_Spec_Exp/external/baselines/MetaGPT/metagpt/tools/libs/editor.py", line 563, in _edit_file_impl
    original_lint_error, _ = self._lint_file(file_name)
  File "/home/aludy/scires/Cloud_Spec_Exp/external/baselines/MetaGPT/metagpt/tools/libs/editor.py", line 211, in _lint_file
    lint_error = linter.lint(str(file_path))
  File "/home/aludy/scires/Cloud_Spec_Exp/external/baselines/MetaGPT/metagpt/tools/libs/linter.py", line 98, in lint
    linkres = basic_lint(absolute_fname, code)
  File "/home/aludy/scires/Cloud_Spec_Exp/external/baselines/MetaGPT/metagpt/tools/libs/linter.py", line 158, in basic_lint
    parser = get_parser(lang)
  File "tree_sitter_languages/core.pyx", line 19, in tree_sitter_languages.core.get_parser
  File "tree_sitter_languages/core.pyx", line 14, in tree_sitter_languages.core.get_language
TypeError: __init__() takes exactly 1 argument (2 given)

During handling of the above exception, another exception occurred:

Traceback (most recent call last):
  File "/home/aludy/scires/Cloud_Spec_Exp/external/baselines/MetaGPT/metagpt/roles/di/role_zero.py", line 401, in _run_commands
    tool_output = tool_obj(**cmd["args"])
  File "/home/aludy/scires/Cloud_Spec_Exp/external/baselines/MetaGPT/metagpt/tools/libs/editor.py", line 814, in edit_file_by_replace
    ret_str = self._edit_file_impl(
  File "/home/aludy/scires/Cloud_Spec_Exp/external/baselines/MetaGPT/metagpt/tools/libs/editor.py", line 667, in _edit_file_impl
    guidance_message = self._get_indentation_info(content, start or len(lines))
  File "/home/aludy/scires/Cloud_Spec_Exp/external/baselines/MetaGPT/metagpt/tools/libs/editor.py", line 495, in _get_indentation_info
    pre_line = content_lines[first_line - 2] if first_line - 2 >= 0 else ""
IndexError: list index out of range

Traceback (most recent call last):

  File "/home/aludy/scires/Cloud_Spec_Exp/external/baselines/MetaGPT/metagpt/tools/libs/editor.py", line 563, in _edit_file_impl
    original_lint_error, _ = self._lint_file(file_name)
                             │    │          └ PosixPath('/home/aludy/scires/Cloud_Spec_Exp/external/worktrees/oci-metagpt-agentless-mini-rerun/metagpt/runc-4772/vendor/git...
                             │    └ <function Editor._lint_file at 0x7bbbb170c8b0>
                             └ Editor(resource=EditorReporter(block=<BlockType.EDITOR: 'Editor'>, uuid=UUID('1cb1351a-785d-4d10-a546-8e4bce0f51d9'), enable_...

  File "/home/aludy/scires/Cloud_Spec_Exp/external/baselines/MetaGPT/metagpt/tools/libs/editor.py", line 211, in _lint_file
    lint_error = linter.lint(str(file_path))
                 │      │        └ PosixPath('/home/aludy/scires/Cloud_Spec_Exp/external/worktrees/oci-metagpt-agentless-mini-rerun/metagpt/runc-4772/vendor/git...
                 │      └ <function Linter.lint at 0x7bbbb171ff40>
                 └ <metagpt.tools.libs.linter.Linter object at 0x7bbba5699570>

  File "/home/aludy/scires/Cloud_Spec_Exp/external/baselines/MetaGPT/metagpt/tools/libs/linter.py", line 98, in lint
    linkres = basic_lint(absolute_fname, code)
              │          │               └ 'package cgroups\n\nimport (\n\t"bufio"\n\t"errors"\n\t"fmt"\n\t"io"\n\t"os"\n\t"path/filepath"\n\t"strconv"\n\t"strings"\n\t...
              │          └ '/home/aludy/scires/Cloud_Spec_Exp/external/worktrees/oci-metagpt-agentless-mini-rerun/metagpt/runc-4772/vendor/github.com/op...
              └ <function basic_lint at 0x7bbbb170c1f0>

  File "/home/aludy/scires/Cloud_Spec_Exp/external/baselines/MetaGPT/metagpt/tools/libs/linter.py", line 158, in basic_lint
    parser = get_parser(lang)
             │          └ 'go'
             └ <cyfunction get_parser at 0x7bbbb1792cf0>

  File "tree_sitter_languages/core.pyx", line 19, in tree_sitter_languages.core.get_parser
  File "tree_sitter_languages/core.pyx", line 14, in tree_sitter_languages.core.get_language

TypeError: __init__() takes exactly 1 argument (2 given)


During handling of the above exception, another exception occurred:


Traceback (most recent call last):

  File "/home/aludy/scires/Cloud_Spec_Exp/baselines/metagpt/launch.py", line 307, in <module>
    raise SystemExit(main())
                     └ <function main at 0x7bbc68de2ef0>

  File "/home/aludy/scires/Cloud_Spec_Exp/baselines/metagpt/launch.py", line 277, in main
    result = generate_repo(**supported)
             │               └ {'idea': 'Fix OCI runtime bug case runc-4772.\n\nTarget runtime: runc\nTitle: Conversion of cgroup v1 CPU shares to v2 CPU we...
             └ <function generate_repo at 0x7bbbb03edcf0>

  File "/home/aludy/scires/Cloud_Spec_Exp/external/baselines/MetaGPT/metagpt/software_company.py", line 72, in generate_repo
    asyncio.run(company.run(n_round=n_round, idea=idea))
    │       │   │       │           │             └ 'Fix OCI runtime bug case runc-4772.\n\nTarget runtime: runc\nTitle: Conversion of cgroup v1 CPU shares to v2 CPU weight caus...
    │       │   │       │           └ 10
    │       │   │       └ <function serialize_decorator.<locals>.wrapper at 0x7bbba633c1f0>
    │       │   └ Team(env=MGXEnv(), investment=3.0, idea='Fix OCI runtime bug case runc-4772.\n\nTarget runtime: runc\nTitle: Conversion of cg...
    │       └ <function run at 0x7bbc66999750>
    └ <module 'asyncio' from '/home/aludy/miniconda3/envs/metagpt/lib/python3.10/asyncio/__init__.py'>

  File "/home/aludy/miniconda3/envs/metagpt/lib/python3.10/asyncio/runners.py", line 44, in run
    return loop.run_until_complete(main)
           │    │                  └ <coroutine object serialize_decorator.<locals>.wrapper at 0x7bbba6257ca0>
           │    └ <function BaseEventLoop.run_until_complete at 0x7bbc6699b130>
           └ <_UnixSelectorEventLoop running=True closed=False debug=False>
  File "/home/aludy/miniconda3/envs/metagpt/lib/python3.10/asyncio/base_events.py", line 636, in run_until_complete
    self.run_forever()
    │    └ <function BaseEventLoop.run_forever at 0x7bbc6699b0a0>
    └ <_UnixSelectorEventLoop running=True closed=False debug=False>
  File "/home/aludy/miniconda3/envs/metagpt/lib/python3.10/asyncio/base_events.py", line 603, in run_forever
    self._run_once()
    │    └ <function BaseEventLoop._run_once at 0x7bbc6699cc10>
    └ <_UnixSelectorEventLoop running=True closed=False debug=False>
  File "/home/aludy/miniconda3/envs/metagpt/lib/python3.10/asyncio/base_events.py", line 1909, in _run_once
    handle._run()
    │      └ <function Handle._run at 0x7bbc6694c280>
    └ <Handle Task.task_wakeup(<Task finishe...> result=None>)>
  File "/home/aludy/miniconda3/envs/metagpt/lib/python3.10/asyncio/events.py", line 80, in _run
    self._context.run(self._callback, *self._args)
    │    │            │    │           │    └ <member '_args' of 'Handle' objects>
    │    │            │    │           └ <Handle Task.task_wakeup(<Task finishe...> result=None>)>
    │    │            │    └ <member '_callback' of 'Handle' objects>
    │    │            └ <Handle Task.task_wakeup(<Task finishe...> result=None>)>
    │    └ <member '_context' of 'Handle' objects>
    └ <Handle Task.task_wakeup(<Task finishe...> result=None>)>

  File "/home/aludy/scires/Cloud_Spec_Exp/external/baselines/MetaGPT/metagpt/utils/common.py", line 692, in wrapper
    return await func(self, *args, **kwargs)
                 │    │      │       └ {}
                 │    │      └ ()
                 │    └ Engineer2(private_context=Context(kwargs=AttrDict(), config=Config(extra_fields=None, project_path='/home/aludy/scires/Cloud_...
                 └ <function Role.run at 0x7bbba6e165f0>

  File "/home/aludy/scires/Cloud_Spec_Exp/external/baselines/MetaGPT/metagpt/roles/role.py", line 548, in run
    rsp = await self.react()
                │    └ <function Role.react at 0x7bbba6e164d0>
                └ Engineer2(private_context=Context(kwargs=AttrDict(), config=Config(extra_fields=None, project_path='/home/aludy/scires/Cloud_...

  File "/home/aludy/scires/Cloud_Spec_Exp/external/baselines/MetaGPT/metagpt/roles/role.py", line 515, in react
    rsp = await self._react()
                │    └ <function RoleZero._react at 0x7bbba6d25f30>
                └ Engineer2(private_context=Context(kwargs=AttrDict(), config=Config(extra_fields=None, project_path='/home/aludy/scires/Cloud_...

  File "/home/aludy/scires/Cloud_Spec_Exp/external/baselines/MetaGPT/metagpt/roles/di/role_zero.py", line 324, in _react
    rsp = await self._act()
                │    └ <function RoleZero._act at 0x7bbba6d25ea0>
                └ Engineer2(private_context=Context(kwargs=AttrDict(), config=Config(extra_fields=None, project_path='/home/aludy/scires/Cloud_...

  File "/home/aludy/scires/Cloud_Spec_Exp/external/baselines/MetaGPT/metagpt/roles/di/role_zero.py", line 293, in _act
    outputs = await self._run_commands(commands)
                    │    │             └ [{'command_name': 'Editor.edit_file_by_replace', 'args': {'file_name': '/home/aludy/scires/Cloud_Spec_Exp/external/worktrees/...
                    │    └ <function RoleZero._run_commands at 0x7bbba6d260e0>
                    └ Engineer2(private_context=Context(kwargs=AttrDict(), config=Config(extra_fields=None, project_path='/home/aludy/scires/Cloud_...

> File "/home/aludy/scires/Cloud_Spec_Exp/external/baselines/MetaGPT/metagpt/roles/di/role_zero.py", line 401, in _run_commands
    tool_output = tool_obj(**cmd["args"])
                  │          └ {'command_name': 'Editor.edit_file_by_replace', 'args': {'file_name': '/home/aludy/scires/Cloud_Spec_Exp/external/worktrees/o...
                  └ <bound method Editor.edit_file_by_replace of Editor(resource=EditorReporter(block=<BlockType.EDITOR: 'Editor'>, uuid=UUID('1c...

  File "/home/aludy/scires/Cloud_Spec_Exp/external/baselines/MetaGPT/metagpt/tools/libs/editor.py", line 814, in edit_file_by_replace
    ret_str = self._edit_file_impl(
              │    └ <function Editor._edit_file_impl at 0x7bbbb170d120>
              └ Editor(resource=EditorReporter(block=<BlockType.EDITOR: 'Editor'>, uuid=UUID('1cb1351a-785d-4d10-a546-8e4bce0f51d9'), enable_...

  File "/home/aludy/scires/Cloud_Spec_Exp/external/baselines/MetaGPT/metagpt/tools/libs/editor.py", line 667, in _edit_file_impl
    guidance_message = self._get_indentation_info(content, start or len(lines))
                       │    │                     │        └ 421
                       │    │                     └ 'func ConvertCPUSharesToCgroupV2Value(cpuShares uint64) uint64 {\n\tif cpuShares == 0 {\n\t\treturn 0\n\t}\n\tweight := (cpuS...
                       │    └ <function Editor._get_indentation_info at 0x7bbbb170d090>
                       └ Editor(resource=EditorReporter(block=<BlockType.EDITOR: 'Editor'>, uuid=UUID('1cb1351a-785d-4d10-a546-8e4bce0f51d9'), enable_...

  File "/home/aludy/scires/Cloud_Spec_Exp/external/baselines/MetaGPT/metagpt/tools/libs/editor.py", line 495, in _get_indentation_info
    pre_line = content_lines[first_line - 2] if first_line - 2 >= 0 else ""
               │             │                  └ 421
               │             └ 421
               └ ['func ConvertCPUSharesToCgroupV2Value(cpuShares uint64) uint64 {', '\tif cpuShares == 0 {', '\t\treturn 0', '\t}', '\tweight...

IndexError: list index out of range
2026-07-25 15:54:27.581 | INFO     | metagpt.roles.di.role_zero:_act:294 - Commands outputs: 
Command Editor.edit_file_by_replace executed: Traceback (most recent call last):
  File "/home/aludy/scires/Cloud_Spec_Exp/external/baselines/MetaGPT/metagpt/tools/libs/editor.py", line 563, in _edit_file_impl
    original_lint_error, _ = self._lint_file(file_name)
  File "/home/aludy/scires/Cloud_Spec_Exp/external/baselines/MetaGPT/metagpt/tools/libs/editor.py", line 211, in _lint_file
    lint_error = linter.lint(str(file_path))
  File "/home/aludy/scires/Cloud_Spec_Exp/external/baselines/MetaGPT/metagpt/tools/libs/linter.py", line 98, in lint
    linkres = basic_lint(absolute_fname, code)
  File "/home/aludy/scires/Cloud_Spec_Exp/external/baselines/MetaGPT/metagpt/tools/libs/linter.py", line 158, in basic_lint
    parser = get_parser(lang)
  File "tree_sitter_languages/core.pyx", line 19, in tree_sitter_languages.core.get_parser
  File "tree_sitter_languages/core.pyx", line 14, in tree_sitter_languages.core.get_language
TypeError: __init__() takes exactly 1 argument (2 given)

During handling of the above exception, another exception occurred:

Traceback (most recent call last):
  File "/home/aludy/scires/Cloud_Spec_Exp/external/baselines/MetaGPT/metagpt/roles/di/role_zero.py", line 401, in _run_commands
    tool_output = tool_obj(**cmd["args"])
  File "/home/aludy/scires/Cloud_Spec_Exp/external/baselines/MetaGPT/metagpt/tools/libs/editor.py", line 814, in edit_file_by_replace
    ret_str = self._edit_file_impl(
  File "/home/aludy/scires/Cloud_Spec_Exp/external/baselines/MetaGPT/metagpt/tools/libs/editor.py", line 667, in _edit_file_impl
    guidance_message = self._get_indentation_info(content, start or len(lines))
  File "/home/aludy/scires/Cloud_Spec_Exp/external/baselines/MetaGPT/metagpt/tools/libs/editor.py", line 495, in _get_indentation_info
    pre_line = content_lines[first_line - 2] if first_line - 2 >= 0 else ""
IndexError: list index out of range

2026-07-25 15:54:29.718 | INFO     | metagpt.roles.di.role_zero:_act:292 - Commands: 
[{'command_name': 'Terminal.run_command', 'args': {'cmd': "cd /home/aludy/scires/Cloud_Spec_Exp/external/worktrees/oci-metagpt-agentless-mini-rerun/metagpt/runc-4772 && sed -n '421,426p' vendor/github.com/opencontainers/cgroups/utils.go"}}]
2026-07-25 15:54:29.721 | INFO     | metagpt.roles.di.role_zero:_act:294 - Commands outputs: 
Command Terminal.run_command executed:
[command]: cd /home/aludy/scires/Cloud_Spec_Exp/external/worktrees/oci-metagpt-agentless-mini-rerun/metagpt/runc-4772 && sed -n '421,426p' vendor/github.com/opencontainers/cgroups/utils.go 
[command output] : func ConvertCPUSharesToCgroupV2Value(cpuShares uint64) uint64 {
	if cpuShares == 0 {
		return 0
	}
	return (1 + ((cpuShares-2)*9999)/262142)
}

2026-07-25 15:54:34.171 | INFO     | metagpt.roles.di.role_zero:_act:292 - Commands: 
[{'command_name': 'Terminal.run_command', 'args': {'cmd': "cd /home/aludy/scires/Cloud_Spec_Exp/external/worktrees/oci-metagpt-agentless-mini-rerun/metagpt/runc-4772 && sed -i '421,426c\\func ConvertCPUSharesToCgroupV2Value(cpuShares uint64) uint64 {\\n\\tif cpuShares == 0 {\\n\\t\\treturn 0\\n\\t}\\n\\tweight := (cpuShares * 100) / 1024\\n\\tif weight < 1 {\\n\\t\\treturn 1\\n\\t}\\n\\tif weight > 10000 {\\n\\t\\treturn 10000\\n\\t}\\n\\treturn weight\\n}' vendor/github.com/opencontainers/cgroups/utils.go && echo '--- After edit ---' && sed -n '415,440p' vendor/github.com/opencontainers/cgroups/utils.go"}}]
2026-07-25 15:54:34.176 | INFO     | metagpt.roles.di.role_zero:_act:294 - Commands outputs: 
Command Terminal.run_command executed:
[command]: cd /home/aludy/scires/Cloud_Spec_Exp/external/worktrees/oci-metagpt-agentless-mini-rerun/metagpt/runc-4772 && sed -i '421,426c\func ConvertCPUSharesToCgroupV2Value(cpuShares uint64) uint64 {\n\tif cpuShares == 0 {\n\t\treturn 0\n\t}\n\tweight := (cpuShares * 100) / 1024\n\tif weight < 1 {\n\t\treturn 1\n\t}\n\tif weight > 10000 {\n\t\treturn 10000\n\t}\n\treturn weight\n}' vendor/github.com/opencontainers/cgroups/utils.go && echo '--- After edit ---' && sed -n '415,440p' vendor/github.com/opencontainers/cgroups/utils.go 
[command output] : --- After edit ---

// Since the OCI spec is designed for cgroup v1, in some cases
// there is need to convert from the cgroup v1 configuration to cgroup v2
// the formula for cpuShares is y = (1 + ((x - 2) * 9999) / 262142)
// convert from [2-262144] to [1-10000]
// 262144 comes from Linux kernel definition "#define MAX_SHARES (1UL << 18)"
func ConvertCPUSharesToCgroupV2Value(cpuShares uint64) uint64 {
	if cpuShares == 0 {
		return 0
	}
	weight := (cpuShares * 100) / 1024
	if weight < 1 {
		return 1
	}
	if weight > 10000 {
		return 10000
	}
	return weight
}

// ConvertMemorySwapToCgroupV2Value converts MemorySwap value from OCI spec
// for use by cgroup v2 drivers. A conversion is needed since Resources.MemorySwap
// is defined as memory+swap combined, while in cgroup v2 swap is a separate value,
// so we need to subtract memory from it where it makes sense.
func ConvertMemorySwapToCgroupV2Value(memorySwap, memory int64) (int64, error) {
	switch {

2026-07-25 15:54:36.618 | INFO     | metagpt.roles.di.role_zero:_act:292 - Commands: 
[{'command_name': "sed -i '418c\\// the formula for cpuShares is (cpuShares * 100) / 1024' vendor/github.com/opencontainers/cgroups/utils.go", 'args': {}}, {'command_name': 'Terminal.run_command', 'args': {'cmd': 'cd /home/aludy/scires/Cloud_Spec_Exp/external/worktrees/oci-metagpt-agentless-mini-rerun/metagpt/runc-4772 && make runc'}}]
2026-07-25 15:54:36.618 | INFO     | metagpt.roles.di.role_zero:_act:294 - Commands outputs: 
Command sed -i '418c\// the formula for cpuShares is (cpuShares * 100) / 1024' vendor/github.com/opencontainers/cgroups/utils.go not found.
2026-07-25 15:54:38.712 | INFO     | metagpt.roles.di.role_zero:_act:292 - Commands: 
[{'command_name': 'Terminal.run_command', 'args': {'cmd': "cd /home/aludy/scires/Cloud_Spec_Exp/external/worktrees/oci-metagpt-agentless-mini-rerun/metagpt/runc-4772 && sed -i '418c\\/\\/ the formula for cpuShares is (cpuShares * 100) / 1024' vendor/github.com/opencontainers/cgroups/utils.go && sed -n '416,419p' vendor/github.com/opencontainers/cgroups/utils.go"}}]
2026-07-25 15:54:38.716 | INFO     | metagpt.roles.di.role_zero:_act:294 - Commands outputs: 
Command Terminal.run_command executed:
[command]: cd /home/aludy/scires/Cloud_Spec_Exp/external/worktrees/oci-metagpt-agentless-mini-rerun/metagpt/runc-4772 && sed -i '418c\/\/ the formula for cpuShares is (cpuShares * 100) / 1024' vendor/github.com/opencontainers/cgroups/utils.go && sed -n '416,419p' vendor/github.com/opencontainers/cgroups/utils.go 
[command output] : // Since the OCI spec is designed for cgroup v1, in some cases
// there is need to convert from the cgroup v1 configuration to cgroup v2
// the formula for cpuShares is (cpuShares * 100) / 1024
// convert from [2-262144] to [1-10000]

2026-07-25 15:54:49.239 | INFO     | metagpt.roles.di.role_zero:_act:292 - Commands: 
[{'command_name': 'Plan.append_task', 'args': {'task_id': '1', 'dependent_task_ids': [], 'instruction': 'Fix ConvertCPUSharesToCgroupV2Value to correctly map cpu.shares=1024 to cpu.weight=100 (change formula from (1+((shares-2)*9999)/262142) to (shares*100)/1024). Already completed using sed.', 'assignee': 'Alex'}}, {'command_name': 'Plan.append_task', 'args': {'task_id': '2', 'dependent_task_ids': ['1'], 'instruction': "Build runc with 'make runc' command.", 'assignee': 'Alex'}}, {'command_name': 'Plan.append_task', 'args': {'task_id': '3', 'dependent_task_ids': ['2'], 'instruction': 'Run the reproduction test: cd /home/aludy/scires/Cloud_Spec_Exp/external/oci-differential-dataset/cases/runc-4772 && CONFIG=buggy_config.json RUNTIME=/home/aludy/scires/Cloud_Spec_Exp/external/worktrees/oci-metagpt-agentless-mini-rerun/metagpt/runc-4772/runc bash repro.sh', 'assignee': 'Alex'}}, {'command_name': 'Plan.append_task', 'args': {'task_id': '4', 'dependent_task_ids': ['3'], 'instruction': 'Collect git diff from the writable repository.', 'assignee': 'Alex'}}, {'command_name': 'Plan.finish_current_task', 'args': {}}]
2026-07-25 15:54:49.240 | INFO     | metagpt.roles.di.role_zero:_act:294 - Commands outputs: 
Command Plan.append_task executed

Command Plan.append_task executed

Command Plan.append_task executed

Command Plan.append_task executed

Command Plan.finish_current_task executed:Current task is finished. If you no longer need to take action, use the command ‘end’ to stop.
2026-07-25 15:54:50.935 | INFO     | metagpt.roles.di.role_zero:_act:292 - Commands: 
[{'command_name': 'Terminal.run_command', 'args': {'cmd': 'cd /home/aludy/scires/Cloud_Spec_Exp/external/worktrees/oci-metagpt-agentless-mini-rerun/metagpt/runc-4772 && make runc'}}]
Timeout (0:05:00)!
Thread 0x00007bbba56726c0 (most recent call first):
  File "/home/aludy/miniconda3/envs/metagpt/lib/python3.10/asyncio/unix_events.py", line 1392 in _do_waitpid
  File "/home/aludy/miniconda3/envs/metagpt/lib/python3.10/threading.py", line 953 in run
  File "/home/aludy/miniconda3/envs/metagpt/lib/python3.10/threading.py", line 1016 in _bootstrap_inner
  File "/home/aludy/miniconda3/envs/metagpt/lib/python3.10/threading.py", line 973 in _bootstrap

Thread 0x00007bbba5f736c0 (most recent call first):
  File "/home/aludy/miniconda3/envs/metagpt/lib/python3.10/concurrent/futures/thread.py", line 81 in _worker
  File "/home/aludy/miniconda3/envs/metagpt/lib/python3.10/threading.py", line 953 in run
  File "/home/aludy/miniconda3/envs/metagpt/lib/python3.10/threading.py", line 1016 in _bootstrap_inner
  File "/home/aludy/miniconda3/envs/metagpt/lib/python3.10/threading.py", line 973 in _bootstrap

Thread 0x00007bbc69583740 (most recent call first):
  File "/home/aludy/miniconda3/envs/metagpt/lib/python3.10/selectors.py", line 469 in select
  File "/home/aludy/miniconda3/envs/metagpt/lib/python3.10/asyncio/base_events.py", line 1871 in _run_once
  File "/home/aludy/miniconda3/envs/metagpt/lib/python3.10/asyncio/base_events.py", line 603 in run_forever
  File "/home/aludy/miniconda3/envs/metagpt/lib/python3.10/asyncio/base_events.py", line 636 in run_until_complete
  File "/home/aludy/miniconda3/envs/metagpt/lib/python3.10/asyncio/runners.py", line 44 in run
  File "/home/aludy/scires/Cloud_Spec_Exp/external/baselines/MetaGPT/metagpt/software_company.py", line 72 in generate_repo
  File "/home/aludy/scires/Cloud_Spec_Exp/baselines/metagpt/launch.py", line 277 in main
  File "/home/aludy/scires/Cloud_Spec_Exp/baselines/metagpt/launch.py", line 307 in <module>
2026-07-25 15:59:19.446 | INFO     | metagpt.roles.di.role_zero:_act:294 - Commands outputs: 
Command Terminal.run_command executed:
[command]: cd /home/aludy/scires/Cloud_Spec_Exp/external/worktrees/oci-metagpt-agentless-mini-rerun/metagpt/runc-4772 && make runc 
[command output] : go: downloading go1.23.0 (linux/amd64)
go build -trimpath "-buildmode=pie"  -tags "seccomp urfave_cli_no_docs" -ldflags "-X main.gitCommit=v1.3.1-3-ge34f6438-dirty  " -o runc .

2026-07-25 15:59:21.372 | INFO     | metagpt.roles.di.role_zero:_act:292 - Commands: 
[{'command_name': 'Plan.finish_current_task', 'args': {}}]
2026-07-25 15:59:21.373 | INFO     | metagpt.roles.di.role_zero:_act:294 - Commands outputs: 
Command Plan.finish_current_task executed:Current task is finished. If you no longer need to take action, use the command ‘end’ to stop.
2026-07-25 15:59:23.304 | INFO     | metagpt.roles.di.role_zero:_act:292 - Commands: 
[{'command_name': 'Terminal.run_command', 'args': {'cmd': 'cd /home/aludy/scires/Cloud_Spec_Exp/external/oci-differential-dataset/cases/runc-4772 && CONFIG=buggy_config.json RUNTIME=/home/aludy/scires/Cloud_Spec_Exp/external/worktrees/oci-metagpt-agentless-mini-rerun/metagpt/runc-4772/runc bash repro.sh'}}]
2026-07-25 15:59:23.491 | INFO     | metagpt.roles.di.role_zero:_act:294 - Commands outputs: 
Command Terminal.run_command executed:
[command]: cd /home/aludy/scires/Cloud_Spec_Exp/external/oci-differential-dataset/cases/runc-4772 && CONFIG=buggy_config.json RUNTIME=/home/aludy/scires/Cloud_Spec_Exp/external/worktrees/oci-metagpt-agentless-mini-rerun/metagpt/runc-4772/runc bash repro.sh 
[command output] : time="2026-07-25T15:59:23+08:00" level=error msg="runc run failed: rootless container requires user namespaces"

2026-07-25 15:59:25.726 | INFO     | metagpt.roles.di.role_zero:_act:292 - Commands: 
[{'command_name': 'Editor.open_file', 'args': {'path': '/home/aludy/scires/Cloud_Spec_Exp/external/oci-differential-dataset/cases/runc-4772/repro.sh', 'context_lines': 50}}]
2026-07-25 15:59:25.727 | INFO     | metagpt.roles.di.role_zero:_act:294 - Commands outputs: 
Command Editor.open_file executed: [File: /home/aludy/scires/Cloud_Spec_Exp/external/oci-differential-dataset/cases/runc-4772/repro.sh (23 lines total)]
(this is the beginning of the file)
001|#!/bin/bash
002|set -euo pipefail
003|
004|case_dir="$(cd "$(dirname "${BASH_SOURCE[0]}")" && pwd)"
005|issue_id="runc-4772"
006|runtime="${RUNTIME:-runc}"
007|config="${CONFIG:-$case_dir/buggy_config.json}"
008|rootfs_tar="${ROOTFS_TAR:-$case_dir/../../alpine-base.tar.gz}"
009|bundle="$(mktemp -d "${TMPDIR:-/tmp}/${issue_id}.XXXXXX")"
010|container_id="${CONTAINER_ID:-${issue_id}-$$}"
011|
012|cleanup() {
013|    "$runtime" delete -f "$container_id" >/dev/null 2>&1 || true
014|    rm -rf "$bundle"
015|}
016|trap cleanup EXIT
017|
018|mkdir -p "$bundle/rootfs"
019|tar -xzf "$rootfs_tar" -C "$bundle/rootfs"
020|cp "$config" "$bundle/config.json"
021|
022|cd "$bundle"
023|"$runtime" run "$container_id"
(this is the end of the file)
2026-07-25 15:59:28.460 | INFO     | metagpt.roles.di.role_zero:_act:292 - Commands: 
[{'command_name': 'Terminal.run_command', 'args': {'cmd': 'cd /home/aludy/scires/Cloud_Spec_Exp/external/oci-differential-dataset/cases/runc-4772 && CONFIG=buggy_config.json RUNTIME=/home/aludy/scires/Cloud_Spec_Exp/external/worktrees/oci-metagpt-agentless-mini-rerun/metagpt/runc-4772/runc sudo bash repro.sh'}}]
