Starting MetaGPT incremental repair mode.
2026-07-25 16:13:01.541 | INFO     | metagpt.const:get_metagpt_root:25 - PROJECT_ROOT set from environment variable to /home/aludy/scires/Cloud_Spec_Exp/external/baselines/MetaGPT
2026-07-25 16:13:01.541 | INFO     | metagpt.const:get_metagpt_package_root:15 - Package root set to /home/aludy/scires/Cloud_Spec_Exp/external/baselines/MetaGPT
/home/aludy/miniconda3/envs/metagpt/lib/python3.10/site-packages/pydantic/main.py:214: UserWarning: A custom validator is returning a value other than `self`.
Returning anything other than `self` from a top level model validator isn't supported when validating via `__init__`.
See the `model_validator` docs (https://docs.pydantic.dev/latest/concepts/validators/#model-validators) for more details.
  warnings.warn(
2026-07-25 16:13:04.707 | INFO     | metagpt.team:invest:96 - Investment: $3.0.
2026-07-25 16:13:31.339 | INFO     | metagpt.roles.di.role_zero:_act:292 - Commands: 
[{'command_name': 'Plan.append_task', 'args': {'task_id': '1', 'dependent_task_ids': [], 'instruction': "Fix OCI runtime bug youki-2994 in the repository at /home/aludy/scires/Cloud_Spec_Exp/external/worktrees/oci-metagpt-agentless-mini-rerun/metagpt/youki-2994. The bug is that youki does not conform with OCI runtime spec: the createRuntime hook should run after the container is set to created state. The fix is based on upstream PR #3181 (commit 38822f90da250e9e00ddb807e9fbdd78ba21156e). The buggy parent is c2ab4de08c033ba6dae867fb3cc5bd393572fb3d. Steps: 1. Run required first command: cd /home/aludy/scires/Cloud_Spec_Exp/external/worktrees/oci-metagpt-agentless-mini-rerun/metagpt/youki-2994 && git rev-parse HEAD && git status --short. 2. Inspect the source code to understand the lifecycle state handling, especially where the createRuntime hook is invoked. 3. Modify the source code to ensure the createRuntime hook is called after the container state is set to 'created' (as done in the fix commit). 4. Build with 'cargo build --release'. The candidate runtime will be at target/release/youki. 5. Test using the reproduction bundle at /home/aludy/scires/Cloud_Spec_Exp/external/oci-differential-dataset/cases/youki-2994. Run 'bash repro.sh' with the built runtime (e.g., RUNTIME=/path/to/youki/target/release/youki bash repro.sh) and compare behavior with a reference runtime. Ensure the fix resolves the differential behavior. 6. Collect the git diff of your changes using 'git diff'. Do not edit any files outside the writable target repository. Use absolute paths when calling editor tools.", 'assignee': 'Alex'}}, {'command_name': 'TeamLeader.publish_message', 'args': {'content': "Please fix OCI runtime bug youki-2994 in the repository at /home/aludy/scires/Cloud_Spec_Exp/external/worktrees/oci-metagpt-agentless-mini-rerun/metagpt/youki-2994. The bug is that youki does not conform with OCI runtime spec: the createRuntime hook should run after the container is set to created state. The fix is based on upstream PR #3181 (commit 38822f90da250e9e00ddb807e9fbdd78ba21156e). The buggy parent is c2ab4de08c033ba6dae867fb3cc5bd393572fb3d. Steps: 1. Run required first command: cd /home/aludy/scires/Cloud_Spec_Exp/external/worktrees/oci-metagpt-agentless-mini-rerun/metagpt/youki-2994 && git rev-parse HEAD && git status --short. 2. Inspect the source code to understand the lifecycle state handling, especially where the createRuntime hook is invoked. 3. Modify the source code to ensure the createRuntime hook is called after the container state is set to 'created' (as done in the fix commit). 4. Build with 'cargo build --release'. The candidate runtime will be at target/release/youki. 5. Test using the reproduction bundle at /home/aludy/scires/Cloud_Spec_Exp/external/oci-differential-dataset/cases/youki-2994. Run 'bash repro.sh' with the built runtime (e.g., RUNTIME=/path/to/youki/target/release/youki bash repro.sh) and compare behavior with a reference runtime. Ensure the fix resolves the differential behavior. 6. Collect the git diff of your changes using 'git diff'. Do not edit any files outside the writable target repository. Use absolute paths when calling editor tools.", 'send_to': 'Alex'}}, {'command_name': 'RoleZero.reply_to_human', 'args': {'content': 'I have assigned the task to Alex, our Engineer, to fix the OCI runtime bug youki-2994 in the writable repository. Alex will inspect the code, apply the known fix from PR #3181 (moving the createRuntime hook execution after container state is set to created), build with cargo, and test using the reproduction bundle. I will keep you updated on progress.'}}, {'command_name': 'end'}]
2026-07-25 16:13:31.340 | INFO     | metagpt.roles.di.role_zero:_act:294 - Commands outputs: 
Command Plan.append_task executed

Command TeamLeader.publish_message executed

Command RoleZero.reply_to_human executed: SUCCESS, human has received your reply. Refrain from resending duplicate messages.  If you no longer need to take action, use the command ‘end’ to stop.

Command end executed:
2026-07-25 16:13:31.343 | INFO     | metagpt.tools.libs.terminal:_check_state:65 - The terminal is at:
2026-07-25 16:13:33.750 | INFO     | metagpt.roles.di.role_zero:_act:292 - Commands: 
[{'command_name': 'Terminal.run_command', 'args': {'cmd': 'cd /home/aludy/scires/Cloud_Spec_Exp/external/worktrees/oci-metagpt-agentless-mini-rerun/metagpt/youki-2994 && git rev-parse HEAD && git status --short'}}]
2026-07-25 16:13:33.789 | INFO     | metagpt.roles.di.role_zero:_act:294 - Commands outputs: 
Command Terminal.run_command executed:
[command]: cd /home/aludy/scires/Cloud_Spec_Exp/external/worktrees/oci-metagpt-agentless-mini-rerun/metagpt/youki-2994 && git rev-parse HEAD && git status --short 
[command output] : c2ab4de08c033ba6dae867fb3cc5bd393572fb3d

2026-07-25 16:13:38.481 | INFO     | metagpt.roles.di.role_zero:_act:292 - Commands: 
[{'command_name': 'Terminal.run_command', 'args': {'cmd': 'cd /home/aludy/scires/Cloud_Spec_Exp/external/worktrees/oci-metagpt-agentless-mini-rerun/metagpt/youki-2994 && grep -r "createRuntime" --include="*.rs" -l'}}]
2026-07-25 16:13:38.487 | INFO     | metagpt.roles.di.role_zero:_act:294 - Commands outputs: 
Command Terminal.run_command executed:
[command]: cd /home/aludy/scires/Cloud_Spec_Exp/external/worktrees/oci-metagpt-agentless-mini-rerun/metagpt/youki-2994 && grep -r "createRuntime" --include="*.rs" -l 
[command output] : crates/youki/src/commands/features.rs

2026-07-25 16:13:41.591 | INFO     | metagpt.roles.di.role_zero:_act:292 - Commands: 
[{'command_name': 'Terminal.run_command', 'args': {'cmd': 'cd /home/aludy/scires/Cloud_Spec_Exp/external/worktrees/oci-metagpt-agentless-mini-rerun/metagpt/youki-2994 && grep -r "created" --include="*.rs" -l | head -20'}}, {'command_name': 'Terminal.run_command', 'args': {'cmd': 'cd /home/aludy/scires/Cloud_Spec_Exp/external/worktrees/oci-metagpt-agentless-mini-rerun/metagpt/youki-2994 && grep -rn "create_runtime" --include="*.rs"'}}, {'command_name': 'Terminal.run_command', 'args': {'cmd': 'cd /home/aludy/scires/Cloud_Spec_Exp/external/worktrees/oci-metagpt-agentless-mini-rerun/metagpt/youki-2994 && grep -rn "Lifecycle" --include="*.rs" | head -20'}}]
2026-07-25 16:13:41.644 | INFO     | metagpt.roles.di.role_zero:_act:294 - Commands outputs: 
Command Terminal.run_command executed:
[command]: cd /home/aludy/scires/Cloud_Spec_Exp/external/worktrees/oci-metagpt-agentless-mini-rerun/metagpt/youki-2994 && grep -r "created" --include="*.rs" -l | head -20 
[command output] : crates/libcontainer/src/notify_socket.rs
crates/libcontainer/src/user_ns.rs
crates/libcontainer/src/process/container_intermediate_process.rs
crates/libcontainer/src/process/args.rs
crates/libcontainer/src/process/intel_rdt.rs
crates/libcontainer/src/seccomp/mod.rs
crates/libcontainer/src/workload/mod.rs
crates/libcontainer/src/utils.rs
crates/libcontainer/src/container/container_delete.rs
crates/libcontainer/src/container/state.rs
crates/libcontainer/src/container/mod.rs
crates/libcontainer/src/container/container_start.rs
crates/libcontainer/src/container/container.rs
crates/libcontainer/src/container/builder_impl.rs
crates/libcgroups/src/systemd/manager.rs
crates/liboci-cli/src/start.rs
crates/liboci-cli/src/create.rs
crates/liboci-cli/src/run.rs
crates/liboci-cli/src/list.rs
crates/youki/src/commands/features.rs


Command Terminal.run_command executed:
[command]: cd /home/aludy/scires/Cloud_Spec_Exp/external/worktrees/oci-metagpt-agentless-mini-rerun/metagpt/youki-2994 && grep -rn "create_runtime" --include="*.rs" 
[command output] : crates/libcontainer/src/container/builder_impl.rs:103:                    hooks.create_runtime().as_ref(),


Command Terminal.run_command executed:
[command]: cd /home/aludy/scires/Cloud_Spec_Exp/external/worktrees/oci-metagpt-agentless-mini-rerun/metagpt/youki-2994 && grep -rn "Lifecycle" --include="*.rs" | head -20 
[command output] : tests/contest/contest/src/tests/delete/delete_test.rs:6:use crate::tests::lifecycle::ContainerLifecycle;
tests/contest/contest/src/tests/delete/delete_test.rs:13:    let container = ContainerLifecycle::new();
tests/contest/contest/src/tests/delete/delete_test.rs:26:    let container = ContainerLifecycle::new();
tests/contest/contest/src/tests/delete/delete_test.rs:53:    let container = ContainerLifecycle::new();
tests/contest/contest/src/tests/delete/delete_test.rs:108:    let container = ContainerLifecycle::new();
tests/contest/contest/src/tests/lifecycle/container_lifecycle.rs:16:pub struct ContainerLifecycle {
tests/contest/contest/src/tests/lifecycle/container_lifecycle.rs:21:impl Default for ContainerLifecycle {
tests/contest/contest/src/tests/lifecycle/container_lifecycle.rs:27:impl ContainerLifecycle {
tests/contest/contest/src/tests/lifecycle/container_lifecycle.rs:31:        ContainerLifecycle {
tests/contest/contest/src/tests/lifecycle/container_lifecycle.rs:121:impl TestableGroup for ContainerLifecycle {
tests/contest/contest/src/tests/lifecycle/mod.rs:12:pub use container_lifecycle::ContainerLifecycle;
tests/contest/contest/src/tests/kill/kill_test.rs:7:use crate::tests::lifecycle::ContainerLifecycle;
tests/contest/contest/src/tests/kill/kill_test.rs:23:fn failed_and_delete(text: String, container: ContainerLifecycle) -> TestResult {
tests/contest/contest/src/tests/kill/kill_test.rs:49:    let mut container = ContainerLifecycle::new();
tests/contest/contest/src/tests/kill/kill_test.rs:66:    let container = ContainerLifecycle::new();
tests/contest/contest/src/tests/kill/kill_test.rs:82:    let container = ContainerLifecycle::new();
tests/contest/contest/src/tests/kill/kill_test.rs:96:    let container = ContainerLifecycle::new();
tests/contest/contest/src/tests/kill/kill_test.rs:120:    let container = ContainerLifecycle::new();
tests/contest/contest/src/main.rs:22:use crate::tests::lifecycle::{ContainerCreate, ContainerLifecycle};
tests/contest/contest/src/main.rs:107:    let cl = ContainerLifecycle::new();

2026-07-25 16:13:44.743 | INFO     | metagpt.roles.di.role_zero:_act:292 - Commands: 
[{'command_name': 'Editor.open_file', 'args': {'path': '/home/aludy/scires/Cloud_Spec_Exp/external/worktrees/oci-metagpt-agentless-mini-rerun/metagpt/youki-2994/crates/libcontainer/src/container/builder_impl.rs', 'context_lines': 200}}]
2026-07-25 16:13:44.743 | INFO     | metagpt.roles.di.role_zero:_act:294 - Commands outputs: 
Command Editor.open_file executed: [File: /home/aludy/scires/Cloud_Spec_Exp/external/worktrees/oci-metagpt-agentless-mini-rerun/metagpt/youki-2994/crates/libcontainer/src/container/builder_impl.rs (251 lines total)]
(this is the beginning of the file)
001|use std::fs;
002|use std::io::Write;
003|use std::os::fd::{AsRawFd, OwnedFd};
004|use std::path::PathBuf;
005|use std::rc::Rc;
006|
007|use libcgroups::common::CgroupManager;
008|use nix::unistd::Pid;
009|use oci_spec::runtime::Spec;
010|
011|use super::{Container, ContainerStatus};
012|use crate::error::{CreateContainerError, LibcontainerError, MissingSpecError};
013|use crate::notify_socket::NotifyListener;
014|use crate::process::args::{ContainerArgs, ContainerType};
015|use crate::process::intel_rdt::delete_resctrl_subdirectory;
016|use crate::process::{self};
017|use crate::syscall::syscall::SyscallType;
018|use crate::user_ns::UserNamespaceConfig;
019|use crate::workload::Executor;
020|use crate::{hooks, utils};
021|
022|pub(super) struct ContainerBuilderImpl {
023|    /// Flag indicating if an init or a tenant container should be created
024|    pub container_type: ContainerType,
025|    /// Interface to operating system primitives
026|    pub syscall: SyscallType,
027|    /// Flag indicating if systemd should be used for cgroup management
028|    pub use_systemd: bool,
029|    /// Id of the container
030|    pub container_id: String,
031|    /// OCI compliant runtime spec
032|    pub spec: Rc<Spec>,
033|    /// Root filesystem of the container
034|    pub rootfs: PathBuf,
035|    /// File which will be used to communicate the pid of the
036|    /// container process to the higher level runtime
037|    pub pid_file: Option<PathBuf>,
038|    /// Socket to communicate the file descriptor of the ptty
039|    pub console_socket: Option<OwnedFd>,
040|    /// Options for new user namespace
041|    pub user_ns_config: Option<UserNamespaceConfig>,
042|    /// Path to the Unix Domain Socket to communicate container start
043|    pub notify_path: PathBuf,
044|    /// Container state
045|    pub container: Option<Container>,
046|    /// File descriptos preserved/passed to the container init process.
047|    pub preserve_fds: i32,
048|    /// If the container is to be run in detached mode
049|    pub detached: bool,
050|    /// Default executes the specified execution of a generic command
051|    pub executor: Box<dyn Executor>,
052|    /// If do not use pivot root to jail process inside rootfs
053|    pub no_pivot: bool,
054|    // RawFd set to stdin of the container init process.
055|    pub stdin: Option<OwnedFd>,
056|    // RawFd set to stdout of the container init process.
057|    pub stdout: Option<OwnedFd>,
058|    // RawFd set to stderr of the container init process.
059|    pub stderr: Option<OwnedFd>,
060|    // Indicate if the init process should be a sibling of the main process.
061|    pub as_sibling: bool,
062|}
063|
064|impl ContainerBuilderImpl {
065|    pub(super) fn create(&mut self) -> Result<Pid, LibcontainerError> {
066|        match self.run_container() {
067|            Ok(pid) => Ok(pid),
068|            Err(outer) => {
069|                // Only the init container should be cleaned up in the case of
070|                // an error.
071|                let cleanup_err = if self.is_init_container() {
072|                    self.cleanup_container().err()
073|                } else {
074|                    None
075|                };
076|
077|                Err(CreateContainerError::new(outer, cleanup_err).into())
078|            }
079|        }
080|    }
081|
082|    fn is_init_container(&self) -> bool {
083|        matches!(self.container_type, ContainerType::InitContainer)
084|    }
085|
086|    fn run_container(&mut self) -> Result<Pid, LibcontainerError> {
087|        let linux = self.spec.linux().as_ref().ok_or(MissingSpecError::Linux)?;
088|        let cgroups_path = utils::get_cgroup_path(linux.cgroups_path(), &self.container_id);
089|        let cgroup_config = libcgroups::common::CgroupConfig {
090|            cgroup_path: cgroups_path,
091|            systemd_cgroup: self.use_systemd || self.user_ns_config.is_some(),
092|            container_name: self.container_id.to_owned(),
093|        };
094|        let process = self
095|            .spec
096|            .process()
097|            .as_ref()
098|            .ok_or(MissingSpecError::Process)?;
099|
100|        if matches!(self.container_type, ContainerType::InitContainer) {
101|            if let Some(hooks) = self.spec.hooks() {
102|                hooks::run_hooks(
103|                    hooks.create_runtime().as_ref(),
104|                    self.container.as_ref(),
105|                    None,
106|                )?
107|            }
108|        }
109|
110|        // Need to create the notify socket before we pivot root, since the unix
111|        // domain socket used here is outside of the rootfs of container. During
112|        // exec, need to create the socket before we enter into existing mount
113|        // namespace. We also need to create to socket before entering into the
114|        // user namespace in the case that the path is located in paths only
115|        // root can access.
116|        let notify_listener = NotifyListener::new(&self.notify_path)?;
117|
118|        // If Out-of-memory score adjustment is set in specification.  set the score
119|        // value for the current process check
120|        // https://dev.to/rrampage/surviving-the-linux-oom-killer-2ki9 for some more
121|        // information.
122|        //
123|        // This has to be done before !dumpable because /proc/self/oom_score_adj
124|        // is not writeable unless you're an privileged user (if !dumpable is
125|        // set). All children inherit their parent's oom_score_adj value on
126|        // fork(2) so this will always be propagated properly.
127|        if let Some(oom_score_adj) = process.oom_score_adj() {
128|            tracing::debug!("Set OOM score to {}", oom_score_adj);
129|            let mut f = fs::File::create("/proc/self/oom_score_adj").map_err(|err| {
130|                tracing::error!("failed to open /proc/self/oom_score_adj: {}", err);
131|                LibcontainerError::OtherIO(err)
132|            })?;
133|            f.write_all(oom_score_adj.to_string().as_bytes())
134|                .map_err(|err| {
135|                    tracing::error!("failed to write to /proc/self/oom_score_adj: {}", err);
136|                    LibcontainerError::OtherIO(err)
137|                })?;
138|        }
139|
140|        // Make the process non-dumpable, to avoid various race conditions that
141|        // could cause processes in namespaces we're joining to access host
142|        // resources (or potentially execute code).
143|        //
144|        // However, if the number of namespaces we are joining is 0, we are not
145|        // going to be switching to a different security context. Thus setting
146|        // ourselves to be non-dumpable only breaks things (like rootless
147|        // containers), which is the recommendation from the kernel folks.
148|        if linux.namespaces().is_some() {
149|            prctl::set_dumpable(false).map_err(|e| {
150|                LibcontainerError::Other(format!(
151|                    "error in setting dumpable to false : {}",
152|                    nix::errno::Errno::from_raw(e)
153|                ))
154|            })?;
155|        }
156|
157|        // This container_args will be passed to the container processes,
158|        // therefore we will have to move all the variable by value. Since self
159|        // is a shared reference, we have to clone these variables here.
160|        let container_args = ContainerArgs {
161|            container_type: self.container_type,
162|            syscall: self.syscall,
163|            spec: Rc::clone(&self.spec),
164|            rootfs: self.rootfs.to_owned(),
165|            console_socket: self.console_socket.as_ref().map(|c| c.as_raw_fd()),
166|            notify_listener,
167|            preserve_fds: self.preserve_fds,
168|            container: self.container.to_owned(),
169|            user_ns_config: self.user_ns_config.to_owned(),
170|            cgroup_config,
171|            detached: self.detached,
172|            executor: self.executor.clone(),
173|            no_pivot: self.no_pivot,
174|            stdin: self.stdin.as_ref().map(|x| x.as_raw_fd()),
175|            stdout: self.stdout.as_ref().map(|x| x.as_raw_fd()),
176|            stderr: self.stderr.as_ref().map(|x| x.as_raw_fd()),
177|            as_sibling: self.as_sibling,
178|        };
179|
180|        let (init_pid, need_to_clean_up_intel_rdt_dir) =
181|            process::container_main_process::container_main_process(&container_args).map_err(
182|                |err| {
183|                    tracing::error!("failed to run container process {}", err);
184|                    LibcontainerError::MainProcess(err)
185|                },
186|            )?;
187|
188|        // if file to write the pid to is specified, write pid of the child
189|        if let Some(pid_file) = &self.pid_file {
190|            fs::write(pid_file, format!("{init_pid}")).map_err(|err| {
191|                tracing::error!("failed to write pid to file: {}", err);
192|                LibcontainerError::OtherIO(err)
193|            })?;
194|        }
195|
196|        if let Some(container) = &mut self.container {
197|            // update status and pid of the container process
198|            container
199|                .set_status(ContainerStatus::Created)
200|                .set_creator(nix::unistd::geteuid().as_raw())
(51 more lines below)
2026-07-25 16:13:48.516 | INFO     | metagpt.roles.di.role_zero:_act:292 - Commands: 
[{'command_name': 'Editor.scroll_down', 'args': {}}]
2026-07-25 16:13:48.516 | INFO     | metagpt.roles.di.role_zero:_act:294 - Commands outputs: 
Command Editor.scroll_down executed: [File: /home/aludy/scires/Cloud_Spec_Exp/external/worktrees/oci-metagpt-agentless-mini-rerun/metagpt/youki-2994/crates/libcontainer/src/container/builder_impl.rs (251 lines total)]
(51 more lines above)
052|    /// If do not use pivot root to jail process inside rootfs
053|    pub no_pivot: bool,
054|    // RawFd set to stdin of the container init process.
055|    pub stdin: Option<OwnedFd>,
056|    // RawFd set to stdout of the container init process.
057|    pub stdout: Option<OwnedFd>,
058|    // RawFd set to stderr of the container init process.
059|    pub stderr: Option<OwnedFd>,
060|    // Indicate if the init process should be a sibling of the main process.
061|    pub as_sibling: bool,
062|}
063|
064|impl ContainerBuilderImpl {
065|    pub(super) fn create(&mut self) -> Result<Pid, LibcontainerError> {
066|        match self.run_container() {
067|            Ok(pid) => Ok(pid),
068|            Err(outer) => {
069|                // Only the init container should be cleaned up in the case of
070|                // an error.
071|                let cleanup_err = if self.is_init_container() {
072|                    self.cleanup_container().err()
073|                } else {
074|                    None
075|                };
076|
077|                Err(CreateContainerError::new(outer, cleanup_err).into())
078|            }
079|        }
080|    }
081|
082|    fn is_init_container(&self) -> bool {
083|        matches!(self.container_type, ContainerType::InitContainer)
084|    }
085|
086|    fn run_container(&mut self) -> Result<Pid, LibcontainerError> {
087|        let linux = self.spec.linux().as_ref().ok_or(MissingSpecError::Linux)?;
088|        let cgroups_path = utils::get_cgroup_path(linux.cgroups_path(), &self.container_id);
089|        let cgroup_config = libcgroups::common::CgroupConfig {
090|            cgroup_path: cgroups_path,
091|            systemd_cgroup: self.use_systemd || self.user_ns_config.is_some(),
092|            container_name: self.container_id.to_owned(),
093|        };
094|        let process = self
095|            .spec
096|            .process()
097|            .as_ref()
098|            .ok_or(MissingSpecError::Process)?;
099|
100|        if matches!(self.container_type, ContainerType::InitContainer) {
101|            if let Some(hooks) = self.spec.hooks() {
102|                hooks::run_hooks(
103|                    hooks.create_runtime().as_ref(),
104|                    self.container.as_ref(),
105|                    None,
106|                )?
107|            }
108|        }
109|
110|        // Need to create the notify socket before we pivot root, since the unix
111|        // domain socket used here is outside of the rootfs of container. During
112|        // exec, need to create the socket before we enter into existing mount
113|        // namespace. We also need to create to socket before entering into the
114|        // user namespace in the case that the path is located in paths only
115|        // root can access.
116|        let notify_listener = NotifyListener::new(&self.notify_path)?;
117|
118|        // If Out-of-memory score adjustment is set in specification.  set the score
119|        // value for the current process check
120|        // https://dev.to/rrampage/surviving-the-linux-oom-killer-2ki9 for some more
121|        // information.
122|        //
123|        // This has to be done before !dumpable because /proc/self/oom_score_adj
124|        // is not writeable unless you're an privileged user (if !dumpable is
125|        // set). All children inherit their parent's oom_score_adj value on
126|        // fork(2) so this will always be propagated properly.
127|        if let Some(oom_score_adj) = process.oom_score_adj() {
128|            tracing::debug!("Set OOM score to {}", oom_score_adj);
129|            let mut f = fs::File::create("/proc/self/oom_score_adj").map_err(|err| {
130|                tracing::error!("failed to open /proc/self/oom_score_adj: {}", err);
131|                LibcontainerError::OtherIO(err)
132|            })?;
133|            f.write_all(oom_score_adj.to_string().as_bytes())
134|                .map_err(|err| {
135|                    tracing::error!("failed to write to /proc/self/oom_score_adj: {}", err);
136|                    LibcontainerError::OtherIO(err)
137|                })?;
138|        }
139|
140|        // Make the process non-dumpable, to avoid various race conditions that
141|        // could cause processes in namespaces we're joining to access host
142|        // resources (or potentially execute code).
143|        //
144|        // However, if the number of namespaces we are joining is 0, we are not
145|        // going to be switching to a different security context. Thus setting
146|        // ourselves to be non-dumpable only breaks things (like rootless
147|        // containers), which is the recommendation from the kernel folks.
148|        if linux.namespaces().is_some() {
149|            prctl::set_dumpable(false).map_err(|e| {
150|                LibcontainerError::Other(format!(
151|                    "error in setting dumpable to false : {}",
152|                    nix::errno::Errno::from_raw(e)
153|                ))
154|            })?;
155|        }
156|
157|        // This container_args will be passed to the container processes,
158|        // therefore we will have to move all the variable by value. Since self
159|        // is a shared reference, we have to clone these variables here.
160|        let container_args = ContainerArgs {
161|            container_type: self.container_type,
162|            syscall: self.syscall,
163|            spec: Rc::clone(&self.spec),
164|            rootfs: self.rootfs.to_owned(),
165|            console_socket: self.console_socket.as_ref().map(|c| c.as_raw_fd()),
166|            notify_listener,
167|            preserve_fds: self.preserve_fds,
168|            container: self.container.to_owned(),
169|            user_ns_config: self.user_ns_config.to_owned(),
170|            cgroup_config,
171|            detached: self.detached,
172|            executor: self.executor.clone(),
173|            no_pivot: self.no_pivot,
174|            stdin: self.stdin.as_ref().map(|x| x.as_raw_fd()),
175|            stdout: self.stdout.as_ref().map(|x| x.as_raw_fd()),
176|            stderr: self.stderr.as_ref().map(|x| x.as_raw_fd()),
177|            as_sibling: self.as_sibling,
178|        };
179|
180|        let (init_pid, need_to_clean_up_intel_rdt_dir) =
181|            process::container_main_process::container_main_process(&container_args).map_err(
182|                |err| {
183|                    tracing::error!("failed to run container process {}", err);
184|                    LibcontainerError::MainProcess(err)
185|                },
186|            )?;
187|
188|        // if file to write the pid to is specified, write pid of the child
189|        if let Some(pid_file) = &self.pid_file {
190|            fs::write(pid_file, format!("{init_pid}")).map_err(|err| {
191|                tracing::error!("failed to write pid to file: {}", err);
192|                LibcontainerError::OtherIO(err)
193|            })?;
194|        }
195|
196|        if let Some(container) = &mut self.container {
197|            // update status and pid of the container process
198|            container
199|                .set_status(ContainerStatus::Created)
200|                .set_creator(nix::unistd::geteuid().as_raw())
201|                .set_pid(init_pid.as_raw())
202|                .set_clean_up_intel_rdt_directory(need_to_clean_up_intel_rdt_dir)
203|                .save()?;
204|        }
205|
206|        Ok(init_pid)
207|    }
208|
209|    fn cleanup_container(&self) -> Result<(), LibcontainerError> {
210|        let linux = self.spec.linux().as_ref().ok_or(MissingSpecError::Linux)?;
211|        let cgroups_path = utils::get_cgroup_path(linux.cgroups_path(), &self.container_id);
212|        let cmanager =
213|            libcgroups::common::create_cgroup_manager(libcgroups::common::CgroupConfig {
214|                cgroup_path: cgroups_path,
215|                systemd_cgroup: self.use_systemd || self.user_ns_config.is_some(),
216|                container_name: self.container_id.to_string(),
217|            })?;
218|
219|        let mut errors = Vec::new();
220|
221|        if let Err(e) = cmanager.remove() {
222|            tracing::error!(error = ?e, "failed to remove cgroup manager");
223|            errors.push(e.to_string());
224|        }
225|
226|        if let Some(container) = &self.container {
227|            if let Some(true) = container.clean_up_intel_rdt_subdirectory() {
228|                if let Err(e) = delete_resctrl_subdirectory(container.id()) {
229|                    tracing::error!(id = ?container.id(), error = ?e, "failed to delete resctrl subdirectory");
230|                    errors.push(e.to_string());
231|                }
232|            }
233|
234|            if container.root.exists() {
235|                if let Err(e) = fs::remove_dir_all(&container.root) {
236|                    tracing::error!(container_root = ?container.root, error = ?e, "failed to delete container root");
237|                    errors.push(e.to_string());
238|                }
239|            }
240|        }
241|
242|        if !errors.is_empty() {
243|            return Err(LibcontainerError::Other(format!(
244|                "failed to cleanup container: {}",
245|                errors.join(";")
246|            )));
247|        }
248|
249|        Ok(())
250|    }
251|}
(this is the end of the file)
2026-07-25 16:14:07.795 | INFO     | metagpt.roles.di.role_zero:_act:292 - Commands: 
[{'command_name': 'Editor.edit_file_by_replace', 'args': {'file_name': '/home/aludy/scires/Cloud_Spec_Exp/external/worktrees/oci-metagpt-agentless-mini-rerun/metagpt/youki-2994/crates/libcontainer/src/container/builder_impl.rs', 'first_replaced_line_number': 100, 'first_replaced_line_content': '        if matches!(self.container_type, ContainerType::InitContainer) {', 'last_replaced_line_number': 108, 'last_replaced_line_content': '        }', 'new_content': ''}}]
2026-07-25 16:14:07.796 | ERROR    | metagpt.roles.di.role_zero:_run_commands:407 - list index out of rangeTraceback (most recent call last):
  File "/home/aludy/scires/Cloud_Spec_Exp/external/baselines/MetaGPT/metagpt/tools/libs/editor.py", line 563, in _edit_file_impl
    original_lint_error, _ = self._lint_file(file_name)
  File "/home/aludy/scires/Cloud_Spec_Exp/external/baselines/MetaGPT/metagpt/tools/libs/editor.py", line 211, in _lint_file
    lint_error = linter.lint(str(file_path))
  File "/home/aludy/scires/Cloud_Spec_Exp/external/baselines/MetaGPT/metagpt/tools/libs/linter.py", line 98, in lint
    linkres = basic_lint(absolute_fname, code)
  File "/home/aludy/scires/Cloud_Spec_Exp/external/baselines/MetaGPT/metagpt/tools/libs/linter.py", line 158, in basic_lint
    parser = get_parser(lang)
  File "tree_sitter_languages/core.pyx", line 19, in tree_sitter_languages.core.get_parser
  File "tree_sitter_languages/core.pyx", line 14, in tree_sitter_languages.core.get_language
TypeError: __init__() takes exactly 1 argument (2 given)

During handling of the above exception, another exception occurred:

Traceback (most recent call last):
  File "/home/aludy/scires/Cloud_Spec_Exp/external/baselines/MetaGPT/metagpt/roles/di/role_zero.py", line 401, in _run_commands
    tool_output = tool_obj(**cmd["args"])
  File "/home/aludy/scires/Cloud_Spec_Exp/external/baselines/MetaGPT/metagpt/tools/libs/editor.py", line 814, in edit_file_by_replace
    ret_str = self._edit_file_impl(
  File "/home/aludy/scires/Cloud_Spec_Exp/external/baselines/MetaGPT/metagpt/tools/libs/editor.py", line 667, in _edit_file_impl
    guidance_message = self._get_indentation_info(content, start or len(lines))
  File "/home/aludy/scires/Cloud_Spec_Exp/external/baselines/MetaGPT/metagpt/tools/libs/editor.py", line 495, in _get_indentation_info
    pre_line = content_lines[first_line - 2] if first_line - 2 >= 0 else ""
IndexError: list index out of range

Traceback (most recent call last):

  File "/home/aludy/scires/Cloud_Spec_Exp/external/baselines/MetaGPT/metagpt/tools/libs/editor.py", line 563, in _edit_file_impl
    original_lint_error, _ = self._lint_file(file_name)
                             │    │          └ PosixPath('/home/aludy/scires/Cloud_Spec_Exp/external/worktrees/oci-metagpt-agentless-mini-rerun/metagpt/youki-2994/crates/li...
                             │    └ <function Editor._lint_file at 0x7f1412d948b0>
                             └ Editor(resource=EditorReporter(block=<BlockType.EDITOR: 'Editor'>, uuid=UUID('709d8732-3cbb-442c-be49-49e465a46793'), enable_...

  File "/home/aludy/scires/Cloud_Spec_Exp/external/baselines/MetaGPT/metagpt/tools/libs/editor.py", line 211, in _lint_file
    lint_error = linter.lint(str(file_path))
                 │      │        └ PosixPath('/home/aludy/scires/Cloud_Spec_Exp/external/worktrees/oci-metagpt-agentless-mini-rerun/metagpt/youki-2994/crates/li...
                 │      └ <function Linter.lint at 0x7f1412da7f40>
                 └ <metagpt.tools.libs.linter.Linter object at 0x7f1406d16650>

  File "/home/aludy/scires/Cloud_Spec_Exp/external/baselines/MetaGPT/metagpt/tools/libs/linter.py", line 98, in lint
    linkres = basic_lint(absolute_fname, code)
              │          │               └ 'use std::fs;\nuse std::io::Write;\nuse std::os::fd::{AsRawFd, OwnedFd};\nuse std::path::PathBuf;\nuse std::rc::Rc;\n\nuse li...
              │          └ '/home/aludy/scires/Cloud_Spec_Exp/external/worktrees/oci-metagpt-agentless-mini-rerun/metagpt/youki-2994/crates/libcontainer...
              └ <function basic_lint at 0x7f1412d941f0>

  File "/home/aludy/scires/Cloud_Spec_Exp/external/baselines/MetaGPT/metagpt/tools/libs/linter.py", line 158, in basic_lint
    parser = get_parser(lang)
             │          └ 'rust'
             └ <cyfunction get_parser at 0x7f1412e16dc0>

  File "tree_sitter_languages/core.pyx", line 19, in tree_sitter_languages.core.get_parser
  File "tree_sitter_languages/core.pyx", line 14, in tree_sitter_languages.core.get_language

TypeError: __init__() takes exactly 1 argument (2 given)


During handling of the above exception, another exception occurred:


Traceback (most recent call last):

  File "/home/aludy/scires/Cloud_Spec_Exp/baselines/metagpt/launch.py", line 307, in <module>
    raise SystemExit(main())
                     └ <function main at 0x7f14ca3faef0>

  File "/home/aludy/scires/Cloud_Spec_Exp/baselines/metagpt/launch.py", line 277, in main
    result = generate_repo(**supported)
             │               └ {'idea': 'Fix OCI runtime bug case youki-2994.\n\nTarget runtime: youki\nTitle: [Bug]: youki does not conform with OCI runtim...
             └ <function generate_repo at 0x7f141197dcf0>

  File "/home/aludy/scires/Cloud_Spec_Exp/external/baselines/MetaGPT/metagpt/software_company.py", line 72, in generate_repo
    asyncio.run(company.run(n_round=n_round, idea=idea))
    │       │   │       │           │             └ 'Fix OCI runtime bug case youki-2994.\n\nTarget runtime: youki\nTitle: [Bug]: youki does not conform with OCI runtime spec\nU...
    │       │   │       │           └ 10
    │       │   │       └ <function serialize_decorator.<locals>.wrapper at 0x7f14077b41f0>
    │       │   └ Team(env=MGXEnv(), investment=3.0, idea='Fix OCI runtime bug case youki-2994.\n\nTarget runtime: youki\nTitle: [Bug]: youki d...
    │       └ <function run at 0x7f14c8099750>
    └ <module 'asyncio' from '/home/aludy/miniconda3/envs/metagpt/lib/python3.10/asyncio/__init__.py'>

  File "/home/aludy/miniconda3/envs/metagpt/lib/python3.10/asyncio/runners.py", line 44, in run
    return loop.run_until_complete(main)
           │    │                  └ <coroutine object serialize_decorator.<locals>.wrapper at 0x7f14076d3610>
           │    └ <function BaseEventLoop.run_until_complete at 0x7f14c809b130>
           └ <_UnixSelectorEventLoop running=True closed=False debug=False>
  File "/home/aludy/miniconda3/envs/metagpt/lib/python3.10/asyncio/base_events.py", line 636, in run_until_complete
    self.run_forever()
    │    └ <function BaseEventLoop.run_forever at 0x7f14c809b0a0>
    └ <_UnixSelectorEventLoop running=True closed=False debug=False>
  File "/home/aludy/miniconda3/envs/metagpt/lib/python3.10/asyncio/base_events.py", line 603, in run_forever
    self._run_once()
    │    └ <function BaseEventLoop._run_once at 0x7f14c809cc10>
    └ <_UnixSelectorEventLoop running=True closed=False debug=False>
  File "/home/aludy/miniconda3/envs/metagpt/lib/python3.10/asyncio/base_events.py", line 1909, in _run_once
    handle._run()
    │      └ <function Handle._run at 0x7f14c804c280>
    └ <Handle Task.task_wakeup(<Task finishe...> result=None>)>
  File "/home/aludy/miniconda3/envs/metagpt/lib/python3.10/asyncio/events.py", line 80, in _run
    self._context.run(self._callback, *self._args)
    │    │            │    │           │    └ <member '_args' of 'Handle' objects>
    │    │            │    │           └ <Handle Task.task_wakeup(<Task finishe...> result=None>)>
    │    │            │    └ <member '_callback' of 'Handle' objects>
    │    │            └ <Handle Task.task_wakeup(<Task finishe...> result=None>)>
    │    └ <member '_context' of 'Handle' objects>
    └ <Handle Task.task_wakeup(<Task finishe...> result=None>)>

  File "/home/aludy/scires/Cloud_Spec_Exp/external/baselines/MetaGPT/metagpt/utils/common.py", line 692, in wrapper
    return await func(self, *args, **kwargs)
                 │    │      │       └ {}
                 │    │      └ ()
                 │    └ Engineer2(private_context=Context(kwargs=AttrDict(), config=Config(extra_fields=None, project_path='/home/aludy/scires/Cloud_...
                 └ <function Role.run at 0x7f14086165f0>

  File "/home/aludy/scires/Cloud_Spec_Exp/external/baselines/MetaGPT/metagpt/roles/role.py", line 548, in run
    rsp = await self.react()
                │    └ <function Role.react at 0x7f14086164d0>
                └ Engineer2(private_context=Context(kwargs=AttrDict(), config=Config(extra_fields=None, project_path='/home/aludy/scires/Cloud_...

  File "/home/aludy/scires/Cloud_Spec_Exp/external/baselines/MetaGPT/metagpt/roles/role.py", line 515, in react
    rsp = await self._react()
                │    └ <function RoleZero._react at 0x7f1408371f30>
                └ Engineer2(private_context=Context(kwargs=AttrDict(), config=Config(extra_fields=None, project_path='/home/aludy/scires/Cloud_...

  File "/home/aludy/scires/Cloud_Spec_Exp/external/baselines/MetaGPT/metagpt/roles/di/role_zero.py", line 324, in _react
    rsp = await self._act()
                │    └ <function RoleZero._act at 0x7f1408371ea0>
                └ Engineer2(private_context=Context(kwargs=AttrDict(), config=Config(extra_fields=None, project_path='/home/aludy/scires/Cloud_...

  File "/home/aludy/scires/Cloud_Spec_Exp/external/baselines/MetaGPT/metagpt/roles/di/role_zero.py", line 293, in _act
    outputs = await self._run_commands(commands)
                    │    │             └ [{'command_name': 'Editor.edit_file_by_replace', 'args': {'file_name': '/home/aludy/scires/Cloud_Spec_Exp/external/worktrees/...
                    │    └ <function RoleZero._run_commands at 0x7f14083720e0>
                    └ Engineer2(private_context=Context(kwargs=AttrDict(), config=Config(extra_fields=None, project_path='/home/aludy/scires/Cloud_...

> File "/home/aludy/scires/Cloud_Spec_Exp/external/baselines/MetaGPT/metagpt/roles/di/role_zero.py", line 401, in _run_commands
    tool_output = tool_obj(**cmd["args"])
                  │          └ {'command_name': 'Editor.edit_file_by_replace', 'args': {'file_name': '/home/aludy/scires/Cloud_Spec_Exp/external/worktrees/o...
                  └ <bound method Editor.edit_file_by_replace of Editor(resource=EditorReporter(block=<BlockType.EDITOR: 'Editor'>, uuid=UUID('70...

  File "/home/aludy/scires/Cloud_Spec_Exp/external/baselines/MetaGPT/metagpt/tools/libs/editor.py", line 814, in edit_file_by_replace
    ret_str = self._edit_file_impl(
              │    └ <function Editor._edit_file_impl at 0x7f1412d95120>
              └ Editor(resource=EditorReporter(block=<BlockType.EDITOR: 'Editor'>, uuid=UUID('709d8732-3cbb-442c-be49-49e465a46793'), enable_...

  File "/home/aludy/scires/Cloud_Spec_Exp/external/baselines/MetaGPT/metagpt/tools/libs/editor.py", line 667, in _edit_file_impl
    guidance_message = self._get_indentation_info(content, start or len(lines))
                       │    │                     │        └ 100
                       │    │                     └ ''
                       │    └ <function Editor._get_indentation_info at 0x7f1412d95090>
                       └ Editor(resource=EditorReporter(block=<BlockType.EDITOR: 'Editor'>, uuid=UUID('709d8732-3cbb-442c-be49-49e465a46793'), enable_...

  File "/home/aludy/scires/Cloud_Spec_Exp/external/baselines/MetaGPT/metagpt/tools/libs/editor.py", line 495, in _get_indentation_info
    pre_line = content_lines[first_line - 2] if first_line - 2 >= 0 else ""
               │             │                  └ 100
               │             └ 100
               └ ['']

IndexError: list index out of range
2026-07-25 16:14:07.882 | INFO     | metagpt.roles.di.role_zero:_act:294 - Commands outputs: 
Command Editor.edit_file_by_replace executed: Traceback (most recent call last):
  File "/home/aludy/scires/Cloud_Spec_Exp/external/baselines/MetaGPT/metagpt/tools/libs/editor.py", line 563, in _edit_file_impl
    original_lint_error, _ = self._lint_file(file_name)
  File "/home/aludy/scires/Cloud_Spec_Exp/external/baselines/MetaGPT/metagpt/tools/libs/editor.py", line 211, in _lint_file
    lint_error = linter.lint(str(file_path))
  File "/home/aludy/scires/Cloud_Spec_Exp/external/baselines/MetaGPT/metagpt/tools/libs/linter.py", line 98, in lint
    linkres = basic_lint(absolute_fname, code)
  File "/home/aludy/scires/Cloud_Spec_Exp/external/baselines/MetaGPT/metagpt/tools/libs/linter.py", line 158, in basic_lint
    parser = get_parser(lang)
  File "tree_sitter_languages/core.pyx", line 19, in tree_sitter_languages.core.get_parser
  File "tree_sitter_languages/core.pyx", line 14, in tree_sitter_languages.core.get_language
TypeError: __init__() takes exactly 1 argument (2 given)

During handling of the above exception, another exception occurred:

Traceback (most recent call last):
  File "/home/aludy/scires/Cloud_Spec_Exp/external/baselines/MetaGPT/metagpt/roles/di/role_zero.py", line 401, in _run_commands
    tool_output = tool_obj(**cmd["args"])
  File "/home/aludy/scires/Cloud_Spec_Exp/external/baselines/MetaGPT/metagpt/tools/libs/editor.py", line 814, in edit_file_by_replace
    ret_str = self._edit_file_impl(
  File "/home/aludy/scires/Cloud_Spec_Exp/external/baselines/MetaGPT/metagpt/tools/libs/editor.py", line 667, in _edit_file_impl
    guidance_message = self._get_indentation_info(content, start or len(lines))
  File "/home/aludy/scires/Cloud_Spec_Exp/external/baselines/MetaGPT/metagpt/tools/libs/editor.py", line 495, in _get_indentation_info
    pre_line = content_lines[first_line - 2] if first_line - 2 >= 0 else ""
IndexError: list index out of range

2026-07-25 16:14:11.034 | INFO     | metagpt.roles.di.role_zero:_act:292 - Commands: 
[{'command_name': 'Editor.read', 'args': {'path': '/home/aludy/scires/Cloud_Spec_Exp/external/worktrees/oci-metagpt-agentless-mini-rerun/metagpt/youki-2994/crates/libcontainer/src/container/builder_impl.rs'}}]
2026-07-25 16:14:11.385 | INFO     | metagpt.roles.di.role_zero:_act:294 - Commands outputs: 
Command Editor.read executed: file_path='/home/aludy/scires/Cloud_Spec_Exp/external/worktrees/oci-metagpt-agentless-mini-rerun/metagpt/youki-2994/crates/libcontainer/src/container/builder_impl.rs' block_content='001|use std::fs;\n002|use std::io::Write;\n003|use std::os::fd::{AsRawFd, OwnedFd};\n004|use std::path::PathBuf;\n005|use std::rc::Rc;\n006|\n007|use libcgroups::common::CgroupManager;\n008|use nix::unistd::Pid;\n009|use oci_spec::runtime::Spec;\n010|\n011|use super::{Container, ContainerStatus};\n012|use crate::error::{CreateContainerError, LibcontainerError, MissingSpecError};\n013|use crate::notify_socket::NotifyListener;\n014|use crate::process::args::{ContainerArgs, ContainerType};\n015|use crate::process::intel_rdt::delete_resctrl_subdirectory;\n016|use crate::process::{self};\n017|use crate::syscall::syscall::SyscallType;\n018|use crate::user_ns::UserNamespaceConfig;\n019|use crate::workload::Executor;\n020|use crate::{hooks, utils};\n021|\n022|pub(super) struct ContainerBuilderImpl {\n023|    /// Flag indicating if an init or a tenant container should be created\n024|    pub container_type: ContainerType,\n025|    /// Interface to operating system primitives\n026|    pub syscall: SyscallType,\n027|    /// Flag indicating if systemd should be used for cgroup management\n028|    pub use_systemd: bool,\n029|    /// Id of the container\n030|    pub container_id: String,\n031|    /// OCI compliant runtime spec\n032|    pub spec: Rc<Spec>,\n033|    /// Root filesystem of the container\n034|    pub rootfs: PathBuf,\n035|    /// File which will be used to communicate the pid of the\n036|    /// container process to the higher level runtime\n037|    pub pid_file: Option<PathBuf>,\n038|    /// Socket to communicate the file descriptor of the ptty\n039|    pub console_socket: Option<OwnedFd>,\n040|    /// Options for new user namespace\n041|    pub user_ns_config: Option<UserNamespaceConfig>,\n042|    /// Path to the Unix Domain Socket to communicate container start\n043|    pub notify_path: PathBuf,\n044|    /// Container state\n045|    pub container: Option<Container>,\n046|    /// File descriptos preserved/passed to the container init process.\n047|    pub preserve_fds: i32,\n048|    /// If the container is to be run in detached mode\n049|    pub detached: bool,\n050|    /// Default executes the specified execution of a generic command\n051|    pub executor: Box<dyn Executor>,\n052|    /// If do not use pivot root to jail process inside rootfs\n053|    pub no_pivot: bool,\n054|    // RawFd set to stdin of the container init process.\n055|    pub stdin: Option<OwnedFd>,\n056|    // RawFd set to stdout of the container init process.\n057|    pub stdout: Option<OwnedFd>,\n058|    // RawFd set to stderr of the container init process.\n059|    pub stderr: Option<OwnedFd>,\n060|    // Indicate if the init process should be a sibling of the main process.\n061|    pub as_sibling: bool,\n062|}\n063|\n064|impl ContainerBuilderImpl {\n065|    pub(super) fn create(&mut self) -> Result<Pid, LibcontainerError> {\n066|        match self.run_container() {\n067|            Ok(pid) => Ok(pid),\n068|            Err(outer) => {\n069|                // Only the init container should be cleaned up in the case of\n070|                // an error.\n071|                let cleanup_err = if self.is_init_container() {\n072|                    self.cleanup_container().err()\n073|                } else {\n074|                    None\n075|                };\n076|\n077|                Err(CreateContainerError::new(outer, cleanup_err).into())\n078|            }\n079|        }\n080|    }\n081|\n082|    fn is_init_container(&self) -> bool {\n083|        matches!(self.container_type, ContainerType::InitContainer)\n084|    }\n085|\n086|    fn run_container(&mut self) -> Result<Pid, LibcontainerError> {\n087|        let linux = self.spec.linux().as_ref().ok_or(MissingSpecError::Linux)?;\n088|        let cgroups_path = utils::get_cgroup_path(linux.cgroups_path(), &self.container_id);\n089|        let cgroup_config = libcgroups::common::CgroupConfig {\n090|            cgroup_path: cgroups_path,\n091|            systemd_cgroup: self.use_systemd || self.user_ns_config.is_some(),\n092|            container_name: self.container_id.to_owned(),\n093|        };\n094|        let process = self\n095|            .spec\n096|            .process()\n097|            .as_ref()\n098|            .ok_or(MissingSpecError::Process)?;\n099|\n100|        if matches!(self.container_type, ContainerType::InitContainer) {\n101|            if let Some(hooks) = self.spec.hooks() {\n102|                hooks::run_hooks(\n103|                    hooks.create_runtime().as_ref(),\n104|                    self.container.as_ref(),\n105|                    None,\n106|                )?\n107|            }\n108|        }\n109|\n110|        // Need to create the notify socket before we pivot root, since the unix\n111|        // domain socket used here is outside of the rootfs of container. During\n112|        // exec, need to create the socket before we enter into existing mount\n113|        // namespace. We also need to create to socket before entering into the\n114|        // user namespace in the case that the path is located in paths only\n115|        // root can access.\n116|        let notify_listener = NotifyListener::new(&self.notify_path)?;\n117|\n118|        // If Out-of-memory score adjustment is set in specification.  set the score\n119|        // value for the current process check\n120|        // https://dev.to/rrampage/surviving-the-linux-oom-killer-2ki9 for some more\n121|        // information.\n122|        //\n123|        // This has to be done before !dumpable because /proc/self/oom_score_adj\n124|        // is not writeable unless you\'re an privileged user (if !dumpable is\n125|        // set). All children inherit their parent\'s oom_score_adj value on\n126|        // fork(2) so this will always be propagated properly.\n127|        if let Some(oom_score_adj) = process.oom_score_adj() {\n128|            tracing::debug!("Set OOM score to {}", oom_score_adj);\n129|            let mut f = fs::File::create("/proc/self/oom_score_adj").map_err(|err| {\n130|                tracing::error!("failed to open /proc/self/oom_score_adj: {}", err);\n131|                LibcontainerError::OtherIO(err)\n132|            })?;\n133|            f.write_all(oom_score_adj.to_string().as_bytes())\n134|                .map_err(|err| {\n135|                    tracing::error!("failed to write to /proc/self/oom_score_adj: {}", err);\n136|                    LibcontainerError::OtherIO(err)\n137|                })?;\n138|        }\n139|\n140|        // Make the process non-dumpable, to avoid various race conditions that\n141|        // could cause processes in namespaces we\'re joining to access host\n142|        // resources (or potentially execute code).\n143|        //\n144|        // However, if the number of namespaces we are joining is 0, we are not\n145|        // going to be switching to a different security context. Thus setting\n146|        // ourselves to be non-dumpable only breaks things (like rootless\n147|        // containers), which is the recommendation from the kernel folks.\n148|        if linux.namespaces().is_some() {\n149|            prctl::set_dumpable(false).map_err(|e| {\n150|                LibcontainerError::Other(format!(\n151|                    "error in setting dumpable to false : {}",\n152|                    nix::errno::Errno::from_raw(e)\n153|                ))\n154|            })?;\n155|        }\n156|\n157|        // This container_args will be passed to the container processes,\n158|        // therefore we will have to move all the variable by value. Since self\n159|        // is a shared reference, we have to clone these variables here.\n160|        let container_args = ContainerArgs {\n161|            container_type: self.container_type,\n162|            syscall: self.syscall,\n163|            spec: Rc::clone(&self.spec),\n164|            rootfs: self.rootfs.to_owned(),\n165|            console_socket: self.console_socket.as_ref().map(|c| c.as_raw_fd()),\n166|            notify_listener,\n167|            preserve_fds: self.preserve_fds,\n168|            container: self.container.to_owned(),\n169|            user_ns_config: self.user_ns_config.to_owned(),\n170|            cgroup_config,\n171|            detached: self.detached,\n172|            executor: self.executor.clone(),\n173|            no_pivot: self.no_pivot,\n174|            stdin: self.stdin.as_ref().map(|x| x.as_raw_fd()),\n175|            stdout: self.stdout.as_ref().map(|x| x.as_raw_fd()),\n176|            stderr: self.stderr.as_ref().map(|x| x.as_raw_fd()),\n177|            as_sibling: self.as_sibling,\n178|        };\n179|\n180|        let (init_pid, need_to_clean_up_intel_rdt_dir) =\n181|            process::container_main_process::container_main_process(&container_args).map_err(\n182|                |err| {\n183|                    tracing::error!("failed to run container process {}", err);\n184|                    LibcontainerError::MainProcess(err)\n185|                },\n186|            )?;\n187|\n188|        // if file to write the pid to is specified, write pid of the child\n189|        if let Some(pid_file) = &self.pid_file {\n190|            fs::write(pid_file, format!("{init_pid}")).map_err(|err| {\n191|                tracing::error!("failed to write pid to file: {}", err);\n192|                LibcontainerError::OtherIO(err)\n193|            })?;\n194|        }\n195|\n196|        if let Some(container) = &mut self.container {\n197|            // update status and pid of the container process\n198|            container\n199|                .set_status(ContainerStatus::Created)\n200|                .set_creator(nix::unistd::geteuid().as_raw())\n201|                .set_pid(init_pid.as_raw())\n202|                .set_clean_up_intel_rdt_directory(need_to_clean_up_intel_rdt_dir)\n203|                .save()?;\n204|        }\n205|\n206|        Ok(init_pid)\n207|    }\n208|\n209|    fn cleanup_container(&self) -> Result<(), LibcontainerError> {\n210|        let linux = self.spec.linux().as_ref().ok_or(MissingSpecError::Linux)?;\n211|        let cgroups_path = utils::get_cgroup_path(linux.cgroups_path(), &self.container_id);\n212|        let cmanager =\n213|            libcgroups::common::create_cgroup_manager(libcgroups::common::CgroupConfig {\n214|                cgroup_path: cgroups_path,\n215|                systemd_cgroup: self.use_systemd || self.user_ns_config.is_some(),\n216|                container_name: self.container_id.to_string(),\n217|            })?;\n218|\n219|        let mut errors = Vec::new();\n220|\n221|        if let Err(e) = cmanager.remove() {\n222|            tracing::error!(error = ?e, "failed to remove cgroup manager");\n223|            errors.push(e.to_string());\n224|        }\n225|\n226|        if let Some(container) = &self.container {\n227|            if let Some(true) = container.clean_up_intel_rdt_subdirectory() {\n228|                if let Err(e) = delete_resctrl_subdirectory(container.id()) {\n229|                    tracing::error!(id = ?container.id(), error = ?e, "failed to delete resctrl subdirectory");\n230|                    errors.push(e.to_string());\n231|                }\n232|            }\n233|\n234|            if container.root.exists() {\n235|                if let Err(e) = fs::remove_dir_all(&container.root) {\n236|                    tracing::error!(container_root = ?container.root, error = ?e, "failed to delete container root");\n237|                    errors.push(e.to_string());\n238|                }\n239|            }\n240|        }\n241|\n242|        if !errors.is_empty() {\n243|            return Err(LibcontainerError::Other(format!(\n244|                "failed to cleanup container: {}",\n245|                errors.join(";")\n246|            )));\n247|        }\n248|\n249|        Ok(())\n250|    }\n251|}\n'
2026-07-25 16:14:15.847 | INFO     | metagpt.roles.di.role_zero:_act:292 - Commands: 
[{'command_name': 'Engineer2.write_new_code', 'args': {'path': '/home/aludy/scires/Cloud_Spec_Exp/external/worktrees/oci-metagpt-agentless-mini-rerun/metagpt/youki-2994/crates/libcontainer/src/container/builder_impl.rs', 'file_description': 'Fix: Move createRuntime hook invocation to after container state is set to Created, per OCI spec and PR #3181.'}}]
2026-07-25 16:14:32.719 | INFO     | metagpt.roles.di.role_zero:_act:294 - Commands outputs: 
Command Engineer2.write_new_code executed: The file /home/aludy/scires/Cloud_Spec_Exp/external/worktrees/oci-metagpt-agentless-mini-rerun/metagpt/youki-2994/crates/libcontainer/src/container/builder_impl.rs has been successfully created, with content:
use std::fs;
use std::io::Write;
use std::os::fd::{AsRawFd, OwnedFd};
use std::path::PathBuf;
use std::rc::Rc;

use libcgroups::common::CgroupManager;
use nix::unistd::Pid;
use oci_spec::runtime::Spec;

use super::{Container, ContainerStatus};
use crate::error::{CreateContainerError, LibcontainerError, MissingSpecError};
use crate::notify_socket::NotifyListener;
use crate::process::args::{ContainerArgs, ContainerType};
use crate::process::intel_rdt::delete_resctrl_subdirectory;
use crate::process::{self};
use crate::syscall::syscall::SyscallType;
use crate::user_ns::UserNamespaceConfig;
use crate::workload::Executor;
use crate::{hooks, utils};

pub(super) struct ContainerBuilderImpl {
    /// Flag indicating if an init or a tenant container should be created
    pub container_type: ContainerType,
    /// Interface to operating system primitives
    pub syscall: SyscallType,
    /// Flag indicating if systemd should be used for cgroup management
    pub use_systemd: bool,
    /// Id of the container
    pub container_id: String,
    /// OCI compliant runtime spec
    pub spec: Rc<Spec>,
    /// Root filesystem of the container
    pub rootfs: PathBuf,
    /// File which will be used to communicate the pid of the
    /// container process to the higher level runtime
    pub pid_file: Option<PathBuf>,
    /// Socket to communicate the file descriptor of the ptty
    pub console_socket: Option<OwnedFd>,
    /// Options for new user namespace
    pub user_ns_config: Option<UserNamespaceConfig>,
    /// Path to the Unix Domain Socket to communicate container start
    pub notify_path: PathBuf,
    /// Container state
    pub container: Option<Container>,
    /// File descriptos preserved/passed to the container init process.
    pub preserve_fds: i32,
    /// If the container is to be run in detached mode
    pub detached: bool,
    /// Default executes the specified execution of a generic command
    pub executor: Box<dyn Executor>,
    /// If do not use pivot root to jail process inside rootfs
    pub no_pivot: bool,
    // RawFd set to stdin of the container init process.
    pub stdin: Option<OwnedFd>,
    // RawFd set to stdout of the container init process.
    pub stdout: Option<OwnedFd>,
    // RawFd set to stderr of the container init process.
    pub stderr: Option<OwnedFd>,
    // Indicate if the init process should be a sibling of the main process.
    pub as_sibling: bool,
}

impl ContainerBuilderImpl {
    pub(super) fn create(&mut self) -> Result<Pid, LibcontainerError> {
        match self.run_container() {
            Ok(pid) => Ok(pid),
            Err(outer) => {
                // Only the init container should be cleaned up in the case of
                // an error.
                let cleanup_err = if self.is_init_container() {
                    self.cleanup_container().err()
                } else {
                    None
                };

                Err(CreateContainerError::new(outer, cleanup_err).into())
            }
        }
    }

    fn is_init_container(&self) -> bool {
        matches!(self.container_type, ContainerType::InitContainer)
    }

    fn run_container(&mut self) -> Result<Pid, LibcontainerError> {
        let linux = self.spec.linux().as_ref().ok_or(MissingSpecError::Linux)?;
        let cgroups_path = utils::get_cgroup_path(linux.cgroups_path(), &self.container_id);
        let cgroup_config = libcgroups::common::CgroupConfig {
            cgroup_path: cgroups_path,
            systemd_cgroup: self.use_systemd || self.user_ns_config.is_some(),
            container_name: self.container_id.to_owned(),
        };
        let process = self
            .spec
            .process()
            .as_ref()
            .ok_or(MissingSpecError::Process)?;

        // Need to create the notify socket before we pivot root, since the unix
        // domain socket used here is outside of the rootfs of container. During
        // exec, need to create the socket before we enter into existing mount
        // namespace. We also need to create to socket before entering into the
        // user namespace in the case that the path is located in paths only
        // root can access.
        let notify_listener = NotifyListener::new(&self.notify_path)?;

        // If Out-of-memory score adjustment is set in specification.  set the score
        // value for the current process check
        // https://dev.to/rrampage/surviving-the-linux-oom-killer-2ki9 for some more
        // information.
        //
        // This has to be done before !dumpable because /proc/self/oom_score_adj
        // is not writeable unless you're an privileged user (if !dumpable is
        // set). All children inherit their parent's oom_score_adj value on
        // fork(2) so this will always be propagated properly.
        if let Some(oom_score_adj) = process.oom_score_adj() {
            tracing::debug!("Set OOM score to {}", oom_score_adj);
            let mut f = fs::File::create("/proc/self/oom_score_adj").map_err(|err| {
                tracing::error!("failed to open /proc/self/oom_score_adj: {}", err);
                LibcontainerError::OtherIO(err)
            })?;
            f.write_all(oom_score_adj.to_string().as_bytes())
                .map_err(|err| {
                    tracing::error!("failed to write to /proc/self/oom_score_adj: {}", err);
                    LibcontainerError::OtherIO(err)
                })?;
        }

        // Make the process non-dumpable, to avoid various race conditions that
        // could cause processes in namespaces we're joining to access host
        // resources (or potentially execute code).
        //
        // However, if the number of namespaces we are joining is 0, we are not
        // going to be switching to a different security context. Thus setting
        // ourselves to be non-dumpable only breaks things (like rootless
        // containers), which is the recommendation from the kernel folks.
        if linux.namespaces().is_some() {
            prctl::set_dumpable(false).map_err(|e| {
                LibcontainerError::Other(format!(
                    "error in setting dumpable to false : {}",
                    nix::errno::Errno::from_raw(e)
                ))
            })?;
        }

        // This container_args will be passed to the container processes,
        // therefore we will have to move all the variable by value. Since self
        // is a shared reference, we have to clone these variables here.
        let container_args = ContainerArgs {
            container_type: self.container_type,
            syscall: self.syscall,
            spec: Rc::clone(&self.spec),
            rootfs: self.rootfs.to_owned(),
            console_socket: self.console_socket.as_ref().map(|c| c.as_raw_fd()),
            notify_listener,
            preserve_fds: self.preserve_fds,
            container: self.container.to_owned(),
            user_ns_config: self.user_ns_config.to_owned(),
            cgroup_config,
            detached: self.detached,
            executor: self.executor.clone(),
            no_pivot: self.no_pivot,
            stdin: self.stdin.as_ref().map(|x| x.as_raw_fd()),
            stdout: self.stdout.as_ref().map(|x| x.as_raw_fd()),
            stderr: self.stderr.as_ref().map(|x| x.as_raw_fd()),
            as_sibling: self.as_sibling,
        };

        let (init_pid, need_to_clean_up_intel_rdt_dir) =
            process::container_main_process::container_main_process(&container_args).map_err(
                |err| {
                    tracing::error!("failed to run container process {}", err);
                    LibcontainerError::MainProcess(err)
                },
            )?;

        // if file to write the pid to is specified, write pid of the child
        if let Some(pid_file) = &self.pid_file {
            fs::write(pid_file, format!("{init_pid}")).map_err(|err| {
                tracing::error!("failed to write pid to file: {}", err);
                LibcontainerError::OtherIO(err)
            })?;
        }

        if let Some(container) = &mut self.container {
            // update status and pid of the container process
            container
                .set_status(ContainerStatus::Created)
                .set_creator(nix::unistd::geteuid().as_raw())
                .set_pid(init_pid.as_raw())
                .set_clean_up_intel_rdt_directory(need_to_clean_up_intel_rdt_dir)
                .save()?;
        }

        // According to OCI runtime spec, the createRuntime hook must be
        // invoked after the container state is set to 'created'.
        if matches!(self.container_type, ContainerType::InitContainer) {
            if let Some(hooks) = self.spec.hooks() {
                hooks::run_hooks(
                    hooks.create_runtime().as_ref(),
                    self.container.as_ref(),
                    None,
                )?
            }
        }

        Ok(init_pid)
    }

    fn cleanup_container(&self) -> Result<(), LibcontainerError> {
        let linux = self.spec.linux().as_ref().ok_or(MissingSpecError::Linux)?;
        let cgroups_path = utils::get_cgroup_path(linux.cgroups_path(), &self.container_id);
        let cmanager =
            libcgroups::common::create_cgroup_manager(libcgroups::common::CgroupConfig {
                cgroup_path: cgroups_path,
                systemd_cgroup: self.use_systemd || self.user_ns_config.is_some(),
                container_name: self.container_id.to_string(),
            })?;

        let mut errors = Vec::new();

        if let Err(e) = cmanager.remove() {
            tracing::error!(error = ?e, "failed to remove cgroup manager");
            errors.push(e.to_string());
        }

        if let Some(container) = &self.container {
            if let Some(true) = container.clean_up_intel_rdt_subdirectory() {
                if let Err(e) = delete_resctrl_subdirectory(container.id()) {
                    tracing::error!(id = ?container.id(), error = ?e, "failed to delete resctrl subdirectory");
                    errors.push(e.to_string());
                }
            }

            if container.root.exists() {
                if let Err(e) = fs::remove_dir_all(&container.root) {
                    tracing::error!(container_root = ?container.root, error = ?e, "failed to delete container root");
                    errors.push(e.to_string());
                }
            }
        }

        if !errors.is_empty() {
            return Err(LibcontainerError::Other(format!(
                "failed to cleanup container: {}",
                errors.join(";")
            )));
        }

        Ok(())
    }
}
2026-07-25 16:14:35.633 | INFO     | metagpt.roles.di.role_zero:_act:292 - Commands: 
[{'command_name': 'Terminal.run_command', 'args': {'cmd': 'cd /home/aludy/scires/Cloud_Spec_Exp/external/worktrees/oci-metagpt-agentless-mini-rerun/metagpt/youki-2994 && git diff'}}]
2026-07-25 16:14:35.638 | INFO     | metagpt.roles.di.role_zero:_act:294 - Commands outputs: 
Command Terminal.run_command executed:
[command]: cd /home/aludy/scires/Cloud_Spec_Exp/external/worktrees/oci-metagpt-agentless-mini-rerun/metagpt/youki-2994 && git diff 
[command output] : diff --git a/crates/libcontainer/src/container/builder_impl.rs b/crates/libcontainer/src/container/builder_impl.rs
index 8d8494bd..1d293cef 100644
--- a/crates/libcontainer/src/container/builder_impl.rs
+++ b/crates/libcontainer/src/container/builder_impl.rs
@@ -97,16 +97,6 @@ impl ContainerBuilderImpl {
             .as_ref()
             .ok_or(MissingSpecError::Process)?;
 
-        if matches!(self.container_type, ContainerType::InitContainer) {
-            if let Some(hooks) = self.spec.hooks() {
-                hooks::run_hooks(
-                    hooks.create_runtime().as_ref(),
-                    self.container.as_ref(),
-                    None,
-                )?
-            }
-        }
-
         // Need to create the notify socket before we pivot root, since the unix
         // domain socket used here is outside of the rootfs of container. During
         // exec, need to create the socket before we enter into existing mount
@@ -203,6 +193,18 @@ impl ContainerBuilderImpl {
                 .save()?;
         }
 
+        // According to OCI runtime spec, the createRuntime hook must be
+        // invoked after the container state is set to 'created'.
+        if matches!(self.container_type, ContainerType::InitContainer) {
+            if let Some(hooks) = self.spec.hooks() {
+                hooks::run_hooks(
+                    hooks.create_runtime().as_ref(),
+                    self.container.as_ref(),
+                    None,
+                )?
+            }
+        }
+
         Ok(init_pid)
     }
 
@@ -248,4 +250,4 @@ impl ContainerBuilderImpl {
 
         Ok(())
     }
-}
+}
\ No newline at end of file

2026-07-25 16:14:39.308 | INFO     | metagpt.roles.di.role_zero:_act:292 - Commands: 
[{'command_name': 'Terminal.run_command', 'args': {'cmd': 'cd /home/aludy/scires/Cloud_Spec_Exp/external/worktrees/oci-metagpt-agentless-mini-rerun/metagpt/youki-2994 && cargo build --release 2>&1 | tail -30'}}]
Timeout (0:05:00)!
Thread 0x00007f1406ca76c0 (most recent call first):
  File "/home/aludy/miniconda3/envs/metagpt/lib/python3.10/asyncio/unix_events.py", line 1392 in _do_waitpid
  File "/home/aludy/miniconda3/envs/metagpt/lib/python3.10/threading.py", line 953 in run
  File "/home/aludy/miniconda3/envs/metagpt/lib/python3.10/threading.py", line 1016 in _bootstrap_inner
  File "/home/aludy/miniconda3/envs/metagpt/lib/python3.10/threading.py", line 973 in _bootstrap

Thread 0x00007f14075a86c0 (most recent call first):
  File "/home/aludy/miniconda3/envs/metagpt/lib/python3.10/concurrent/futures/thread.py", line 81 in _worker
  File "/home/aludy/miniconda3/envs/metagpt/lib/python3.10/threading.py", line 953 in run
  File "/home/aludy/miniconda3/envs/metagpt/lib/python3.10/threading.py", line 1016 in _bootstrap_inner
  File "/home/aludy/miniconda3/envs/metagpt/lib/python3.10/threading.py", line 973 in _bootstrap

Thread 0x00007f14cabd1740 (most recent call first):
  File "/home/aludy/miniconda3/envs/metagpt/lib/python3.10/selectors.py", line 469 in select
  File "/home/aludy/miniconda3/envs/metagpt/lib/python3.10/asyncio/base_events.py", line 1871 in _run_once
  File "/home/aludy/miniconda3/envs/metagpt/lib/python3.10/asyncio/base_events.py", line 603 in run_forever
  File "/home/aludy/miniconda3/envs/metagpt/lib/python3.10/asyncio/base_events.py", line 636 in run_until_complete
  File "/home/aludy/miniconda3/envs/metagpt/lib/python3.10/asyncio/runners.py", line 44 in run
  File "/home/aludy/scires/Cloud_Spec_Exp/external/baselines/MetaGPT/metagpt/software_company.py", line 72 in generate_repo
  File "/home/aludy/scires/Cloud_Spec_Exp/baselines/metagpt/launch.py", line 277 in main
  File "/home/aludy/scires/Cloud_Spec_Exp/baselines/metagpt/launch.py", line 307 in <module>
