Cloning into '/home/aludy/scires/Cloud_Spec_Exp/external/worktrees/oci-metagpt-agentless-mini-rerun/agentless-oci-adapted/crun-1099/libocispec'...
Submodule 'image-spec' (https://github.com/opencontainers/image-spec) registered for path 'libocispec/image-spec'
Submodule 'runtime-spec' (https://github.com/opencontainers/runtime-spec) registered for path 'libocispec/runtime-spec'
Submodule 'yajl' (https://github.com/containers/yajl.git) registered for path 'libocispec/yajl'
Cloning into '/home/aludy/scires/Cloud_Spec_Exp/external/worktrees/oci-metagpt-agentless-mini-rerun/agentless-oci-adapted/crun-1099/libocispec/image-spec'...
Cloning into '/home/aludy/scires/Cloud_Spec_Exp/external/worktrees/oci-metagpt-agentless-mini-rerun/agentless-oci-adapted/crun-1099/libocispec/runtime-spec'...
Cloning into '/home/aludy/scires/Cloud_Spec_Exp/external/worktrees/oci-metagpt-agentless-mini-rerun/agentless-oci-adapted/crun-1099/libocispec/yajl'...
aclocal: warning: couldn't open directory 'm4': No such file or directory
configure.ac:7: installing './compile'
configure.ac:11: installing './config.guess'
configure.ac:11: installing './config.sub'
configure.ac:8: installing './install-sh'
configure.ac:8: installing './missing'
Makefile.am: installing './depcomp'
configure.ac:3: warning: The macro `AC_CONFIG_HEADER' is obsolete.
configure.ac:3: You should run autoupdate.
./lib/autoconf/status.m4:719: AC_CONFIG_HEADER is expanded from...
configure.ac:3: the top level
configure.ac:7: installing 'build-aux/compile'
configure.ac:9: installing 'build-aux/config.guess'
configure.ac:9: installing 'build-aux/config.sub'
configure.ac:11: installing 'build-aux/install-sh'
configure.ac:11: installing 'build-aux/missing'
Makefile.am: installing 'build-aux/depcomp'
parallel-tests: installing 'build-aux/test-driver'
configure.ac:11: installing 'build-aux/compile'
configure.ac:11: installing 'build-aux/config.guess'
configure.ac:11: installing 'build-aux/config.sub'
configure.ac:13: installing 'build-aux/install-sh'
configure.ac:13: installing 'build-aux/missing'
configure.ac:8: installing 'build-aux/tap-driver.sh'
Makefile.am: installing 'build-aux/depcomp'
src/libcrun/linux.c: In function 'prepare_and_send_dev_mounts':
src/libcrun/linux.c:3916:7: error: unknown type name 'runtime_spec_schema_config_schema_linux_devices_element'; did you mean 'runtime_spec_schema_config_schema_process_rlimits_element'?
 3916 |       runtime_spec_schema_config_schema_linux_devices_element *dev = def->linux->devices[i];
      |       ^~~~~~~~~~~~~~~~~~~~~~~~~~~~~~~~~~~~~~~~~~~~~~~~~~~~~~~
      |       runtime_spec_schema_config_schema_process_rlimits_element
src/libcrun/linux.c:3916:70: warning: initialization of 'int *' from incompatible pointer type 'runtime_spec_schema_defs_linux_device *' [-Wincompatible-pointer-types]
 3916 |       runtime_spec_schema_config_schema_linux_devices_element *dev = def->linux->devices[i];
      |                                                                      ^~~
src/libcrun/linux.c:3917:24: error: request for member 'file_mode_present' in something not a structure or union
 3917 |       mode_t mode = dev->file_mode_present ? dev->file_mode : 0666;
      |                        ^~
src/libcrun/linux.c:3917:49: error: request for member 'file_mode' in something not a structure or union
 3917 |       mode_t mode = dev->file_mode_present ? dev->file_mode : 0666;
      |                                                 ^~
src/libcrun/linux.c:3918:25: error: request for member 'type' in something not a structure or union
 3918 |       mode_t type = (dev->type[0] == 'b') ? S_IFBLK : ((dev->type[0] == 'p') ? S_IFIFO : S_IFCHR);
      |                         ^~
src/libcrun/linux.c:3918:60: error: request for member 'type' in something not a structure or union
 3918 |       mode_t type = (dev->type[0] == 'b') ? S_IFBLK : ((dev->type[0] == 'p') ? S_IFIFO : S_IFCHR);
      |                                                            ^~
In file included from src/libcrun/linux.c:42:
src/libcrun/linux.c:3923:60: error: request for member 'major' in something not a structure or union
 3923 |       ret = mknodat (tmpfd, name, mode | type, makedev (dev->major, dev->minor));
      |                                                            ^~
src/libcrun/linux.c:3923:72: error: request for member 'minor' in something not a structure or union
 3923 |       ret = mknodat (tmpfd, name, mode | type, makedev (dev->major, dev->minor));
      |                                                                        ^~
src/libcrun/linux.c:3925:62: error: request for member 'path' in something not a structure or union
 3925 |         return crun_make_error (err, errno, "mknod `%s`", dev->path);
      |                                                              ^~
src/libcrun/linux.c:3929:62: error: request for member 'path' in something not a structure or union
 3929 |         return crun_make_error (err, errno, "chmod `%s`", dev->path);
      |                                                              ^~
src/libcrun/linux.c:3931:39: error: request for member 'uid' in something not a structure or union
 3931 |       ret = fchownat (tmpfd, name, dev->uid, dev->gid, 0);
      |                                       ^~
src/libcrun/linux.c:3931:49: error: request for member 'gid' in something not a structure or union
 3931 |       ret = fchownat (tmpfd, name, dev->uid, dev->gid, 0);
      |                                                 ^~
src/libcrun/linux.c:3933:62: error: request for member 'path' in something not a structure or union
 3933 |         return crun_make_error (err, errno, "chown `%s`", dev->path);
      |                                                              ^~
src/libcrun/linux.c: In function 'libcrun_create_keyring':
src/libcrun/linux.c:798:12: warning: ignoring return value of 'write' declared with attribute 'warn_unused_result' [-Wunused-result]
  798 |     (void) write (labelfd, "", 0);
      |            ^~~~~~~~~~~~~~~~~~~~~~
make[2]: *** [Makefile:1951: src/libcrun/libcrun_la-linux.lo] Error 1
make[2]: *** Waiting for unfinished jobs....
make[1]: *** [Makefile:2410: all-recursive] Error 1
make: *** [Makefile:939: all] Error 2
