.E..
======================================================================
ERROR: test_mini_generated_config_loads_with_upstream_loader (test_profiled_baselines.ProfiledBaselineTests.test_mini_generated_config_loads_with_upstream_loader)
----------------------------------------------------------------------
Traceback (most recent call last):
  File "/home/aludy/scires/Cloud_Spec_Exp/scripts/test_profiled_baselines.py", line 58, in test_mini_generated_config_loads_with_upstream_loader
    launcher.main()
  File "/home/aludy/scires/Cloud_Spec_Exp/scripts/launch_profiled_baseline.py", line 54, in main
    runpy.run_module("minisweagent.run.mini", run_name="__main__")
  File "/usr/lib/python3.12/unittest/mock.py", line 1134, in __call__
    return self._mock_call(*args, **kwargs)
           ^^^^^^^^^^^^^^^^^^^^^^^^^^^^^^^^
  File "/usr/lib/python3.12/unittest/mock.py", line 1138, in _mock_call
    return self._execute_mock_call(*args, **kwargs)
           ^^^^^^^^^^^^^^^^^^^^^^^^^^^^^^^^^^^^^^^^
  File "/usr/lib/python3.12/unittest/mock.py", line 1199, in _execute_mock_call
    result = effect(*args, **kwargs)
             ^^^^^^^^^^^^^^^^^^^^^^^
  File "/home/aludy/scires/Cloud_Spec_Exp/scripts/test_profiled_baselines.py", line 44, in load_generated_config
    config = upstream_config.get_config_from_spec(str(path))
             ^^^^^^^^^^^^^^^^^^^^^^^^^^^^^^^^^^^^^^^^^^^^^^^
  File "/home/aludy/scires/Cloud_Spec_Exp/external/baselines/mini-swe-agent/src/minisweagent/config/__init__.py", line 58, in get_config_from_spec
    path = get_config_path(config_spec)
           ^^^^^^^^^^^^^^^^^^^^^^^^^^^^
  File "/home/aludy/scires/Cloud_Spec_Exp/external/baselines/mini-swe-agent/src/minisweagent/config/__init__.py", line 28, in get_config_path
    raise FileNotFoundError(f"Could not find config file for {config_spec} (tried: {candidates})")
FileNotFoundError: Could not find config file for /tmp/oci-mini-pqidsag2/mini.yaml (tried: [PosixPath('/tmp/oci-mini-pqidsag2/mini.yaml'), PosixPath('/tmp/oci-mini-pqidsag2/mini.yaml'), PosixPath('/tmp/oci-mini-pqidsag2/mini.yaml'), PosixPath('/tmp/oci-mini-pqidsag2/mini.yaml'), PosixPath('/tmp/oci-mini-pqidsag2/mini.yaml')])

----------------------------------------------------------------------
Ran 4 tests in 0.041s

FAILED (errors=1)
