........................................sss.............................................................[2026-10-01 14:57:55] [agentless-oci-adapted/crun-13] initializing run paths: output=/tmp/tmp1bcb7jau/results/agentless-oci-adapted/crun-13 worktree=/tmp/tmp1bcb7jau/worktrees/agentless-prompt-test/agentless-oci-adapted/crun-13
[2026-10-01 14:57:55] [agentless-oci-adapted/crun-13] creating worktree from /tmp/tmp1bcb7jau/source at HEAD
[2026-10-01 14:57:55] [agentless-oci-adapted/crun-13] worktree created: /tmp/tmp1bcb7jau/worktrees/agentless-prompt-test/agentless-oci-adapted/crun-13
[2026-10-01 14:57:55] [agentless-oci-adapted/crun-13] writing task prompt
[2026-10-01 14:57:55] [agentless-oci-adapted/crun-13] preparing Agentless OCI inputs
[2026-10-01 14:57:55] [agentless-oci-adapted/crun-13] Agentless inputs ready: task=/tmp/tmp1bcb7jau/results/agentless-oci-adapted/crun-13/agentless_task.jsonl loc=/tmp/tmp1bcb7jau/results/agentless-oci-adapted/crun-13/agentless_locs.jsonl
[2026-10-01 14:57:55] [agentless-oci-adapted/crun-13] running baseline command in /tmp/tmp1bcb7jau/source
[2026-10-01 14:57:55] [agentless-oci-adapted/crun-13] baseline finished returncode=1 timed_out=False
[2026-10-01 14:57:55] [agentless-oci-adapted/crun-13] partial candidate patch size=0 bytes
[2026-10-01 14:57:55] [agentless-oci-adapted/crun-13] error: baseline command failed with return code 1: expected test failure
..[2026-10-01 14:57:55] [autocoderover/crun-13] initializing run paths: output=/tmp/tmpvvv8dquo/results/autocoderover/crun-13 worktree=/tmp/tmpvvv8dquo/worktrees/test-experiment/autocoderover/crun-13
[2026-10-01 14:57:55] [autocoderover/crun-13] creating worktree from /tmp/tmpvvv8dquo/source at HEAD
[2026-10-01 14:57:55] [autocoderover/crun-13] worktree created: /tmp/tmpvvv8dquo/worktrees/test-experiment/autocoderover/crun-13
[2026-10-01 14:57:55] [autocoderover/crun-13] writing task prompt
[2026-10-01 14:57:55] [autocoderover/crun-13] running baseline command in /tmp/tmpvvv8dquo/source
[2026-10-01 14:57:55] [autocoderover/crun-13] baseline finished returncode=1 timed_out=False
[2026-10-01 14:57:55] [autocoderover/crun-13] partial candidate patch size=13 bytes
[2026-10-01 14:57:55] [autocoderover/crun-13] error: baseline command failed with return code 1: fatal detail <redacted>
..........[2026-10-01 14:57:55] [generic/crun-13] initializing run paths: output=/tmp/tmp70tmacfk/results/generic/crun-13 worktree=/tmp/tmp70tmacfk/worktrees/metrics-test/generic/crun-13
[2026-10-01 14:57:55] [generic/crun-13] creating worktree from /tmp/tmp70tmacfk/source at HEAD
[2026-10-01 14:57:55] [generic/crun-13] worktree created: /tmp/tmp70tmacfk/worktrees/metrics-test/generic/crun-13
[2026-10-01 14:57:55] [generic/crun-13] writing task prompt
[2026-10-01 14:57:55] [generic/crun-13] running baseline command in /tmp/tmp70tmacfk/source
[2026-10-01 14:57:55] [generic/crun-13] baseline finished returncode=0 timed_out=False
[2026-10-01 14:57:55] [generic/crun-13] collecting git diff
[2026-10-01 14:57:55] [generic/crun-13] candidate patch size=0 bytes
[2026-10-01 14:57:55] [generic/crun-13] error: baseline produced no git diff
[2026-10-01 14:57:55] [generic/crun-13] initializing run paths: output=/tmp/tmpriakr0ix/results/generic/crun-13 worktree=/tmp/tmpriakr0ix/worktrees/metrics-test/generic/crun-13
[2026-10-01 14:57:55] [generic/crun-13] creating worktree from /tmp/tmpriakr0ix/source at HEAD
[2026-10-01 14:57:55] [generic/crun-13] worktree created: /tmp/tmpriakr0ix/worktrees/metrics-test/generic/crun-13
[2026-10-01 14:57:55] [generic/crun-13] writing task prompt
[2026-10-01 14:57:55] [generic/crun-13] running baseline command in /tmp/tmpriakr0ix/source
[2026-10-01 14:57:55] [generic/crun-13] baseline finished returncode=0 timed_out=False
[2026-10-01 14:57:55] [generic/crun-13] collecting git diff
[2026-10-01 14:57:55] [generic/crun-13] candidate patch size=5 bytes
[2026-10-01 14:57:55] [generic/crun-13] building candidate runtime
[2026-10-01 14:57:55] [generic/crun-13] build finished returncode=1 timed_out=False
[2026-10-01 14:57:55] [generic/crun-13] error: build failed
[2026-10-01 14:57:55] [generic/crun-13] initializing run paths: output=/tmp/tmpnoj4r9g5/results/generic/crun-13 worktree=/tmp/tmpnoj4r9g5/worktrees/metrics-test/generic/crun-13
[2026-10-01 14:57:55] [generic/crun-13] creating worktree from /tmp/tmpnoj4r9g5/source at HEAD
[2026-10-01 14:57:55] [generic/crun-13] worktree created: /tmp/tmpnoj4r9g5/worktrees/metrics-test/generic/crun-13
[2026-10-01 14:57:55] [generic/crun-13] writing task prompt
[2026-10-01 14:57:55] [generic/crun-13] running baseline command in /tmp/tmpnoj4r9g5/source
[2026-10-01 14:57:55] [generic/crun-13] baseline finished returncode=0 timed_out=False
[2026-10-01 14:57:55] [generic/crun-13] collecting git diff
[2026-10-01 14:57:55] [generic/crun-13] candidate patch size=5 bytes
[2026-10-01 14:57:55] [generic/crun-13] building candidate runtime
[2026-10-01 14:57:55] [generic/crun-13] build finished returncode=0 timed_out=False
[2026-10-01 14:57:55] [generic/crun-13] validating candidate runtime path: /tmp/tmpnoj4r9g5/worktrees/metrics-test/generic/crun-13/crun
[2026-10-01 14:57:55] [generic/crun-13] running oracle
[2026-10-01 14:57:55] [generic/crun-13] oracle finished returncode=1 timed_out=False
[2026-10-01 14:57:55] [generic/crun-13] writing final metadata: /tmp/tmpnoj4r9g5/results/generic/crun-13/metadata.json
[2026-10-01 14:57:55] [generic/crun-13] run done elapsed_seconds=0.003
[2026-10-01 14:57:55] [generic/crun-13] initializing run paths: output=/tmp/tmpdhihoi13/results/generic/crun-13 worktree=/tmp/tmpdhihoi13/worktrees/metrics-test/generic/crun-13
[2026-10-01 14:57:55] [generic/crun-13] creating worktree from /tmp/tmpdhihoi13/source at HEAD
[2026-10-01 14:57:55] [generic/crun-13] worktree created: /tmp/tmpdhihoi13/worktrees/metrics-test/generic/crun-13
[2026-10-01 14:57:55] [generic/crun-13] writing task prompt
[2026-10-01 14:57:55] [generic/crun-13] running baseline command in /tmp/tmpdhihoi13/source
[2026-10-01 14:57:55] [generic/crun-13] baseline finished returncode=0 timed_out=False
[2026-10-01 14:57:55] [generic/crun-13] collecting git diff
[2026-10-01 14:57:55] [generic/crun-13] candidate patch size=5 bytes
[2026-10-01 14:57:55] [generic/crun-13] building candidate runtime
[2026-10-01 14:57:55] [generic/crun-13] build finished returncode=0 timed_out=False
[2026-10-01 14:57:55] [generic/crun-13] validating candidate runtime path: /tmp/tmpdhihoi13/worktrees/metrics-test/generic/crun-13/crun
[2026-10-01 14:57:55] [generic/crun-13] running oracle
[2026-10-01 14:57:55] [generic/crun-13] oracle finished returncode=0 timed_out=False
[2026-10-01 14:57:55] [generic/crun-13] writing final metadata: /tmp/tmpdhihoi13/results/generic/crun-13/metadata.json
[2026-10-01 14:57:55] [generic/crun-13] run done elapsed_seconds=0.004
...............
----------------------------------------------------------------------
Ran 131 tests in 12.752s

OK (skipped=3)
