   Compiling proc-macro2 v1.0.106
   Compiling unicode-ident v1.0.24
   Compiling quote v1.0.44
   Compiling libc v0.2.180
   Compiling cfg-if v1.0.4
   Compiling anyhow v1.0.102
   Compiling ident_case v1.0.1
   Compiling serde_core v1.0.228
   Compiling fnv v1.0.7
   Compiling rustversion v1.0.22
   Compiling strsim v0.11.1
   Compiling bitflags v2.11.0
   Compiling serde v1.0.228
   Compiling thiserror v1.0.69
   Compiling once_cell v1.21.3
   Compiling rustix v1.1.3
   Compiling getrandom v0.4.1
   Compiling autocfg v1.5.0
   Compiling memchr v2.8.0
   Compiling linux-raw-sys v0.11.0
   Compiling fastrand v2.3.0
   Compiling protobuf v3.7.2
   Compiling cfg_aliases v0.2.1
   Compiling heck v0.5.0
   Compiling zmij v1.0.21
   Compiling regex-syntax v0.8.9
   Compiling rustix v0.38.44
   Compiling log v0.4.29
   Compiling linux-raw-sys v0.4.15
   Compiling serde_json v1.0.149
   Compiling tracing-core v0.1.36
   Compiling equivalent v1.0.2
   Compiling itoa v1.0.17
   Compiling either v1.15.0
   Compiling home v0.5.12
   Compiling hashbrown v0.16.1
   Compiling thiserror v2.0.18
   Compiling crossbeam-utils v0.8.21
   Compiling pkg-config v0.3.32
   Compiling find-msvc-tools v0.1.5
   Compiling shlex v1.3.0
   Compiling unicode-xid v0.2.6
   Compiling crc32fast v1.5.0
   Compiling paste v1.0.15
   Compiling num-traits v0.2.19
   Compiling memoffset v0.9.1
   Compiling cc v1.2.49
   Compiling nix v0.29.0
   Compiling iana-time-zone v0.1.60
   Compiling adler2 v2.0.1
   Compiling simd-adler32 v0.3.8
   Compiling pin-project-lite v0.2.16
   Compiling aho-corasick v1.1.4
   Compiling nix v0.31.1
   Compiling hex v0.4.3
   Compiling miniz_oxide v0.8.9
   Compiling libseccomp-sys v0.3.0
   Compiling procfs v0.17.0
   Compiling indexmap v2.13.0
   Compiling clap_lex v0.7.6
   Compiling rand_core v0.10.0
   Compiling powerfmt v0.2.0
   Compiling strum v0.27.2
   Compiling anstyle v1.0.13
   Compiling semver v1.0.27
   Compiling bytes v1.11.1
   Compiling libseccomp v0.4.0
   Compiling lazy_static v1.5.0
   Compiling vergen-lib v9.1.0
   Compiling deranged v0.5.5
   Compiling vergen v9.1.0
   Compiling syn v2.0.117
   Compiling static_assertions v1.1.0
   Compiling netlink-packet-core v0.8.1
   Compiling time-core v0.1.8
   Compiling num-conv v0.2.0
   Compiling clap_builder v4.5.53
   Compiling proc-macro-error-attr2 v2.0.0
   Compiling const_format_proc_macros v0.2.34
   Compiling flate2 v1.1.9
   Compiling itertools v0.14.0
   Compiling num_threads v0.1.7
   Compiling sharded-slab v0.1.7
   Compiling vergen-gitcl v9.1.0
   Compiling rustc_version v0.4.1
   Compiling crossbeam-epoch v0.9.18
   Compiling tracing-log v0.2.0
   Compiling thread_local v1.1.9
   Compiling fixedbitset v0.5.7
   Compiling nu-ansi-term v0.50.3
   Compiling smallvec v1.15.1
   Compiling crossbeam-queue v0.3.12
   Compiling crossbeam-channel v0.5.15
   Compiling no-std-net v0.6.0
   Compiling cpufeatures v0.3.0
   Compiling pnet_base v0.35.0
   Compiling chacha20 v0.10.0
   Compiling unicode-width v0.2.2
   Compiling uuid v1.22.0
   Compiling wasm-sample v0.1.0 (/home/aludy/scires/Cloud_Spec_Exp/external/worktrees/oci-metagpt-agentless-mini-rerun/agentless-oci-adapted/youki-3428/tools/wasm-sample)
   Compiling crossbeam-deque v0.8.6
   Compiling tabwriter v1.4.1
   Compiling nc v0.9.7
   Compiling crossbeam v0.8.4
   Compiling const_format v0.2.35
   Compiling regex-automata v0.4.14
   Compiling netlink-packet-route v0.26.0
   Compiling netlink-sys v0.8.8
   Compiling safe-path v0.1.0
   Compiling caps v0.5.6
   Compiling num_cpus v1.17.0
   Compiling filetime v0.2.26
   Compiling pnet_sys v0.35.0
   Compiling which v8.0.2
   Compiling tempfile v3.25.0
   Compiling which v4.4.2
   Compiling time v0.3.47
   Compiling rand v0.10.0
   Compiling pentacle v1.1.0
   Compiling test_framework v0.0.1 (/home/aludy/scires/Cloud_Spec_Exp/external/worktrees/oci-metagpt-agentless-mini-rerun/agentless-oci-adapted/youki-3428/tests/contest/test_framework)
   Compiling prctl v1.0.0
   Compiling pathrs v0.2.3
   Compiling regex v1.12.3
   Compiling xattr v1.6.1
   Compiling darling_core v0.20.11
   Compiling proc-macro-error2 v2.0.1
   Compiling tar v0.4.44
   Compiling serde_derive v1.0.228
   Compiling thiserror-impl v1.0.69
   Compiling thiserror-impl v2.0.18
   Compiling tracing-attributes v0.1.31
   Compiling strum_macros v0.27.2
   Compiling getset v0.1.6
   Compiling clap_derive v4.5.49
   Compiling tracing v0.1.44
   Compiling protobuf-support v3.7.2
   Compiling matchers v0.2.0
   Compiling darling_macro v0.20.11
   Compiling clap v4.5.53
   Compiling liboci-cli v0.6.0 (/home/aludy/scires/Cloud_Spec_Exp/external/worktrees/oci-metagpt-agentless-mini-rerun/agentless-oci-adapted/youki-3428/crates/liboci-cli)
   Compiling clap_complete v4.5.61
   Compiling darling v0.20.11
   Compiling derive_builder_core v0.20.2
   Compiling derive_builder_macro v0.20.2
   Compiling derive_builder v0.20.2
   Compiling chrono v0.4.44
   Compiling oci-spec v0.9.0
   Compiling tracing-serde v0.2.0
   Compiling ipnetwork v0.20.0
   Compiling tracing-subscriber v0.3.22
   Compiling pnet_datalink v0.35.0
   Compiling youki v0.6.0 (/home/aludy/scires/Cloud_Spec_Exp/external/worktrees/oci-metagpt-agentless-mini-rerun/agentless-oci-adapted/youki-3428/crates/youki)
   Compiling procfs-core v0.17.0
   Compiling protobuf-parse v3.7.2
   Compiling tracing-journald v0.3.2
   Compiling protobuf-codegen v3.7.2
   Compiling rust-criu v0.5.0
   Compiling runtimetest v0.0.1 (/home/aludy/scires/Cloud_Spec_Exp/external/worktrees/oci-metagpt-agentless-mini-rerun/agentless-oci-adapted/youki-3428/tests/contest/runtimetest)
   Compiling libcgroups v0.6.0 (/home/aludy/scires/Cloud_Spec_Exp/external/worktrees/oci-metagpt-agentless-mini-rerun/agentless-oci-adapted/youki-3428/crates/libcgroups)
   Compiling libcontainer v0.6.0 (/home/aludy/scires/Cloud_Spec_Exp/external/worktrees/oci-metagpt-agentless-mini-rerun/agentless-oci-adapted/youki-3428/crates/libcontainer)
error[E0515]: cannot return value referencing function parameter `process`
  --> crates/libcontainer/src/container/tenant_builder.rs:38:29
   |
38 |         .and_then(|process| process.env().as_ref())
   |                             -------^^^^^^^^^^^^^^^
   |                             |
   |                             returns a value referencing data owned by the current function
   |                             `process` is borrowed here

error[E0507]: cannot move out of a shared reference
  --> crates/libcontainer/src/container/tenant_builder.rs:37:5
   |
37 |     spec.process()
   |     ^^^^^^^^^^^^^^
   |     |
   |     help: consider calling `.as_ref()` or `.as_mut()` to borrow the type's contents
   |     move occurs because value has type `std::option::Option<oci_spec::runtime::Process>`, which does not implement the `Copy` trait
38 |         .and_then(|process| process.env().as_ref())
   |          ------------------------------------------ value moved due to this method call
   |
note: `std::option::Option::<T>::and_then` takes ownership of the receiver `self`, which moves value
  --> /rustc/ded5c06cf21d2b93bffd5d884aa6e96934ee4234/library/core/src/option.rs:1540:33
help: you can `clone` the value and consume it, but this might not be your desired behavior
   |
37 |     <std::option::Option<oci_spec::runtime::Process> as Clone>::clone(&spec.process())
   |     +++++++++++++++++++++++++++++++++++++++++++++++++++++++++++++++++++              +
help: consider cloning the value if the performance cost is acceptable
   |
37 |     spec.process().clone()
   |                   ++++++++

Some errors have detailed explanations: E0507, E0515.
For more information about an error, try `rustc --explain E0507`.
error: could not compile `libcontainer` (lib) due to 2 previous errors
warning: build failed, waiting for other jobs to finish...
