Initialized empty Git repository in /home/aludy/scires/Cloud_Spec_Exp/external/baselines/Agentless/playground/d3e7470f-9ee7-4295-9cf1-8e101000c4ee/.git/
[master (root-commit) 90a5729] initial commit
 1 file changed, 2301 insertions(+)
 create mode 100644 src/libcrun/container.c
trying the 1-th sample ...
--- src/libcrun/container.c
+++ src/libcrun/container.c
@@ -787,7 +787,12 @@
     {
       ret = run_process_with_stdin_timeout_envp (hooks[i]->path, hooks[i]->args, cwd, hooks[i]->timeout, hooks[i]->env, stdin, stdin_len, err);
       if (!keep_going && UNLIKELY (ret != 0))
+        {
+          if (*err == NULL)
+            crun_make_error (err, ret, "hook `%s` failed with exit status %d", hooks[i]->path, ret);
+          ret = -1;
           goto exit;
+        }
     }
 
   ret = 0;
@@ -1479,6 +1484,11 @@
                       def->hooks->prestart_len, err);
       if (UNLIKELY (ret != 0))
         {
+          /* The container process is blocked waiting for the next sync message.
+             Send the hook failure through the sync socket so it exits
+             immediately instead of waiting indefinitely.  */
+          if (*err)
+            sync_socket_write_error (sync_socket, err);
           cleanup_watch (context, pid, def, context->id, sync_socket, terminal_fd);
           return ret;
         }
--- src/libcrun/container.c
+++ src/libcrun/container.c
@@ -787,7 +787,12 @@
     {
       ret = run_process_with_stdin_timeout_envp (hooks[i]->path, hooks[i]->args, cwd, hooks[i]->timeout, hooks[i]->env, stdin, stdin_len, err);
       if (!keep_going && UNLIKELY (ret != 0))
+        {
+          if (*err == NULL)
+            crun_make_error (err, ret, "hook `%s` failed with exit status %d", hooks[i]->path, ret);
+          ret = -1;
           goto exit;
+        }
     }
 
   ret = 0;
@@ -1479,6 +1484,11 @@
                       def->hooks->prestart_len, err);
       if (UNLIKELY (ret != 0))
         {
+          /* The container process is blocked waiting for the next sync message.
+             Send the hook failure through the sync socket so it exits
+             immediately instead of waiting indefinitely.  */
+          if (*err)
+            sync_socket_write_error (sync_socket, err);
           cleanup_watch (context, pid, def, context->id, sync_socket, terminal_fd);
           return ret;
         }
