Initialized empty Git repository in /home/aludy/scires/Cloud_Spec_Exp/external/baselines/Agentless/playground/207c6b41-9c60-4f3b-9d6c-919c597da45b/.git/
[master (root-commit) 0c82dd8] initial commit
 1 file changed, 1146 insertions(+)
 create mode 100644 libcontainer/specconv/spec_linux.go
trying the 1-th sample ...
--- libcontainer/specconv/spec_linux.go
+++ libcontainer/specconv/spec_linux.go
@@ -773,6 +773,12 @@
 			}
 			if r.Pids != nil {
 				c.Resources.PidsLimit = r.Pids.Limit
+				// Per the OCI runtime-spec, pids.limit of 0 means "unlimited".
+				// Internally, runc uses 0 as the unset value and -1 as the
+				// unlimited sentinel, so translate explicit OCI zero here.
+				if c.Resources.PidsLimit == 0 {
+					c.Resources.PidsLimit = -1
+				}
 			}
 			if r.BlockIO != nil {
 				if r.BlockIO.Weight != nil {
--- libcontainer/specconv/spec_linux.go
+++ libcontainer/specconv/spec_linux.go
@@ -773,6 +773,12 @@
 			}
 			if r.Pids != nil {
 				c.Resources.PidsLimit = r.Pids.Limit
+				// Per the OCI runtime-spec, pids.limit of 0 means "unlimited".
+				// Internally, runc uses 0 as the unset value and -1 as the
+				// unlimited sentinel, so translate explicit OCI zero here.
+				if c.Resources.PidsLimit == 0 {
+					c.Resources.PidsLimit = -1
+				}
 			}
 			if r.BlockIO != nil {
 				if r.BlockIO.Weight != nil {
