Starting MetaGPT incremental repair mode.
2026-07-26 21:24:09.175 | INFO     | metagpt.const:get_metagpt_root:25 - PROJECT_ROOT set from environment variable to /home/aludy/scires/Cloud_Spec_Exp/external/baselines/MetaGPT
2026-07-26 21:24:09.176 | INFO     | metagpt.const:get_metagpt_package_root:15 - Package root set to /home/aludy/scires/Cloud_Spec_Exp/external/baselines/MetaGPT
/home/aludy/miniconda3/envs/metagpt/lib/python3.10/site-packages/pydantic/main.py:214: UserWarning: A custom validator is returning a value other than `self`.
Returning anything other than `self` from a top level model validator isn't supported when validating via `__init__`.
See the `model_validator` docs (https://docs.pydantic.dev/latest/concepts/validators/#model-validators) for more details.
  warnings.warn(
2026-07-26 21:24:30.787 | INFO     | metagpt.team:invest:96 - Investment: $3.0.
2026-07-26 21:25:13.663 | INFO     | metagpt.roles.di.role_zero:_act:292 - Commands: 
[{'command_name': 'Plan.append_task', 'args': {'task_id': '1', 'dependent_task_ids': [], 'instruction': 'Fix OCI runtime bug case runc-4769 in runc. Target runtime: runc. Title: Behavior change when duplicate additionalGids are specified. Upstream issue: https://github.com/opencontainers/runc/issues/4769. Category: Process & Execution.\n\nGoal: Modify the runtime source code so the candidate runtime behavior matches the configured reference runtime for the OCI reproduction case. Specifically, duplicate process.user.additionalGids should be deduplicated to match runc v1.2.6 behavior: additionalGids [1000, 2000, 3000, 3000] should result in id reporting groups=1000,2000,3000, not groups=1000,2000,3000,3000.\n\nDo not edit the dataset, generated worktree metadata, or oracle scripts.\n\nWritable target repository, the only location where source changes are allowed: /home/aludy/scires/Cloud_Spec_Exp/external/worktrees/oci-metagpt-agentless-mini-rerun/metagpt/runc-4769\n\nRequired first command: cd /home/aludy/scires/Cloud_Spec_Exp/external/worktrees/oci-metagpt-agentless-mini-rerun/metagpt/runc-4769 && git rev-parse HEAD && git status --short\n\nInspect, edit, build, and collect git diff only in the writable target repository. Do not inspect or modify the source checkout under external/subjects; it may be at a different revision. Use absolute paths when calling Editor tools, and ensure every edited path is inside the writable target repository.\n\nReproduction bundle absolute path, read-only: /home/aludy/scires/Cloud_Spec_Exp/external/oci-differential-dataset/cases/runc-4769\nRootfs tar absolute path: /home/aludy/scires/Cloud_Spec_Exp/external/oci-differential-dataset/alpine-base.tar.gz\nRun reproduction commands from the reproduction bundle directory.\n\nBuild command that will be used after changes: make runc\nCandidate runtime path after build: runc\n\nValidation procedure:\n1. Run this case with the affected/candidate runtime, for example RUNTIME=/home/aludy/scires/Cloud_Spec_Exp/external/worktrees/oci-metagpt-agentless-mini-rerun/metagpt/runc-4769/runc bash repro.sh from /home/aludy/scires/Cloud_Spec_Exp/external/oci-differential-dataset/cases/runc-4769.\n2. The buggy_config.json payload is process.user: {"uid": 0, "gid": 0, "additionalGids": [1000, 2000, 3000, 3000]}; process args: ["/usr/bin/id"]. Expected candidate/reference behavior after fix: id reports groups=1000,2000,3000.\n3. Run CONFIG=base_config.json with the candidate runtime as a sanity check; baseline should report groups=1000,2000,3000.\n4. Treat missing runtime binaries, missing rootfs archive, or insufficient privileges as environment failures rather than successful reproductions.\n\nImportant case context: runc v1.3.0 preserves duplicate additionalGids, producing groups=1000,2000,3000,3000. runc v1.2.6 deduplicates duplicate additionalGids, producing groups=1000,2000,3000. crun 1.14.1 preserves duplicates, while youki follows the older runc behavior and deduplicates them. The reported behavior changed after opencontainers/runc PR #3999 removed the older path that indirectly deduplicated group IDs through a map.\n\nPlease inspect the relevant runc source, implement the minimal source change inside the writable repository only, build with make runc, run validation if the environment permits, and report the final git diff and validation results.', 'assignee': 'Alex'}}, {'command_name': 'TeamLeader.publish_team_message', 'args': {'content': 'Fix OCI runtime bug case runc-4769 in runc. Target runtime: runc. Title: Behavior change when duplicate additionalGids are specified. Upstream issue: https://github.com/opencontainers/runc/issues/4769. Category: Process & Execution.\n\nGoal: Modify the runtime source code so the candidate runtime behavior matches the configured reference runtime for the OCI reproduction case. Specifically, duplicate process.user.additionalGids should be deduplicated to match runc v1.2.6 behavior: additionalGids [1000, 2000, 3000, 3000] should result in id reporting groups=1000,2000,3000, not groups=1000,2000,3000,3000.\n\nDo not edit the dataset, generated worktree metadata, or oracle scripts.\n\nWritable target repository, the only location where source changes are allowed: /home/aludy/scires/Cloud_Spec_Exp/external/worktrees/oci-metagpt-agentless-mini-rerun/metagpt/runc-4769\n\nRequired first command: cd /home/aludy/scires/Cloud_Spec_Exp/external/worktrees/oci-metagpt-agentless-mini-rerun/metagpt/runc-4769 && git rev-parse HEAD && git status --short\n\nInspect, edit, build, and collect git diff only in the writable target repository. Do not inspect or modify the source checkout under external/subjects; it may be at a different revision. Use absolute paths when calling Editor tools, and ensure every edited path is inside the writable target repository.\n\nReproduction bundle absolute path, read-only: /home/aludy/scires/Cloud_Spec_Exp/external/oci-differential-dataset/cases/runc-4769\nRootfs tar absolute path: /home/aludy/scires/Cloud_Spec_Exp/external/oci-differential-dataset/alpine-base.tar.gz\nRun reproduction commands from the reproduction bundle directory.\n\nBuild command that will be used after changes: make runc\nCandidate runtime path after build: runc\n\nValidation procedure:\n1. Run this case with the affected/candidate runtime, for example RUNTIME=/home/aludy/scires/Cloud_Spec_Exp/external/worktrees/oci-metagpt-agentless-mini-rerun/metagpt/runc-4769/runc bash repro.sh from /home/aludy/scires/Cloud_Spec_Exp/external/oci-differential-dataset/cases/runc-4769.\n2. The buggy_config.json payload is process.user: {"uid": 0, "gid": 0, "additionalGids": [1000, 2000, 3000, 3000]}; process args: ["/usr/bin/id"]. Expected candidate/reference behavior after fix: id reports groups=1000,2000,3000.\n3. Run CONFIG=base_config.json with the candidate runtime as a sanity check; baseline should report groups=1000,2000,3000.\n4. Treat missing runtime binaries, missing rootfs archive, or insufficient privileges as environment failures rather than successful reproductions.\n\nImportant case context: runc v1.3.0 preserves duplicate additionalGids, producing groups=1000,2000,3000,3000. runc v1.2.6 deduplicates duplicate additionalGids, producing groups=1000,2000,3000. crun 1.14.1 preserves duplicates, while youki follows the older runc behavior and deduplicates them. The reported behavior changed after opencontainers/runc PR #3999 removed the older path that indirectly deduplicated group IDs through a map.\n\nPlease inspect the relevant runc source, implement the minimal source change inside the writable repository only, build with make runc, run validation if the environment permits, and report the final git diff and validation results.', 'send_to': 'Alex'}}, {'command_name': 'RoleZero.reply_to_human', 'args': {'content': 'I’ve assigned the runc-4769 source-code bug fix to Alex. He will work only inside the writable runc repository, start with the required git command, implement the duplicate additionalGids deduplication behavior, build with make runc, validate using the provided reproduction bundle if possible, and report the final diff and results.'}}]
2026-07-26 21:25:13.665 | INFO     | metagpt.roles.di.role_zero:_act:294 - Commands outputs: 
Command Plan.append_task executed

Command TeamLeader.publish_team_message executed

Command RoleZero.reply_to_human executed: SUCCESS, human has received your reply. Refrain from resending duplicate messages.  If you no longer need to take action, use the command ‘end’ to stop.
2026-07-26 21:25:13.675 | INFO     | metagpt.tools.libs.terminal:_check_state:65 - The terminal is at:
2026-07-26 21:26:33.700 | INFO     | metagpt.roles.di.role_zero:_act:292 - Commands: 
[{'command_name': 'Terminal.run_command', 'args': {'cmd': 'cd /home/aludy/scires/Cloud_Spec_Exp/external/worktrees/oci-metagpt-agentless-mini-rerun/metagpt/runc-4769 && git rev-parse HEAD && git status --short'}}, {'command_name': 'Plan.append_task', 'args': {'task_id': '1', 'dependent_task_ids': [], 'instruction': 'Inspect the runc source inside the writable repository to locate where process.user.additionalGids are converted/applied, focusing on places that may need deduplication before process execution.', 'assignee': 'Alex'}}, {'command_name': 'Plan.append_task', 'args': {'task_id': '2', 'dependent_task_ids': ['1'], 'instruction': 'Implement the minimal source change inside the writable repository to deduplicate duplicate additionalGids while preserving first-seen order.', 'assignee': 'Alex'}}, {'command_name': 'Plan.append_task', 'args': {'task_id': '3', 'dependent_task_ids': ['2'], 'instruction': 'Build with make runc, run the runc-4769 reproduction validation if permitted, collect git diff, and report results.', 'assignee': 'Alex'}}]
2026-07-26 21:26:33.763 | INFO     | metagpt.roles.di.role_zero:_act:294 - Commands outputs: 
Command Terminal.run_command executed:
[command]: cd /home/aludy/scires/Cloud_Spec_Exp/external/worktrees/oci-metagpt-agentless-mini-rerun/metagpt/runc-4769 && git rev-parse HEAD && git status --short 
[command output] : 8b0e7511cf9207d06803fe8658956f960e13968e


Command Plan.append_task executed

Command Plan.append_task executed

Command Plan.append_task executed
2026-07-26 21:26:38.334 | INFO     | metagpt.roles.di.role_zero:_act:292 - Commands: 
[{'command_name': 'Terminal.run_command', 'args': {'cmd': 'pwd && grep -R "AdditionalGids\\|additionalGids\\|AdditionalGroups\\|setgroups\\|Setgroups" -n --exclude-dir=.git . | head -250'}}]
2026-07-26 21:26:38.430 | INFO     | metagpt.roles.di.role_zero:_act:294 - Commands outputs: 
Command Terminal.run_command executed:
[command]: pwd && grep -R "AdditionalGids\|additionalGids\|AdditionalGroups\|setgroups\|Setgroups" -n --exclude-dir=.git . | head -250 
[command output] : /home/aludy/scires/Cloud_Spec_Exp/external/worktrees/oci-metagpt-agentless-mini-rerun/metagpt/runc-4769
./vendor/golang.org/x/sys/unix/zsyscall_openbsd_ppc64.go:32:func setgroups(ngid int, gid *_Gid_t) (err error) {
./vendor/golang.org/x/sys/unix/zsyscall_openbsd_ppc64.go:33:	_, _, e1 := syscall_rawSyscall(libc_setgroups_trampoline_addr, uintptr(ngid), uintptr(unsafe.Pointer(gid)), 0)
./vendor/golang.org/x/sys/unix/zsyscall_openbsd_ppc64.go:40:var libc_setgroups_trampoline_addr uintptr
./vendor/golang.org/x/sys/unix/zsyscall_openbsd_ppc64.go:42://go:cgo_import_dynamic libc_setgroups setgroups "libc.so"
./vendor/golang.org/x/sys/unix/syscall_solaris.go:187://sysnb	setgroups(ngid int, gid *_Gid_t) (err error)
./vendor/golang.org/x/sys/unix/syscall_solaris.go:214:func Setgroups(gids []int) (err error) {
./vendor/golang.org/x/sys/unix/syscall_solaris.go:216:		return setgroups(0, nil)
./vendor/golang.org/x/sys/unix/syscall_solaris.go:223:	return setgroups(len(a), &a[0])
./vendor/golang.org/x/sys/unix/zsyscall_darwin_amd64.go:32:func setgroups(ngid int, gid *_Gid_t) (err error) {
./vendor/golang.org/x/sys/unix/zsyscall_darwin_amd64.go:33:	_, _, e1 := syscall_rawSyscall(libc_setgroups_trampoline_addr, uintptr(ngid), uintptr(unsafe.Pointer(gid)), 0)
./vendor/golang.org/x/sys/unix/zsyscall_darwin_amd64.go:40:var libc_setgroups_trampoline_addr uintptr
./vendor/golang.org/x/sys/unix/zsyscall_darwin_amd64.go:42://go:cgo_import_dynamic libc_setgroups setgroups "/usr/lib/libSystem.B.dylib"
./vendor/golang.org/x/sys/unix/zsyscall_linux_amd64.go:449:func setgroups(n int, list *_Gid_t) (err error) {
./vendor/golang.org/x/sys/unix/zsyscall_freebsd_386.go:28:func setgroups(ngid int, gid *_Gid_t) (err error) {
./vendor/golang.org/x/sys/unix/syscall_linux_ppc.go:45://sysnb	setgroups(n int, list *_Gid_t) (err error)
./vendor/golang.org/x/sys/unix/zsyscall_linux_sparc64.go:449:func setgroups(n int, list *_Gid_t) (err error) {
./vendor/golang.org/x/sys/unix/syscall_linux_arm.go:33://sysnb	setgroups(n int, list *_Gid_t) (err error) = SYS_SETGROUPS32
./vendor/golang.org/x/sys/unix/zsyscall_linux_mipsle.go:348:func setgroups(n int, list *_Gid_t) (err error) {
./vendor/golang.org/x/sys/unix/zsysnum_freebsd_386.go:69:	SYS_SETGROUPS                = 80  // { int setgroups(u_int gidsetsize, gid_t *gidset); }
./vendor/golang.org/x/sys/unix/syscall_bsd.go:41://sysnb	setgroups(ngid int, gid *_Gid_t) (err error)
./vendor/golang.org/x/sys/unix/syscall_bsd.go:69:func Setgroups(gids []int) (err error) {
./vendor/golang.org/x/sys/unix/syscall_bsd.go:71:		return setgroups(0, nil)
./vendor/golang.org/x/sys/unix/syscall_bsd.go:78:	return setgroups(len(a), &a[0])
./vendor/golang.org/x/sys/unix/zsyscall_linux_s390x.go:408:func setgroups(n int, list *_Gid_t) (err error) {
./vendor/golang.org/x/sys/unix/zsysnum_openbsd_amd64.go:87:	SYS_SETGROUPS      = 80  // { int sys_setgroups(int gidsetsize, const gid_t *gidset); }
./vendor/golang.org/x/sys/unix/zsyscall_linux_arm.go:90:func setgroups(n int, list *_Gid_t) (err error) {
./vendor/golang.org/x/sys/unix/zsysnum_netbsd_arm.go:65:	SYS_SETGROUPS            = 80  // { int|sys||setgroups(int gidsetsize, const gid_t *gidset); }
./vendor/golang.org/x/sys/unix/zsyscall_openbsd_arm64.s:11:TEXT libc_setgroups_trampoline<>(SB),NOSPLIT,$0-0
./vendor/golang.org/x/sys/unix/zsyscall_openbsd_arm64.s:12:	JMP	libc_setgroups(SB)
./vendor/golang.org/x/sys/unix/zsyscall_openbsd_arm64.s:13:GLOBL	·libc_setgroups_trampoline_addr(SB), RODATA, $8
./vendor/golang.org/x/sys/unix/zsyscall_openbsd_arm64.s:14:DATA	·libc_setgroups_trampoline_addr(SB)/8, $libc_setgroups_trampoline<>(SB)
./vendor/golang.org/x/sys/unix/syscall_linux.go:299:func Setgroups(gids []int) (err error) {
./vendor/golang.org/x/sys/unix/syscall_linux.go:301:		return setgroups(0, nil)
./vendor/golang.org/x/sys/unix/syscall_linux.go:308:	return setgroups(len(a), &a[0])
./vendor/golang.org/x/sys/unix/syscall_linux_arm64.go:68://sysnb	setgroups(n int, list *_Gid_t) (err error)
./vendor/golang.org/x/sys/unix/syscall_linux_amd64.go:64://sysnb	setgroups(n int, list *_Gid_t) (err error)
./vendor/golang.org/x/sys/unix/syscall_linux_ppc64x.go:45://sysnb	setgroups(n int, list *_Gid_t) (err error)
./vendor/golang.org/x/sys/unix/zsysnum_netbsd_amd64.go:65:	SYS_SETGROUPS            = 80  // { int|sys||setgroups(int gidsetsize, const gid_t *gidset); }
./vendor/golang.org/x/sys/unix/zsyscall_openbsd_386.s:11:TEXT libc_setgroups_trampoline<>(SB),NOSPLIT,$0-0
./vendor/golang.org/x/sys/unix/zsyscall_openbsd_386.s:12:	JMP	libc_setgroups(SB)
./vendor/golang.org/x/sys/unix/zsyscall_openbsd_386.s:13:GLOBL	·libc_setgroups_trampoline_addr(SB), RODATA, $4
./vendor/golang.org/x/sys/unix/zsyscall_openbsd_386.s:14:DATA	·libc_setgroups_trampoline_addr(SB)/4, $libc_setgroups_trampoline<>(SB)
./vendor/golang.org/x/sys/unix/syscall_linux_mips64x.go:48://sysnb	setgroups(n int, list *_Gid_t) (err error)
./vendor/golang.org/x/sys/unix/zsysnum_netbsd_386.go:65:	SYS_SETGROUPS            = 80  // { int|sys||setgroups(int gidsetsize, const gid_t *gidset); }
./vendor/golang.org/x/sys/unix/zsysnum_netbsd_arm64.go:65:	SYS_SETGROUPS            = 80  // { int|sys||setgroups(int gidsetsize, const gid_t *gidset); }
./vendor/golang.org/x/sys/unix/zsyscall_linux_386.go:361:func setgroups(n int, list *_Gid_t) (err error) {
./vendor/golang.org/x/sys/unix/zsyscall_openbsd_arm.s:11:TEXT libc_setgroups_trampoline<>(SB),NOSPLIT,$0-0
./vendor/golang.org/x/sys/unix/zsyscall_openbsd_arm.s:12:	JMP	libc_setgroups(SB)
./vendor/golang.org/x/sys/unix/zsyscall_openbsd_arm.s:13:GLOBL	·libc_setgroups_trampoline_addr(SB), RODATA, $4
./vendor/golang.org/x/sys/unix/zsyscall_openbsd_arm.s:14:DATA	·libc_setgroups_trampoline_addr(SB)/4, $libc_setgroups_trampoline<>(SB)
./vendor/golang.org/x/sys/unix/zsysnum_freebsd_arm64.go:69:	SYS_SETGROUPS                = 80  // { int setgroups(u_int gidsetsize, gid_t *gidset); }
./vendor/golang.org/x/sys/unix/zsyscall_freebsd_riscv64.go:28:func setgroups(ngid int, gid *_Gid_t) (err error) {
./vendor/golang.org/x/sys/unix/syscall_linux_386.go:49://sysnb	setgroups(n int, list *_Gid_t) (err error) = SYS_SETGROUPS32
./vendor/golang.org/x/sys/unix/zsyscall_aix_ppc64_gc.go:99://go:cgo_import_dynamic libc_setgroups setgroups "libc.a/shr_64.o"
./vendor/golang.org/x/sys/unix/zsyscall_aix_ppc64_gc.go:216://go:linkname libc_setgroups libc_setgroups
./vendor/golang.org/x/sys/unix/zsyscall_aix_ppc64_gc.go:336:	libc_setgroups,
./vendor/golang.org/x/sys/unix/zsyscall_aix_ppc64_gc.go:989:func callsetgroups(n int, list uintptr) (r1 uintptr, e1 Errno) {
./vendor/golang.org/x/sys/unix/zsyscall_aix_ppc64_gc.go:990:	r1, _, e1 = rawSyscall6(uintptr(unsafe.Pointer(&libc_setgroups)), 2, uintptr(n), list, 0, 0, 0, 0)
./vendor/golang.org/x/sys/unix/zsyscall_openbsd_amd64.go:32:func setgroups(ngid int, gid *_Gid_t) (err error) {
./vendor/golang.org/x/sys/unix/zsyscall_openbsd_amd64.go:33:	_, _, e1 := syscall_rawSyscall(libc_setgroups_trampoline_addr, uintptr(ngid), uintptr(unsafe.Pointer(gid)), 0)
./vendor/golang.org/x/sys/unix/zsyscall_openbsd_amd64.go:40:var libc_setgroups_trampoline_addr uintptr
./vendor/golang.org/x/sys/unix/zsyscall_openbsd_amd64.go:42://go:cgo_import_dynamic libc_setgroups setgroups "libc.so"
./vendor/golang.org/x/sys/unix/zsyscall_linux_ppc.go:413:func setgroups(n int, list *_Gid_t) (err error) {
./vendor/golang.org/x/sys/unix/zsyscall_aix_ppc64.go:1090:func setgroups(n int, list *_Gid_t) (err error) {
./vendor/golang.org/x/sys/unix/zsyscall_aix_ppc64.go:1091:	_, e1 := callsetgroups(n, uintptr(unsafe.Pointer(list)))
./vendor/golang.org/x/sys/unix/zsysnum_freebsd_amd64.go:69:	SYS_SETGROUPS                = 80  // { int setgroups(u_int gidsetsize, gid_t *gidset); }
./vendor/golang.org/x/sys/unix/zsyscall_darwin_arm64.s:16:TEXT libc_setgroups_trampoline<>(SB),NOSPLIT,$0-0
./vendor/golang.org/x/sys/unix/zsyscall_darwin_arm64.s:17:	JMP	libc_setgroups(SB)
./vendor/golang.org/x/sys/unix/zsyscall_darwin_arm64.s:18:GLOBL	·libc_setgroups_trampoline_addr(SB), RODATA, $8
./vendor/golang.org/x/sys/unix/zsyscall_darwin_arm64.s:19:DATA	·libc_setgroups_trampoline_addr(SB)/8, $libc_setgroups_trampoline<>(SB)
./vendor/golang.org/x/sys/unix/zsyscall_zos_s390x.go:316:func setgroups(n int, list *_Gid_t) (err error) {
./vendor/golang.org/x/sys/unix/zsyscall_linux_ppc64le.go:469:func setgroups(n int, list *_Gid_t) (err error) {
./vendor/golang.org/x/sys/unix/zsyscall_openbsd_riscv64.s:11:TEXT libc_setgroups_trampoline<>(SB),NOSPLIT,$0-0
./vendor/golang.org/x/sys/unix/zsyscall_openbsd_riscv64.s:12:	JMP	libc_setgroups(SB)
./vendor/golang.org/x/sys/unix/zsyscall_openbsd_riscv64.s:13:GLOBL	·libc_setgroups_trampoline_addr(SB), RODATA, $8
./vendor/golang.org/x/sys/unix/zsyscall_openbsd_riscv64.s:14:DATA	·libc_setgroups_trampoline_addr(SB)/8, $libc_setgroups_trampoline<>(SB)
./vendor/golang.org/x/sys/unix/zsyscall_openbsd_arm.go:32:func setgroups(ngid int, gid *_Gid_t) (err error) {
./vendor/golang.org/x/sys/unix/zsyscall_openbsd_arm.go:33:	_, _, e1 := syscall_rawSyscall(libc_setgroups_trampoline_addr, uintptr(ngid), uintptr(unsafe.Pointer(gid)), 0)
./vendor/golang.org/x/sys/unix/zsyscall_openbsd_arm.go:40:var libc_setgroups_trampoline_addr uintptr
./vendor/golang.org/x/sys/unix/zsyscall_openbsd_arm.go:42://go:cgo_import_dynamic libc_setgroups setgroups "libc.so"
./vendor/golang.org/x/sys/unix/zsysnum_openbsd_ppc64.go:85:	SYS_SETGROUPS      = 80  // { int sys_setgroups(int gidsetsize, const gid_t *gidset); }
./vendor/golang.org/x/sys/unix/zsysnum_openbsd_386.go:87:	SYS_SETGROUPS      = 80  // { int sys_setgroups(int gidsetsize, const gid_t *gidset); }
./vendor/golang.org/x/sys/unix/zsyscall_solaris_amd64.go:18://go:cgo_import_dynamic libc_setgroups setgroups "libc.so"
./vendor/golang.org/x/sys/unix/zsyscall_solaris_amd64.go:167://go:linkname procsetgroups libc_setgroups
./vendor/golang.org/x/sys/unix/zsyscall_solaris_amd64.go:317:	procsetgroups,
./vendor/golang.org/x/sys/unix/zsyscall_solaris_amd64.go:521:func setgroups(ngid int, gid *_Gid_t) (err error) {
./vendor/golang.org/x/sys/unix/zsyscall_solaris_amd64.go:522:	_, _, e1 := rawSysvicall6(uintptr(unsafe.Pointer(&procsetgroups)), 2, uintptr(ngid), uintptr(unsafe.Pointer(gid)), 0, 0, 0, 0)
./vendor/golang.org/x/sys/unix/zsyscall_openbsd_mips64.s:11:TEXT libc_setgroups_trampoline<>(SB),NOSPLIT,$0-0
./vendor/golang.org/x/sys/unix/zsyscall_openbsd_mips64.s:12:	JMP	libc_setgroups(SB)
./vendor/golang.org/x/sys/unix/zsyscall_openbsd_mips64.s:13:GLOBL	·libc_setgroups_trampoline_addr(SB), RODATA, $8
./vendor/golang.org/x/sys/unix/zsyscall_openbsd_mips64.s:14:DATA	·libc_setgroups_trampoline_addr(SB)/8, $libc_setgroups_trampoline<>(SB)
./vendor/golang.org/x/sys/unix/zsyscall_freebsd_arm64.go:28:func setgroups(ngid int, gid *_Gid_t) (err error) {
./vendor/golang.org/x/sys/unix/zsyscall_openbsd_riscv64.go:32:func setgroups(ngid int, gid *_Gid_t) (err error) {
./vendor/golang.org/x/sys/unix/zsyscall_openbsd_riscv64.go:33:	_, _, e1 := syscall_rawSyscall(libc_setgroups_trampoline_addr, uintptr(ngid), uintptr(unsafe.Pointer(gid)), 0)
./vendor/golang.org/x/sys/unix/zsyscall_openbsd_riscv64.go:40:var libc_setgroups_trampoline_addr uintptr
./vendor/golang.org/x/sys/unix/zsyscall_openbsd_riscv64.go:42://go:cgo_import_dynamic libc_setgroups setgroups "libc.so"
./vendor/golang.org/x/sys/unix/zsyscall_linux_mips.go:348:func setgroups(n int, list *_Gid_t) (err error) {
./vendor/golang.org/x/sys/unix/zsyscall_freebsd_arm.go:28:func setgroups(ngid int, gid *_Gid_t) (err error) {
./vendor/golang.org/x/sys/unix/zsysnum_openbsd_arm64.go:86:	SYS_SETGROUPS      = 80  // { int sys_setgroups(int gidsetsize, const gid_t *gidset); }
./vendor/golang.org/x/sys/unix/zsyscall_openbsd_ppc64.s:12:TEXT libc_setgroups_trampoline<>(SB),NOSPLIT,$0-0
./vendor/golang.org/x/sys/unix/zsyscall_openbsd_ppc64.s:13:	CALL	libc_setgroups(SB)
./vendor/golang.org/x/sys/unix/zsyscall_openbsd_ppc64.s:15:GLOBL	·libc_setgroups_trampoline_addr(SB), RODATA, $8
./vendor/golang.org/x/sys/unix/zsyscall_openbsd_ppc64.s:16:DATA	·libc_setgroups_trampoline_addr(SB)/8, $libc_setgroups_trampoline<>(SB)
./vendor/golang.org/x/sys/unix/syscall_zos_s390x.go:464://sysnb	setgroups(n int, list *_Gid_t) (err error)
./vendor/golang.org/x/sys/unix/syscall_zos_s390x.go:1105:func Setgroups(gids []int) (err error) {
./vendor/golang.org/x/sys/unix/syscall_zos_s390x.go:1107:		return setgroups(0, nil)
./vendor/golang.org/x/sys/unix/syscall_zos_s390x.go:1114:	return setgroups(len(a), &a[0])
./vendor/golang.org/x/sys/unix/zsysnum_dragonfly_amd64.go:72:	SYS_SETGROUPS              = 80  // { int setgroups(u_int gidsetsize, gid_t *gidset); }
./vendor/golang.org/x/sys/unix/zsyscall_linux_mips64le.go:393:func setgroups(n int, list *_Gid_t) (err error) {
./vendor/golang.org/x/sys/unix/zsyscall_linux_riscv64.go:374:func setgroups(n int, list *_Gid_t) (err error) {
./vendor/golang.org/x/sys/unix/zsyscall_openbsd_386.go:32:func setgroups(ngid int, gid *_Gid_t) (err error) {
./vendor/golang.org/x/sys/unix/zsyscall_openbsd_386.go:33:	_, _, e1 := syscall_rawSyscall(libc_setgroups_trampoline_addr, uintptr(ngid), uintptr(unsafe.Pointer(gid)), 0)
./vendor/golang.org/x/sys/unix/zsyscall_openbsd_386.go:40:var libc_setgroups_trampoline_addr uintptr
./vendor/golang.org/x/sys/unix/zsyscall_openbsd_386.go:42://go:cgo_import_dynamic libc_setgroups setgroups "libc.so"
./vendor/golang.org/x/sys/unix/zsysnum_freebsd_riscv64.go:69:	SYS_SETGROUPS                = 80  // { int setgroups(u_int gidsetsize, gid_t *gidset); }
./vendor/golang.org/x/sys/unix/zsyscall_openbsd_amd64.s:11:TEXT libc_setgroups_trampoline<>(SB),NOSPLIT,$0-0
./vendor/golang.org/x/sys/unix/zsyscall_openbsd_amd64.s:12:	JMP	libc_setgroups(SB)
./vendor/golang.org/x/sys/unix/zsyscall_openbsd_amd64.s:13:GLOBL	·libc_setgroups_trampoline_addr(SB), RODATA, $8
./vendor/golang.org/x/sys/unix/zsyscall_openbsd_amd64.s:14:DATA	·libc_setgroups_trampoline_addr(SB)/8, $libc_setgroups_trampoline<>(SB)
./vendor/golang.org/x/sys/unix/syscall_linux_mipsx.go:42://sysnb	setgroups(n int, list *_Gid_t) (err error)
./vendor/golang.org/x/sys/unix/zsyscall_netbsd_arm.go:28:func setgroups(ngid int, gid *_Gid_t) (err error) {
./vendor/golang.org/x/sys/unix/syscall_linux_loong64.go:100://sysnb	setgroups(n int, list *_Gid_t) (err error)
./vendor/golang.org/x/sys/unix/zsyscall_freebsd_amd64.go:28:func setgroups(ngid int, gid *_Gid_t) (err error) {
./vendor/golang.org/x/sys/unix/zsyscall_netbsd_arm64.go:28:func setgroups(ngid int, gid *_Gid_t) (err error) {
./vendor/golang.org/x/sys/unix/zsyscall_aix_ppc64_gccgo.go:98:int setgroups(int, uintptr_t);
./vendor/golang.org/x/sys/unix/zsyscall_aix_ppc64_gccgo.go:841:func callsetgroups(n int, list uintptr) (r1 uintptr, e1 Errno) {
./vendor/golang.org/x/sys/unix/zsyscall_aix_ppc64_gccgo.go:842:	r1 = uintptr(C.setgroups(C.int(n), C.uintptr_t(list)))
./vendor/golang.org/x/sys/unix/zsyscall_dragonfly_amd64.go:28:func setgroups(ngid int, gid *_Gid_t) (err error) {
./vendor/golang.org/x/sys/unix/zsysnum_freebsd_arm.go:69:	SYS_SETGROUPS                = 80  // { int setgroups(u_int gidsetsize, gid_t *gidset); }
./vendor/golang.org/x/sys/unix/zsysnum_openbsd_riscv64.go:86:	SYS_SETGROUPS      = 80  // { int sys_setgroups(int gidsetsize, const gid_t *gidset); }
./vendor/golang.org/x/sys/unix/zsyscall_netbsd_386.go:28:func setgroups(ngid int, gid *_Gid_t) (err error) {
./vendor/golang.org/x/sys/unix/syscall_linux_s390x.go:43://sysnb	setgroups(n int, list *_Gid_t) (err error)
./vendor/golang.org/x/sys/unix/zsysnum_openbsd_arm.go:87:	SYS_SETGROUPS      = 80  // { int sys_setgroups(int gidsetsize, const gid_t *gidset); }
./vendor/golang.org/x/sys/unix/zsyscall_linux_arm64.go:394:func setgroups(n int, list *_Gid_t) (err error) {
./vendor/golang.org/x/sys/unix/zsyscall_netbsd_amd64.go:28:func setgroups(ngid int, gid *_Gid_t) (err error) {
./vendor/golang.org/x/sys/unix/syscall_aix.go:187:func Setgroups(gids []int) (err error) {
./vendor/golang.org/x/sys/unix/syscall_aix.go:189:		return setgroups(0, nil)
./vendor/golang.org/x/sys/unix/syscall_aix.go:196:	return setgroups(len(a), &a[0])
./vendor/golang.org/x/sys/unix/syscall_aix.go:521://sysnb	setgroups(n int, list *_Gid_t) (err error)
./vendor/golang.org/x/sys/unix/zsyscall_openbsd_mips64.go:32:func setgroups(ngid int, gid *_Gid_t) (err error) {
./vendor/golang.org/x/sys/unix/zsyscall_openbsd_mips64.go:33:	_, _, e1 := syscall_rawSyscall(libc_setgroups_trampoline_addr, uintptr(ngid), uintptr(unsafe.Pointer(gid)), 0)
./vendor/golang.org/x/sys/unix/zsyscall_openbsd_mips64.go:40:var libc_setgroups_trampoline_addr uintptr
./vendor/golang.org/x/sys/unix/zsyscall_openbsd_mips64.go:42://go:cgo_import_dynamic libc_setgroups setgroups "libc.so"
./vendor/golang.org/x/sys/unix/zsyscall_darwin_amd64.s:16:TEXT libc_setgroups_trampoline<>(SB),NOSPLIT,$0-0
./vendor/golang.org/x/sys/unix/zsyscall_darwin_amd64.s:17:	JMP	libc_setgroups(SB)
./vendor/golang.org/x/sys/unix/zsyscall_darwin_amd64.s:18:GLOBL	·libc_setgroups_trampoline_addr(SB), RODATA, $8
./vendor/golang.org/x/sys/unix/zsyscall_darwin_amd64.s:19:DATA	·libc_setgroups_trampoline_addr(SB)/8, $libc_setgroups_trampoline<>(SB)
./vendor/golang.org/x/sys/unix/zsyscall_linux_loong64.go:328:func setgroups(n int, list *_Gid_t) (err error) {
./vendor/golang.org/x/sys/unix/zsyscall_darwin_arm64.go:32:func setgroups(ngid int, gid *_Gid_t) (err error) {
./vendor/golang.org/x/sys/unix/zsyscall_darwin_arm64.go:33:	_, _, e1 := syscall_rawSyscall(libc_setgroups_trampoline_addr, uintptr(ngid), uintptr(unsafe.Pointer(gid)), 0)
./vendor/golang.org/x/sys/unix/zsyscall_darwin_arm64.go:40:var libc_setgroups_trampoline_addr uintptr
./vendor/golang.org/x/sys/unix/zsyscall_darwin_arm64.go:42://go:cgo_import_dynamic libc_setgroups setgroups "/usr/lib/libSystem.B.dylib"
./vendor/golang.org/x/sys/unix/zsyscall_openbsd_arm64.go:32:func setgroups(ngid int, gid *_Gid_t) (err error) {
./vendor/golang.org/x/sys/unix/zsyscall_openbsd_arm64.go:33:	_, _, e1 := syscall_rawSyscall(libc_setgroups_trampoline_addr, uintptr(ngid), uintptr(unsafe.Pointer(gid)), 0)
./vendor/golang.org/x/sys/unix/zsyscall_openbsd_arm64.go:40:var libc_setgroups_trampoline_addr uintptr
./vendor/golang.org/x/sys/unix/zsyscall_openbsd_arm64.go:42://go:cgo_import_dynamic libc_setgroups setgroups "libc.so"
./vendor/golang.org/x/sys/unix/zsyscall_aix_ppc.go:99:int setgroups(int, uintptr_t);
./vendor/golang.org/x/sys/unix/zsyscall_aix_ppc.go:1125:func setgroups(n int, list *_Gid_t) (err error) {
./vendor/golang.org/x/sys/unix/zsyscall_aix_ppc.go:1126:	r0, er := C.setgroups(C.int(n), C.uintptr_t(uintptr(unsafe.Pointer(list))))
./vendor/golang.org/x/sys/unix/zsyscall_linux_ppc64.go:469:func setgroups(n int, list *_Gid_t) (err error) {
./vendor/golang.org/x/sys/unix/zsysnum_openbsd_mips64.go:87:	SYS_SETGROUPS      = 80  // { int sys_setgroups(int gidsetsize, const gid_t *gidset); }
./vendor/golang.org/x/sys/unix/zsyscall_linux_mips64.go:393:func setgroups(n int, list *_Gid_t) (err error) {
./vendor/golang.org/x/sys/unix/syscall_linux_sparc64.go:43://sysnb	setgroups(n int, list *_Gid_t) (err error)
./vendor/golang.org/x/sys/unix/syscall_linux_riscv64.go:67://sysnb	setgroups(n int, list *_Gid_t) (err error)
./vendor/github.com/moby/sys/user/user_fuzzer.go:38:	_, _ = GetAdditionalGroups([]string{string(divided[2])}, group)
./vendor/github.com/moby/sys/user/user.go:429:// GetAdditionalGroups looks up a list of groups by name or group id
./vendor/github.com/moby/sys/user/user.go:434:func GetAdditionalGroups(additionalGroups []string, group io.Reader) ([]int, error) {
./vendor/github.com/moby/sys/user/user.go:487:// GetAdditionalGroupsPath is a wrapper around GetAdditionalGroups
./vendor/github.com/moby/sys/user/user.go:489:// GetAdditionalGroups.
./vendor/github.com/moby/sys/user/user.go:490:func GetAdditionalGroupsPath(additionalGroups []string, groupPath string) ([]int, error) {
./vendor/github.com/moby/sys/user/user.go:497:	return GetAdditionalGroups(additionalGroups, group)
./vendor/github.com/moby/sys/capability/enum.go:85:	// Allows setgroups(2)
./vendor/github.com/opencontainers/runtime-spec/specs-go/config.go:154:	// AdditionalGids are additional group ids set for the container's process.
./vendor/github.com/opencontainers/runtime-spec/specs-go/config.go:155:	AdditionalGids []uint32 `json:"additionalGids,omitempty" platform:"linux,solaris"`
./tests/integration/testdata/seccomp_syscall_test2.json:271:				"setgroups",
./tests/integration/testdata/seccomp_syscall_test2.json:272:				"setgroups32",
./tests/integration/testdata/seccomp_syscall_test1.json:269:				"setgroups",
./tests/integration/testdata/seccomp_syscall_test1.json:270:				"setgroups32",
./libcontainer/container_linux.go:306:	if c.config.RootlessEUID && len(process.AdditionalGroups) > 0 {
./libcontainer/container_linux.go:701:		AdditionalGroups: process.AdditionalGroups,
./libcontainer/internal/userns/usernsfd_linux.go:101:			GidMappingsEnableSetgroups: false,
./libcontainer/integration/exec_test.go:379:func TestAdditionalGroups(t *testing.T) {
./libcontainer/integration/exec_test.go:396:		AdditionalGroups: []int{3333, 99999},
./libcontainer/integration/exec_test.go:408:	for _, gid := range pconfig.AdditionalGroups {
./libcontainer/integration/execin_test.go:130:func TestExecInAdditionalGroups(t *testing.T) {
./libcontainer/integration/execin_test.go:162:		AdditionalGroups: []int{4444, 87654},
./libcontainer/integration/execin_test.go:176:	for _, gid := range pconfig.AdditionalGroups {
./libcontainer/process.go:36:	// AdditionalGroups specifies the gids that should be added to supplementary groups
./libcontainer/process.go:38:	AdditionalGroups []int
./libcontainer/nsenter/nsexec.c:173:static void update_setgroups(int pid, enum policy_t setgroup)
./libcontainer/nsenter/nsexec.c:190:	if (write_file(policy, strlen(policy), "/proc/%d/setgroups", pid) < 0) {
./libcontainer/nsenter/nsexec.c:192:		 * If the kernel is too old to support /proc/pid/setgroups,
./libcontainer/nsenter/nsexec.c:196:			bail("failed to write '%s' to /proc/%d/setgroups", policy, pid);
./libcontainer/nsenter/nsexec.c:801:	 * /proc/pid/{setgroups,uid_map,gid_map}.
./libcontainer/nsenter/nsexec.c:865:					 * Enable setgroups(2) if we've been asked to. But we also
./libcontainer/nsenter/nsexec.c:866:					 * have to explicitly disable setgroups(2) if we're
./libcontainer/nsenter/nsexec.c:875:						update_setgroups(stage1_pid, SETGROUPS_DENY);
./libcontainer/nsenter/nsexec.c:1190:				if (setgroups(0, NULL) < 0)
./libcontainer/nsenter/nsexec.c:1191:					bail("setgroups failed");
./libcontainer/user/user_deprecated.go:100:// GetAdditionalGroups looks up a list of groups by name or group id
./libcontainer/user/user_deprecated.go:105:func GetAdditionalGroups(additionalGroups []string, group io.Reader) ([]int, error) {
./libcontainer/user/user_deprecated.go:106:	return user.GetAdditionalGroups(additionalGroups, group)
./libcontainer/user/user_deprecated.go:109:// GetAdditionalGroupsPath is a wrapper around GetAdditionalGroups
./libcontainer/user/user_deprecated.go:111:// GetAdditionalGroups.
./libcontainer/user/user_deprecated.go:112:func GetAdditionalGroupsPath(additionalGroups []string, groupPath string) ([]int, error) {
./libcontainer/user/user_deprecated.go:113:	return user.GetAdditionalGroupsPath(additionalGroups, groupPath)
./libcontainer/init_linux.go:70:	AdditionalGroups []int    `json:"additional_groups"`
./libcontainer/init_linux.go:469:	// We don't need to use /proc/thread-self here because setgroups is a
./libcontainer/init_linux.go:472:	setgroups, err := os.ReadFile("/proc/self/setgroups")
./libcontainer/init_linux.go:481:	allowSupGroups := !config.Config.RootlessEUID && string(bytes.TrimSpace(setgroups)) != "deny"
./libcontainer/init_linux.go:484:		if err := unix.Setgroups(config.AdditionalGroups); err != nil {
./libcontainer/init_linux.go:485:			return &os.SyscallError{Syscall: "setgroups", Err: err}
./utils_linux.go:75:	if l := len(p.User.AdditionalGids); l > 0 {
./utils_linux.go:76:		lp.AdditionalGroups = make([]int, l)
./utils_linux.go:77:		for i, g := range p.User.AdditionalGids {
./utils_linux.go:78:			lp.AdditionalGroups[i] = int(g)
./CHANGELOG.md:59:   `UID` and `GID` fields, and `AdditionalGroups` changed its type from
./exec.go:278:		p.User.AdditionalGids = append(p.User.AdditionalGids, uint32(gid))

2026-07-26 21:26:44.566 | INFO     | metagpt.roles.di.role_zero:_act:292 - Commands: 
[{'command_name': 'Editor.open_file', 'args': {'path': '/home/aludy/scires/Cloud_Spec_Exp/external/worktrees/oci-metagpt-agentless-mini-rerun/metagpt/runc-4769/utils_linux.go', 'line_number': 60, 'context_lines': 80}}]
2026-07-26 21:26:44.567 | INFO     | metagpt.roles.di.role_zero:_act:294 - Commands outputs: 
Command Editor.open_file executed: [File: /home/aludy/scires/Cloud_Spec_Exp/external/worktrees/oci-metagpt-agentless-mini-rerun/metagpt/runc-4769/utils_linux.go (457 lines total)]
(19 more lines above)
020|	"github.com/opencontainers/runc/libcontainer/configs"
021|	"github.com/opencontainers/runc/libcontainer/specconv"
022|	"github.com/opencontainers/runc/libcontainer/system/kernelversion"
023|	"github.com/opencontainers/runc/libcontainer/utils"
024|)
025|
026|var errEmptyID = errors.New("container id cannot be empty")
027|
028|// getContainer returns the specified container instance by loading it from
029|// a state directory (root).
030|func getContainer(context *cli.Context) (*libcontainer.Container, error) {
031|	id := context.Args().First()
032|	if id == "" {
033|		return nil, errEmptyID
034|	}
035|	root := context.GlobalString("root")
036|	return libcontainer.Load(root, id)
037|}
038|
039|func getDefaultImagePath() string {
040|	cwd, err := os.Getwd()
041|	if err != nil {
042|		panic(err)
043|	}
044|	return filepath.Join(cwd, "checkpoint")
045|}
046|
047|// newProcess converts [specs.Process] to [libcontainer.Process].
048|func newProcess(p *specs.Process) (*libcontainer.Process, error) {
049|	lp := &libcontainer.Process{
050|		Args:            p.Args,
051|		Env:             p.Env,
052|		UID:             int(p.User.UID),
053|		GID:             int(p.User.GID),
054|		Cwd:             p.Cwd,
055|		Label:           p.SelinuxLabel,
056|		NoNewPrivileges: &p.NoNewPrivileges,
057|		AppArmorProfile: p.ApparmorProfile,
058|		Scheduler:       p.Scheduler,
059|		IOPriority:      p.IOPriority,
060|	}
061|
062|	if p.ConsoleSize != nil {
063|		lp.ConsoleWidth = uint16(p.ConsoleSize.Width)
064|		lp.ConsoleHeight = uint16(p.ConsoleSize.Height)
065|	}
066|
067|	if p.Capabilities != nil {
068|		lp.Capabilities = &configs.Capabilities{}
069|		lp.Capabilities.Bounding = p.Capabilities.Bounding
070|		lp.Capabilities.Effective = p.Capabilities.Effective
071|		lp.Capabilities.Inheritable = p.Capabilities.Inheritable
072|		lp.Capabilities.Permitted = p.Capabilities.Permitted
073|		lp.Capabilities.Ambient = p.Capabilities.Ambient
074|	}
075|	if l := len(p.User.AdditionalGids); l > 0 {
076|		lp.AdditionalGroups = make([]int, l)
077|		for i, g := range p.User.AdditionalGids {
078|			lp.AdditionalGroups[i] = int(g)
079|		}
080|	}
081|	for _, rlimit := range p.Rlimits {
082|		rl, err := createLibContainerRlimit(rlimit)
083|		if err != nil {
084|			return nil, err
085|		}
086|		lp.Rlimits = append(lp.Rlimits, rl)
087|	}
088|	aff, err := configs.ConvertCPUAffinity(p.ExecCPUAffinity)
089|	if err != nil {
090|		return nil, err
091|	}
092|	lp.CPUAffinity = aff
093|
094|	return lp, nil
095|}
096|
097|// setupIO modifies the given process config according to the options.
098|func setupIO(process *libcontainer.Process, container *libcontainer.Container, createTTY, detach bool, sockpath string) (*tty, error) {
099|	if createTTY {
100|		process.Stdin = nil
(357 more lines below)
2026-07-26 21:26:51.596 | INFO     | metagpt.roles.di.role_zero:_act:292 - Commands: 
[{'command_name': 'Plan.finish_current_task', 'args': {}}, {'command_name': 'RoleZero.reply_to_human', 'args': {'content': 'Inspection complete. The minimal fix location is `utils_linux.go` in `newProcess`, where OCI `process.user.additionalGids` are converted into `libcontainer.Process.AdditionalGroups`. The groups are later applied by `unix.Setgroups` in `libcontainer/init_linux.go`.'}}]
2026-07-26 21:26:51.596 | INFO     | metagpt.roles.di.role_zero:_act:294 - Commands outputs: 
Command Plan.finish_current_task executed:Current task is finished. If you no longer need to take action, use the command ‘end’ to stop.

Command RoleZero.reply_to_human executed: SUCCESS, human has received your reply. Refrain from resending duplicate messages.  If you no longer need to take action, use the command ‘end’ to stop.
2026-07-26 21:27:02.535 | INFO     | metagpt.roles.di.role_zero:_act:292 - Commands: 
[{'command_name': 'Editor.edit_file_by_replace', 'args': {'file_name': '/home/aludy/scires/Cloud_Spec_Exp/external/worktrees/oci-metagpt-agentless-mini-rerun/metagpt/runc-4769/utils_linux.go', 'first_replaced_line_number': 75, 'first_replaced_line_content': '\tif l := len(p.User.AdditionalGids); l > 0 {', 'last_replaced_line_number': 80, 'last_replaced_line_content': '\t}', 'new_content': '\tif l := len(p.User.AdditionalGids); l > 0 {\n\t\tseenGids := make(map[uint32]struct{}, l)\n\t\tlp.AdditionalGroups = make([]int, 0, l)\n\t\tfor _, g := range p.User.AdditionalGids {\n\t\t\tif _, ok := seenGids[g]; ok {\n\t\t\t\tcontinue\n\t\t\t}\n\t\t\tseenGids[g] = struct{}{}\n\t\t\tlp.AdditionalGroups = append(lp.AdditionalGroups, int(g))\n\t\t}\n\t}'}}]
2026-07-26 21:27:02.550 | ERROR    | metagpt.roles.di.role_zero:_run_commands:407 - list index out of rangeTraceback (most recent call last):
  File "/home/aludy/scires/Cloud_Spec_Exp/external/baselines/MetaGPT/metagpt/tools/libs/editor.py", line 563, in _edit_file_impl
    original_lint_error, _ = self._lint_file(file_name)
  File "/home/aludy/scires/Cloud_Spec_Exp/external/baselines/MetaGPT/metagpt/tools/libs/editor.py", line 211, in _lint_file
    lint_error = linter.lint(str(file_path))
  File "/home/aludy/scires/Cloud_Spec_Exp/external/baselines/MetaGPT/metagpt/tools/libs/linter.py", line 98, in lint
    linkres = basic_lint(absolute_fname, code)
  File "/home/aludy/scires/Cloud_Spec_Exp/external/baselines/MetaGPT/metagpt/tools/libs/linter.py", line 158, in basic_lint
    parser = get_parser(lang)
  File "tree_sitter_languages/core.pyx", line 19, in tree_sitter_languages.core.get_parser
  File "tree_sitter_languages/core.pyx", line 14, in tree_sitter_languages.core.get_language
TypeError: __init__() takes exactly 1 argument (2 given)

During handling of the above exception, another exception occurred:

Traceback (most recent call last):
  File "/home/aludy/scires/Cloud_Spec_Exp/external/baselines/MetaGPT/metagpt/roles/di/role_zero.py", line 401, in _run_commands
    tool_output = tool_obj(**cmd["args"])
  File "/home/aludy/scires/Cloud_Spec_Exp/external/baselines/MetaGPT/metagpt/tools/libs/editor.py", line 814, in edit_file_by_replace
    ret_str = self._edit_file_impl(
  File "/home/aludy/scires/Cloud_Spec_Exp/external/baselines/MetaGPT/metagpt/tools/libs/editor.py", line 667, in _edit_file_impl
    guidance_message = self._get_indentation_info(content, start or len(lines))
  File "/home/aludy/scires/Cloud_Spec_Exp/external/baselines/MetaGPT/metagpt/tools/libs/editor.py", line 495, in _get_indentation_info
    pre_line = content_lines[first_line - 2] if first_line - 2 >= 0 else ""
IndexError: list index out of range

Traceback (most recent call last):

  File "/home/aludy/scires/Cloud_Spec_Exp/external/baselines/MetaGPT/metagpt/tools/libs/editor.py", line 563, in _edit_file_impl
    original_lint_error, _ = self._lint_file(file_name)
                             │    │          └ PosixPath('/home/aludy/scires/Cloud_Spec_Exp/external/worktrees/oci-metagpt-agentless-mini-rerun/metagpt/runc-4769/utils_linu...
                             │    └ <function Editor._lint_file at 0x75250fc608b0>
                             └ Editor(resource=EditorReporter(block=<BlockType.EDITOR: 'Editor'>, uuid=UUID('8b4b60fd-2c04-4161-9178-2079fe05019a'), enable_...

  File "/home/aludy/scires/Cloud_Spec_Exp/external/baselines/MetaGPT/metagpt/tools/libs/editor.py", line 211, in _lint_file
    lint_error = linter.lint(str(file_path))
                 │      │        └ PosixPath('/home/aludy/scires/Cloud_Spec_Exp/external/worktrees/oci-metagpt-agentless-mini-rerun/metagpt/runc-4769/utils_linu...
                 │      └ <function Linter.lint at 0x75250fc9bf40>
                 └ <metagpt.tools.libs.linter.Linter object at 0x7525045acd30>

  File "/home/aludy/scires/Cloud_Spec_Exp/external/baselines/MetaGPT/metagpt/tools/libs/linter.py", line 98, in lint
    linkres = basic_lint(absolute_fname, code)
              │          │               └ 'package main\n\nimport (\n\t"errors"\n\t"fmt"\n\t"io/fs"\n\t"net"\n\t"os"\n\t"path/filepath"\n\t"strconv"\n\n\t"github.com/c...
              │          └ '/home/aludy/scires/Cloud_Spec_Exp/external/worktrees/oci-metagpt-agentless-mini-rerun/metagpt/runc-4769/utils_linux.go'
              └ <function basic_lint at 0x75250fc601f0>

  File "/home/aludy/scires/Cloud_Spec_Exp/external/baselines/MetaGPT/metagpt/tools/libs/linter.py", line 158, in basic_lint
    parser = get_parser(lang)
             │          └ 'go'
             └ <cyfunction get_parser at 0x75250fd02dc0>

  File "tree_sitter_languages/core.pyx", line 19, in tree_sitter_languages.core.get_parser
  File "tree_sitter_languages/core.pyx", line 14, in tree_sitter_languages.core.get_language

TypeError: __init__() takes exactly 1 argument (2 given)


During handling of the above exception, another exception occurred:


Traceback (most recent call last):

  File "/home/aludy/scires/Cloud_Spec_Exp/baselines/metagpt/launch.py", line 307, in <module>
    raise SystemExit(main())
                     └ <function main at 0x7525c72faef0>

  File "/home/aludy/scires/Cloud_Spec_Exp/baselines/metagpt/launch.py", line 277, in main
    result = generate_repo(**supported)
             │               └ {'idea': 'Fix OCI runtime bug case runc-4769.\n\nTarget runtime: runc\nTitle: Behavior change when duplicate additionalGids a...
             └ <function generate_repo at 0x75250e8c9cf0>

  File "/home/aludy/scires/Cloud_Spec_Exp/external/baselines/MetaGPT/metagpt/software_company.py", line 72, in generate_repo
    asyncio.run(company.run(n_round=n_round, idea=idea))
    │       │   │       │           │             └ 'Fix OCI runtime bug case runc-4769.\n\nTarget runtime: runc\nTitle: Behavior change when duplicate additionalGids are specif...
    │       │   │       │           └ 10
    │       │   │       └ <function serialize_decorator.<locals>.wrapper at 0x75250485c1f0>
    │       │   └ Team(env=MGXEnv(), investment=3.0, idea='Fix OCI runtime bug case runc-4769.\n\nTarget runtime: runc\nTitle: Behavior change ...
    │       └ <function run at 0x7525c4f99750>
    └ <module 'asyncio' from '/home/aludy/miniconda3/envs/metagpt/lib/python3.10/asyncio/__init__.py'>

  File "/home/aludy/miniconda3/envs/metagpt/lib/python3.10/asyncio/runners.py", line 44, in run
    return loop.run_until_complete(main)
           │    │                  └ <coroutine object serialize_decorator.<locals>.wrapper at 0x752504773df0>
           │    └ <function BaseEventLoop.run_until_complete at 0x7525c4f9b130>
           └ <_UnixSelectorEventLoop running=True closed=False debug=False>
  File "/home/aludy/miniconda3/envs/metagpt/lib/python3.10/asyncio/base_events.py", line 636, in run_until_complete
    self.run_forever()
    │    └ <function BaseEventLoop.run_forever at 0x7525c4f9b0a0>
    └ <_UnixSelectorEventLoop running=True closed=False debug=False>
  File "/home/aludy/miniconda3/envs/metagpt/lib/python3.10/asyncio/base_events.py", line 603, in run_forever
    self._run_once()
    │    └ <function BaseEventLoop._run_once at 0x7525c4f9cc10>
    └ <_UnixSelectorEventLoop running=True closed=False debug=False>
  File "/home/aludy/miniconda3/envs/metagpt/lib/python3.10/asyncio/base_events.py", line 1909, in _run_once
    handle._run()
    │      └ <function Handle._run at 0x7525c4f4c280>
    └ <Handle Task.task_wakeup(<Task finishe...> result=None>)>
  File "/home/aludy/miniconda3/envs/metagpt/lib/python3.10/asyncio/events.py", line 80, in _run
    self._context.run(self._callback, *self._args)
    │    │            │    │           │    └ <member '_args' of 'Handle' objects>
    │    │            │    │           └ <Handle Task.task_wakeup(<Task finishe...> result=None>)>
    │    │            │    └ <member '_callback' of 'Handle' objects>
    │    │            └ <Handle Task.task_wakeup(<Task finishe...> result=None>)>
    │    └ <member '_context' of 'Handle' objects>
    └ <Handle Task.task_wakeup(<Task finishe...> result=None>)>

  File "/home/aludy/scires/Cloud_Spec_Exp/external/baselines/MetaGPT/metagpt/utils/common.py", line 692, in wrapper
    return await func(self, *args, **kwargs)
                 │    │      │       └ {}
                 │    │      └ ()
                 │    └ Engineer2(private_context=Context(kwargs=AttrDict(), config=Config(extra_fields=None, project_path='/home/aludy/scires/Cloud_...
                 └ <function Role.run at 0x7525054fa5f0>

  File "/home/aludy/scires/Cloud_Spec_Exp/external/baselines/MetaGPT/metagpt/roles/role.py", line 548, in run
    rsp = await self.react()
                │    └ <function Role.react at 0x7525054fa4d0>
                └ Engineer2(private_context=Context(kwargs=AttrDict(), config=Config(extra_fields=None, project_path='/home/aludy/scires/Cloud_...

  File "/home/aludy/scires/Cloud_Spec_Exp/external/baselines/MetaGPT/metagpt/roles/role.py", line 515, in react
    rsp = await self._react()
                │    └ <function RoleZero._react at 0x752505245f30>
                └ Engineer2(private_context=Context(kwargs=AttrDict(), config=Config(extra_fields=None, project_path='/home/aludy/scires/Cloud_...

  File "/home/aludy/scires/Cloud_Spec_Exp/external/baselines/MetaGPT/metagpt/roles/di/role_zero.py", line 324, in _react
    rsp = await self._act()
                │    └ <function RoleZero._act at 0x752505245ea0>
                └ Engineer2(private_context=Context(kwargs=AttrDict(), config=Config(extra_fields=None, project_path='/home/aludy/scires/Cloud_...

  File "/home/aludy/scires/Cloud_Spec_Exp/external/baselines/MetaGPT/metagpt/roles/di/role_zero.py", line 293, in _act
    outputs = await self._run_commands(commands)
                    │    │             └ [{'command_name': 'Editor.edit_file_by_replace', 'args': {'file_name': '/home/aludy/scires/Cloud_Spec_Exp/external/worktrees/...
                    │    └ <function RoleZero._run_commands at 0x7525052460e0>
                    └ Engineer2(private_context=Context(kwargs=AttrDict(), config=Config(extra_fields=None, project_path='/home/aludy/scires/Cloud_...

> File "/home/aludy/scires/Cloud_Spec_Exp/external/baselines/MetaGPT/metagpt/roles/di/role_zero.py", line 401, in _run_commands
    tool_output = tool_obj(**cmd["args"])
                  │          └ {'command_name': 'Editor.edit_file_by_replace', 'args': {'file_name': '/home/aludy/scires/Cloud_Spec_Exp/external/worktrees/o...
                  └ <bound method Editor.edit_file_by_replace of Editor(resource=EditorReporter(block=<BlockType.EDITOR: 'Editor'>, uuid=UUID('8b...

  File "/home/aludy/scires/Cloud_Spec_Exp/external/baselines/MetaGPT/metagpt/tools/libs/editor.py", line 814, in edit_file_by_replace
    ret_str = self._edit_file_impl(
              │    └ <function Editor._edit_file_impl at 0x75250fc61120>
              └ Editor(resource=EditorReporter(block=<BlockType.EDITOR: 'Editor'>, uuid=UUID('8b4b60fd-2c04-4161-9178-2079fe05019a'), enable_...

  File "/home/aludy/scires/Cloud_Spec_Exp/external/baselines/MetaGPT/metagpt/tools/libs/editor.py", line 667, in _edit_file_impl
    guidance_message = self._get_indentation_info(content, start or len(lines))
                       │    │                     │        └ 75
                       │    │                     └ '\tif l := len(p.User.AdditionalGids); l > 0 {\n\t\tseenGids := make(map[uint32]struct{}, l)\n\t\tlp.AdditionalGroups = make(...
                       │    └ <function Editor._get_indentation_info at 0x75250fc61090>
                       └ Editor(resource=EditorReporter(block=<BlockType.EDITOR: 'Editor'>, uuid=UUID('8b4b60fd-2c04-4161-9178-2079fe05019a'), enable_...

  File "/home/aludy/scires/Cloud_Spec_Exp/external/baselines/MetaGPT/metagpt/tools/libs/editor.py", line 495, in _get_indentation_info
    pre_line = content_lines[first_line - 2] if first_line - 2 >= 0 else ""
               │             │                  └ 75
               │             └ 75
               └ ['\tif l := len(p.User.AdditionalGids); l > 0 {', '\t\tseenGids := make(map[uint32]struct{}, l)', '\t\tlp.AdditionalGroups = ...

IndexError: list index out of range
2026-07-26 21:27:03.140 | INFO     | metagpt.roles.di.role_zero:_act:294 - Commands outputs: 
Command Editor.edit_file_by_replace executed: Traceback (most recent call last):
  File "/home/aludy/scires/Cloud_Spec_Exp/external/baselines/MetaGPT/metagpt/tools/libs/editor.py", line 563, in _edit_file_impl
    original_lint_error, _ = self._lint_file(file_name)
  File "/home/aludy/scires/Cloud_Spec_Exp/external/baselines/MetaGPT/metagpt/tools/libs/editor.py", line 211, in _lint_file
    lint_error = linter.lint(str(file_path))
  File "/home/aludy/scires/Cloud_Spec_Exp/external/baselines/MetaGPT/metagpt/tools/libs/linter.py", line 98, in lint
    linkres = basic_lint(absolute_fname, code)
  File "/home/aludy/scires/Cloud_Spec_Exp/external/baselines/MetaGPT/metagpt/tools/libs/linter.py", line 158, in basic_lint
    parser = get_parser(lang)
  File "tree_sitter_languages/core.pyx", line 19, in tree_sitter_languages.core.get_parser
  File "tree_sitter_languages/core.pyx", line 14, in tree_sitter_languages.core.get_language
TypeError: __init__() takes exactly 1 argument (2 given)

During handling of the above exception, another exception occurred:

Traceback (most recent call last):
  File "/home/aludy/scires/Cloud_Spec_Exp/external/baselines/MetaGPT/metagpt/roles/di/role_zero.py", line 401, in _run_commands
    tool_output = tool_obj(**cmd["args"])
  File "/home/aludy/scires/Cloud_Spec_Exp/external/baselines/MetaGPT/metagpt/tools/libs/editor.py", line 814, in edit_file_by_replace
    ret_str = self._edit_file_impl(
  File "/home/aludy/scires/Cloud_Spec_Exp/external/baselines/MetaGPT/metagpt/tools/libs/editor.py", line 667, in _edit_file_impl
    guidance_message = self._get_indentation_info(content, start or len(lines))
  File "/home/aludy/scires/Cloud_Spec_Exp/external/baselines/MetaGPT/metagpt/tools/libs/editor.py", line 495, in _get_indentation_info
    pre_line = content_lines[first_line - 2] if first_line - 2 >= 0 else ""
IndexError: list index out of range

2026-07-26 21:27:16.601 | INFO     | metagpt.roles.di.role_zero:_act:292 - Commands: 
[{'command_name': 'Terminal.run_command', 'args': {'cmd': "cd /home/aludy/scires/Cloud_Spec_Exp/external/worktrees/oci-metagpt-agentless-mini-rerun/metagpt/runc-4769 && python3 - <<'PY'\nfrom pathlib import Path\nrepo = Path('/home/aludy/scires/Cloud_Spec_Exp/external/worktrees/oci-metagpt-agentless-mini-rerun/metagpt/runc-4769').resolve()\npath = (repo / 'utils_linux.go').resolve()\nif repo != path.parent and repo not in path.parents:\n    raise SystemExit(f'refusing to edit outside writable repo: {path}')\ntext = path.read_text()\nold = '''\\tif l := len(p.User.AdditionalGids); l > 0 {\n\\t\\tlp.AdditionalGroups = make([]int, l)\n\\t\\tfor i, g := range p.User.AdditionalGids {\n\\t\\t\\tlp.AdditionalGroups[i] = int(g)\n\\t\\t}\n\\t}\n'''\nnew = '''\\tif l := len(p.User.AdditionalGids); l > 0 {\n\\t\\tseenGids := make(map[uint32]struct{}, l)\n\\t\\tlp.AdditionalGroups = make([]int, 0, l)\n\\t\\tfor _, g := range p.User.AdditionalGids {\n\\t\\t\\tif _, ok := seenGids[g]; ok {\n\\t\\t\\t\\tcontinue\n\\t\\t\\t}\n\\t\\t\\tseenGids[g] = struct{}{}\n\\t\\t\\tlp.AdditionalGroups = append(lp.AdditionalGroups, int(g))\n\\t\\t}\n\\t}\n'''\nif old not in text:\n    raise SystemExit('target AdditionalGids conversion block not found or already changed')\npath.write_text(text.replace(old, new, 1))\nPY\ngofmt -w utils_linux.go\ngit diff -- utils_linux.go"}}]
2026-07-26 21:27:16.705 | INFO     | metagpt.roles.di.role_zero:_act:294 - Commands outputs: 
Command Terminal.run_command executed:
[command]: cd /home/aludy/scires/Cloud_Spec_Exp/external/worktrees/oci-metagpt-agentless-mini-rerun/metagpt/runc-4769 && python3 - <<'PY'
from pathlib import Path
repo = Path('/home/aludy/scires/Cloud_Spec_Exp/external/worktrees/oci-metagpt-agentless-mini-rerun/metagpt/runc-4769').resolve()
path = (repo / 'utils_linux.go').resolve()
if repo != path.parent and repo not in path.parents:
    raise SystemExit(f'refusing to edit outside writable repo: {path}')
text = path.read_text()
old = '''\tif l := len(p.User.AdditionalGids); l > 0 {
\t\tlp.AdditionalGroups = make([]int, l)
\t\tfor i, g := range p.User.AdditionalGids {
\t\t\tlp.AdditionalGroups[i] = int(g)
\t\t}
\t}
'''
new = '''\tif l := len(p.User.AdditionalGids); l > 0 {
\t\tseenGids := make(map[uint32]struct{}, l)
\t\tlp.AdditionalGroups = make([]int, 0, l)
\t\tfor _, g := range p.User.AdditionalGids {
\t\t\tif _, ok := seenGids[g]; ok {
\t\t\t\tcontinue
\t\t\t}
\t\t\tseenGids[g] = struct{}{}
\t\t\tlp.AdditionalGroups = append(lp.AdditionalGroups, int(g))
\t\t}
\t}
'''
if old not in text:
    raise SystemExit('target AdditionalGids conversion block not found or already changed')
path.write_text(text.replace(old, new, 1))
PY
gofmt -w utils_linux.go
git diff -- utils_linux.go 
[command output] : diff --git a/utils_linux.go b/utils_linux.go
index 9c9e1e83..809c07ee 100644
--- a/utils_linux.go
+++ b/utils_linux.go
@@ -73,9 +73,14 @@ func newProcess(p *specs.Process) (*libcontainer.Process, error) {
 		lp.Capabilities.Ambient = p.Capabilities.Ambient
 	}
 	if l := len(p.User.AdditionalGids); l > 0 {
-		lp.AdditionalGroups = make([]int, l)
-		for i, g := range p.User.AdditionalGids {
-			lp.AdditionalGroups[i] = int(g)
+		seenGids := make(map[uint32]struct{}, l)
+		lp.AdditionalGroups = make([]int, 0, l)
+		for _, g := range p.User.AdditionalGids {
+			if _, ok := seenGids[g]; ok {
+				continue
+			}
+			seenGids[g] = struct{}{}
+			lp.AdditionalGroups = append(lp.AdditionalGroups, int(g))
 		}
 	}
 	for _, rlimit := range p.Rlimits {

2026-07-26 21:27:25.226 | INFO     | metagpt.roles.di.role_zero:_act:292 - Commands: 
[{'command_name': 'Terminal.run_command', 'args': {'cmd': "cd /home/aludy/scires/Cloud_Spec_Exp/external/worktrees/oci-metagpt-agentless-mini-rerun/metagpt/runc-4769 && sed -n '70,90p' utils_linux.go && git diff -- utils_linux.go"}}, {'command_name': 'Plan.finish_current_task', 'args': {}}, {'command_name': 'RoleZero.reply_to_human', 'args': {'content': 'Implementation complete. In `utils_linux.go`, duplicate OCI `process.user.additionalGids` are now removed while preserving the first-seen order before assigning to `libcontainer.Process.AdditionalGroups`.'}}]
2026-07-26 21:27:25.236 | INFO     | metagpt.roles.di.role_zero:_act:294 - Commands outputs: 
Command Terminal.run_command executed:
[command]: cd /home/aludy/scires/Cloud_Spec_Exp/external/worktrees/oci-metagpt-agentless-mini-rerun/metagpt/runc-4769 && sed -n '70,90p' utils_linux.go && git diff -- utils_linux.go 
[command output] : 		lp.Capabilities.Effective = p.Capabilities.Effective
		lp.Capabilities.Inheritable = p.Capabilities.Inheritable
		lp.Capabilities.Permitted = p.Capabilities.Permitted
		lp.Capabilities.Ambient = p.Capabilities.Ambient
	}
	if l := len(p.User.AdditionalGids); l > 0 {
		seenGids := make(map[uint32]struct{}, l)
		lp.AdditionalGroups = make([]int, 0, l)
		for _, g := range p.User.AdditionalGids {
			if _, ok := seenGids[g]; ok {
				continue
			}
			seenGids[g] = struct{}{}
			lp.AdditionalGroups = append(lp.AdditionalGroups, int(g))
		}
	}
	for _, rlimit := range p.Rlimits {
		rl, err := createLibContainerRlimit(rlimit)
		if err != nil {
			return nil, err
		}
diff --git a/utils_linux.go b/utils_linux.go
index 9c9e1e83..809c07ee 100644
--- a/utils_linux.go
+++ b/utils_linux.go
@@ -73,9 +73,14 @@ func newProcess(p *specs.Process) (*libcontainer.Process, error) {
 		lp.Capabilities.Ambient = p.Capabilities.Ambient
 	}
 	if l := len(p.User.AdditionalGids); l > 0 {
-		lp.AdditionalGroups = make([]int, l)
-		for i, g := range p.User.AdditionalGids {
-			lp.AdditionalGroups[i] = int(g)
+		seenGids := make(map[uint32]struct{}, l)
+		lp.AdditionalGroups = make([]int, 0, l)
+		for _, g := range p.User.AdditionalGids {
+			if _, ok := seenGids[g]; ok {
+				continue
+			}
+			seenGids[g] = struct{}{}
+			lp.AdditionalGroups = append(lp.AdditionalGroups, int(g))
 		}
 	}
 	for _, rlimit := range p.Rlimits {


Command Plan.finish_current_task executed:Current task is finished. If you no longer need to take action, use the command ‘end’ to stop.

Command RoleZero.reply_to_human executed: SUCCESS, human has received your reply. Refrain from resending duplicate messages.  If you no longer need to take action, use the command ‘end’ to stop.
2026-07-26 21:27:39.781 | INFO     | metagpt.roles.di.role_zero:_act:292 - Commands: 
[{'command_name': 'Terminal.run_command', 'args': {'cmd': "cd /home/aludy/scires/Cloud_Spec_Exp/external/worktrees/oci-metagpt-agentless-mini-rerun/metagpt/runc-4769 && make runc && echo '--- candidate built ---' && ls -l /home/aludy/scires/Cloud_Spec_Exp/external/worktrees/oci-metagpt-agentless-mini-rerun/metagpt/runc-4769/runc && cd /home/aludy/scires/Cloud_Spec_Exp/external/oci-differential-dataset/cases/runc-4769 && echo '--- buggy_config.json with candidate runtime ---' && RUNTIME=/home/aludy/scires/Cloud_Spec_Exp/external/worktrees/oci-metagpt-agentless-mini-rerun/metagpt/runc-4769/runc bash repro.sh && echo '--- base_config.json with candidate runtime ---' && CONFIG=base_config.json RUNTIME=/home/aludy/scires/Cloud_Spec_Exp/external/worktrees/oci-metagpt-agentless-mini-rerun/metagpt/runc-4769/runc bash repro.sh && cd /home/aludy/scires/Cloud_Spec_Exp/external/worktrees/oci-metagpt-agentless-mini-rerun/metagpt/runc-4769 && echo '--- git status --short ---' && git status --short && echo '--- git diff ---' && git diff -- utils_linux.go"}}]
Timeout (0:05:00)!
Thread 0x0000752503cba6c0 (most recent call first):
  File "/home/aludy/miniconda3/envs/metagpt/lib/python3.10/asyncio/unix_events.py", line 1392 in _do_waitpid
  File "/home/aludy/miniconda3/envs/metagpt/lib/python3.10/threading.py", line 953 in run
  File "/home/aludy/miniconda3/envs/metagpt/lib/python3.10/threading.py", line 1016 in _bootstrap_inner
  File "/home/aludy/miniconda3/envs/metagpt/lib/python3.10/threading.py", line 973 in _bootstrap

Thread 0x00007525044bb6c0 (most recent call first):
  File "/home/aludy/miniconda3/envs/metagpt/lib/python3.10/concurrent/futures/thread.py", line 81 in _worker
  File "/home/aludy/miniconda3/envs/metagpt/lib/python3.10/threading.py", line 953 in run
  File "/home/aludy/miniconda3/envs/metagpt/lib/python3.10/threading.py", line 1016 in _bootstrap_inner
  File "/home/aludy/miniconda3/envs/metagpt/lib/python3.10/threading.py", line 973 in _bootstrap

Thread 0x00007525c7ac5740 (most recent call first):
  File "/home/aludy/miniconda3/envs/metagpt/lib/python3.10/selectors.py", line 469 in select
  File "/home/aludy/miniconda3/envs/metagpt/lib/python3.10/asyncio/base_events.py", line 1871 in _run_once
  File "/home/aludy/miniconda3/envs/metagpt/lib/python3.10/asyncio/base_events.py", line 603 in run_forever
  File "/home/aludy/miniconda3/envs/metagpt/lib/python3.10/asyncio/base_events.py", line 636 in run_until_complete
  File "/home/aludy/miniconda3/envs/metagpt/lib/python3.10/asyncio/runners.py", line 44 in run
  File "/home/aludy/scires/Cloud_Spec_Exp/external/baselines/MetaGPT/metagpt/software_company.py", line 72 in generate_repo
  File "/home/aludy/scires/Cloud_Spec_Exp/baselines/metagpt/launch.py", line 277 in main
  File "/home/aludy/scires/Cloud_Spec_Exp/baselines/metagpt/launch.py", line 307 in <module>
