Initialized empty Git repository in /home/aludy/scires/Cloud_Spec_Exp/external/baselines/Agentless/playground/19606d0a-8420-4eb8-a497-36a693dc5ddc/.git/
[master (root-commit) 3c27ff3] initial commit
 1 file changed, 1168 insertions(+)
 create mode 100644 crates/libcontainer/src/process/init/process.rs
[master 04dca1d] initial commit
 1 file changed, 770 insertions(+)
 create mode 100644 crates/libcontainer/src/container/tenant_builder.rs
trying the 1-th sample ...
--- crates/libcontainer/src/process/init/process.rs
+++ crates/libcontainer/src/process/init/process.rs
@@ -397,8 +397,7 @@
     }
 
     if ctx.process.args().is_none() {
-        tracing::error!("on non-Windows, at least one process arg entry is required");
-        Err(MissingSpecError::Args)?;
+        return Err(MissingSpecError::Args.into());
     }
 
     args.executor.exec(ctx.spec).map_err(|err| {
@@ -759,7 +758,7 @@
         })
         .collect();
 
-        let iop_class = serde_json::to_string(&io_priority.class())
+        let iop_class = serde_json::to_string(io_priority.class())
             .map_err(|err| InitProcessError::IoPriorityClass(err.to_string()))?;
 
         match io_prio_class_mapping.get(&iop_class) {
--- crates/libcontainer/src/container/tenant_builder.rs
+++ crates/libcontainer/src/container/tenant_builder.rs
@@ -310,7 +310,6 @@
     fn lookup_container_dir(&self) -> Result<PathBuf, LibcontainerError> {
         let container_dir = self.base.root_path.join(&self.base.container_id);
         if !container_dir.exists() {
-            tracing::error!(?container_dir, ?self.base.container_id, "container dir does not exist");
             return Err(LibcontainerError::NoDirectory);
         }
 
@@ -344,7 +343,7 @@
         if let Some(process) = spec.process() {
             if let Some(io_priority) = process.io_priority() {
                 let priority = io_priority.priority();
-                let iop_class_res = serde_json::to_string(&io_priority.class());
+                let iop_class_res = serde_json::to_string(io_priority.class());
                 match iop_class_res {
                     Ok(iop_class) => {
                         if !(0..=7).contains(&priority) {
@@ -424,7 +423,6 @@
     fn load_container_state(&self, container_dir: PathBuf) -> Result<Container, LibcontainerError> {
         let container = Container::load(container_dir)?;
         if !container.can_exec() {
-            tracing::error!(status = ?container.status(), "cannot exec as container");
             return Err(LibcontainerError::IncorrectStatus);
         }
 
@@ -495,7 +493,6 @@
 
     fn get_process(&self, process: &Path) -> Result<Process, LibcontainerError> {
         if !process.exists() {
-            tracing::error!(?process, "process.json file does not exist");
             return Err(LibcontainerError::Other(
                 "process.json file does not exist".into(),
             ));
@@ -511,7 +508,6 @@
     fn get_working_dir(&self) -> Result<Option<PathBuf>, LibcontainerError> {
         if let Some(cwd) = &self.cwd {
             if cwd.is_relative() {
-                tracing::error!(?cwd, "current working directory must be an absolute path");
                 return Err(LibcontainerError::Other(
                     "current working directory must be an absolute path".into(),
                 ));
--- crates/libcontainer/src/process/init/process.rs
+++ crates/libcontainer/src/process/init/process.rs
@@ -397,8 +397,7 @@
     }
 
     if ctx.process.args().is_none() {
-        tracing::error!("on non-Windows, at least one process arg entry is required");
-        Err(MissingSpecError::Args)?;
+        return Err(MissingSpecError::Args.into());
     }
 
     args.executor.exec(ctx.spec).map_err(|err| {
@@ -759,7 +758,7 @@
         })
         .collect();
 
-        let iop_class = serde_json::to_string(&io_priority.class())
+        let iop_class = serde_json::to_string(io_priority.class())
             .map_err(|err| InitProcessError::IoPriorityClass(err.to_string()))?;
 
         match io_prio_class_mapping.get(&iop_class) {
--- crates/libcontainer/src/container/tenant_builder.rs
+++ crates/libcontainer/src/container/tenant_builder.rs
@@ -310,7 +310,6 @@
     fn lookup_container_dir(&self) -> Result<PathBuf, LibcontainerError> {
         let container_dir = self.base.root_path.join(&self.base.container_id);
         if !container_dir.exists() {
-            tracing::error!(?container_dir, ?self.base.container_id, "container dir does not exist");
             return Err(LibcontainerError::NoDirectory);
         }
 
@@ -344,7 +343,7 @@
         if let Some(process) = spec.process() {
             if let Some(io_priority) = process.io_priority() {
                 let priority = io_priority.priority();
-                let iop_class_res = serde_json::to_string(&io_priority.class());
+                let iop_class_res = serde_json::to_string(io_priority.class());
                 match iop_class_res {
                     Ok(iop_class) => {
                         if !(0..=7).contains(&priority) {
@@ -424,7 +423,6 @@
     fn load_container_state(&self, container_dir: PathBuf) -> Result<Container, LibcontainerError> {
         let container = Container::load(container_dir)?;
         if !container.can_exec() {
-            tracing::error!(status = ?container.status(), "cannot exec as container");
             return Err(LibcontainerError::IncorrectStatus);
         }
 
@@ -495,7 +493,6 @@
 
     fn get_process(&self, process: &Path) -> Result<Process, LibcontainerError> {
         if !process.exists() {
-            tracing::error!(?process, "process.json file does not exist");
             return Err(LibcontainerError::Other(
                 "process.json file does not exist".into(),
             ));
@@ -511,7 +508,6 @@
     fn get_working_dir(&self) -> Result<Option<PathBuf>, LibcontainerError> {
         if let Some(cwd) = &self.cwd {
             if cwd.is_relative() {
-                tracing::error!(?cwd, "current working directory must be an absolute path");
                 return Err(LibcontainerError::Other(
                     "current working directory must be an absolute path".into(),
                 ));
