Initialized empty Git repository in /home/aludy/scires/Cloud_Spec_Exp/external/baselines/Agentless/playground/099cab89-c8b2-4576-aef0-ed9d8a977fea/.git/
[master (root-commit) e2a8df1] initial commit
 1 file changed, 2140 insertions(+)
 create mode 100644 libcontainer/container_linux.go
[master 4712bca] initial commit
 1 file changed, 1084 insertions(+)
 create mode 100644 libcontainer/rootfs_linux.go
trying the 1-th sample ...
--- libcontainer/container_linux.go
+++ libcontainer/container_linux.go
@@ -250,9 +250,21 @@
 	return err
 }
 
+func validateMountDestinations(mounts []*configs.Mount) error {
+	for _, m := range mounts {
+		if !filepath.IsAbs(m.Destination) {
+			return fmt.Errorf("%s is not an absolute mount destination", m.Destination)
+		}
+	}
+	return nil
+}
+
 func (c *linuxContainer) Start(process *Process) error {
 	c.m.Lock()
 	defer c.m.Unlock()
+	if err := validateMountDestinations(c.config.Mounts); err != nil {
+		return newGenericError(err, ConfigInvalid)
+	}
 	if c.config.Cgroups.Resources.SkipDevices {
 		return newGenericError(errors.New("can't start container with SkipDevices set"), ConfigInvalid)
 	}
--- libcontainer/rootfs_linux.go
+++ libcontainer/rootfs_linux.go
@@ -332,6 +332,9 @@
 	rootfs := c.root
 	mountLabel := c.label
 	dest := m.Destination
+	if !filepath.IsAbs(dest) {
+		return fmt.Errorf("%s is not an absolute mount destination", dest)
+	}
 	if !strings.HasPrefix(dest, rootfs) {
 		dest = filepath.Join(rootfs, dest)
 	}
--- libcontainer/container_linux.go
+++ libcontainer/container_linux.go
@@ -250,9 +250,21 @@
 	return err
 }
 
+func validateMountDestinations(mounts []*configs.Mount) error {
+	for _, m := range mounts {
+		if !filepath.IsAbs(m.Destination) {
+			return fmt.Errorf("%s is not an absolute mount destination", m.Destination)
+		}
+	}
+	return nil
+}
+
 func (c *linuxContainer) Start(process *Process) error {
 	c.m.Lock()
 	defer c.m.Unlock()
+	if err := validateMountDestinations(c.config.Mounts); err != nil {
+		return newGenericError(err, ConfigInvalid)
+	}
 	if c.config.Cgroups.Resources.SkipDevices {
 		return newGenericError(errors.New("can't start container with SkipDevices set"), ConfigInvalid)
 	}
--- libcontainer/rootfs_linux.go
+++ libcontainer/rootfs_linux.go
@@ -332,6 +332,9 @@
 	rootfs := c.root
 	mountLabel := c.label
 	dest := m.Destination
+	if !filepath.IsAbs(dest) {
+		return fmt.Errorf("%s is not an absolute mount destination", dest)
+	}
 	if !strings.HasPrefix(dest, rootfs) {
 		dest = filepath.Join(rootfs, dest)
 	}
