Initialized empty Git repository in /home/aludy/scires/Cloud_Spec_Exp/external/baselines/Agentless/playground/5426a688-4850-4d25-a76a-2aeab81dd5b4/.git/
[master (root-commit) eba0964] initial commit
 1 file changed, 1197 insertions(+)
 create mode 100644 libcontainer/container_linux.go
trying the 1-th sample ...
--- libcontainer/container_linux.go
+++ libcontainer/container_linux.go
@@ -381,10 +381,19 @@
 			}
 
 			if err := c.config.Hooks.Run(configs.Poststart, s); err != nil {
+				poststartErr := err
 				if err := ignoreTerminateErrors(parent.terminate()); err != nil {
-					logrus.Warn(fmt.Errorf("error running poststart hook: %w", err))
+					logrus.Warn(fmt.Errorf("error terminating container after poststart hook failure: %w", err))
 				}
-				return err
+				if c.config.HasHook(configs.Poststop) {
+					poststopState, err := c.currentOCIState()
+					if err != nil {
+						logrus.Warn(fmt.Errorf("error getting container state for poststop hook after poststart hook failure: %w", err))
+					} else if err := c.config.Hooks.Run(configs.Poststop, poststopState); err != nil {
+						logrus.Warn(fmt.Errorf("error running poststop hook after poststart hook failure: %w", err))
+					}
+				}
+				return poststartErr
 			}
 		}
 	}
--- libcontainer/container_linux.go
+++ libcontainer/container_linux.go
@@ -381,10 +381,19 @@
 			}
 
 			if err := c.config.Hooks.Run(configs.Poststart, s); err != nil {
+				poststartErr := err
 				if err := ignoreTerminateErrors(parent.terminate()); err != nil {
-					logrus.Warn(fmt.Errorf("error running poststart hook: %w", err))
+					logrus.Warn(fmt.Errorf("error terminating container after poststart hook failure: %w", err))
 				}
-				return err
+				if c.config.HasHook(configs.Poststop) {
+					poststopState, err := c.currentOCIState()
+					if err != nil {
+						logrus.Warn(fmt.Errorf("error getting container state for poststop hook after poststart hook failure: %w", err))
+					} else if err := c.config.Hooks.Run(configs.Poststop, poststopState); err != nil {
+						logrus.Warn(fmt.Errorf("error running poststop hook after poststart hook failure: %w", err))
+					}
+				}
+				return poststartErr
 			}
 		}
 	}
