Starting MetaGPT incremental repair mode.
2026-07-25 15:22:35.152 | INFO     | metagpt.const:get_metagpt_root:25 - PROJECT_ROOT set from environment variable to /home/aludy/scires/Cloud_Spec_Exp/external/baselines/MetaGPT
2026-07-25 15:22:35.152 | INFO     | metagpt.const:get_metagpt_package_root:15 - Package root set to /home/aludy/scires/Cloud_Spec_Exp/external/baselines/MetaGPT
/home/aludy/miniconda3/envs/metagpt/lib/python3.10/site-packages/pydantic/main.py:214: UserWarning: A custom validator is returning a value other than `self`.
Returning anything other than `self` from a top level model validator isn't supported when validating via `__init__`.
See the `model_validator` docs (https://docs.pydantic.dev/latest/concepts/validators/#model-validators) for more details.
  warnings.warn(
2026-07-25 15:22:37.819 | INFO     | metagpt.team:invest:96 - Investment: $3.0.
2026-07-25 15:23:06.355 | INFO     | metagpt.roles.di.role_zero:_act:292 - Commands: 
[{'command_name': 'Plan.append_task', 'args': {'task_id': '1', 'dependent_task_ids': [], 'instruction': 'Run the required first command in the writable target repository to inspect the initial state: cd /home/aludy/scires/Cloud_Spec_Exp/external/worktrees/oci-metagpt-agentless-mini-rerun/metagpt/runc-2430 && git rev-parse HEAD && git status --short. Report the current git HEAD commit and any uncommitted changes.', 'assignee': 'David', 'task_type': ''}}, {'command_name': 'Plan.append_task', 'args': {'task_id': '2', 'dependent_task_ids': ['1'], 'instruction': 'Analyze the runc bug for seccomp flag support (SECCOMP_FILTER_FLAG_SPEC_ALLOW) by inspecting the upstream issue at https://github.com/opencontainers/runc/issues/2430. Then inspect the source code in /home/aludy/scires/Cloud_Spec_Exp/external/worktrees/oci-metagpt-agentless-mini-rerun/metagpt/runc-2430/libcontainer/seccomp/ directory. Understand the current seccomp implementation, identify where seccomp flags need to be parsed and applied. The fix should add support for the SECCOMP_FILTER_FLAG_SPEC_ALLOW flag (and potentially other flags like SECCOMP_FILTER_FLAG_LOG and SECCOMP_FILTER_FLAG_TSYNC). Research commit 58ea21daefea from upstream runc as a reference for the fix. Document your findings and the changes needed.', 'assignee': 'Alex', 'task_type': ''}}, {'command_name': 'Plan.append_task', 'args': {'task_id': '3', 'dependent_task_ids': ['2'], 'instruction': 'Implement the fix for seccomp flag support in /home/aludy/scires/Cloud_Spec_Exp/external/worktrees/oci-metagpt-agentless-mini-rerun/metagpt/runc-2430. This involves:\n1. Parsing seccomp flags from config.json (SECCOMP_FILTER_FLAG_SPEC_ALLOW, SECCOMP_FILTER_FLAG_LOG, SECCOMP_FILTER_FLAG_TSYNC, SECCOMP_FILTER_FLAG_TSYNC_ESRCH, SECCOMP_FILTER_FLAG_WAIT_KILLABLE_RECV)\n2. Applying them via seccomp(SCMP_FLTATR_CTL_OPTIMIZE, ...) or seccomp_attr_set calls\n3. The key flag is SECCOMP_FILTER_FLAG_SPEC_ALLOW which uses seccomp_attr_set(ctx, SCMP_FLTATR_CTL_OPT_ALLOW, 1)\nModify the source code in libcontainer/seccomp/ directory. The main files to modify are likely the seccomp.go or seccomp_linux.go files that handle seccomp configuration. After changes, build with: cd /home/aludy/scires/Cloud_Spec_Exp/external/worktrees/oci-metagpt-agentless-mini-rerun/metagpt/runc-2430 && make runc', 'assignee': 'Alex', 'task_type': ''}}, {'command_name': 'Plan.append_task', 'args': {'task_id': '4', 'dependent_task_ids': ['3'], 'instruction': "Test the fix by running the reproduction test case. From the reproduction bundle directory /home/aludy/scires/Cloud_Spec_Exp/external/oci-differential-dataset/cases/runc-2430, run: bash repro.sh with the newly built runc binary. The candidate runtime is at /home/aludy/scires/Cloud_Spec_Exp/external/worktrees/oci-metagpt-agentless-mini-rerun/metagpt/runc-2430/runc. Check that it prints 'seccomp-flag-ok' as expected. Collect the final git diff from /home/aludy/scires/Cloud_Spec_Exp/external/worktrees/oci-metagpt-agentless-mini-rerun/metagpt/runc-2430 to confirm the changes made.", 'assignee': 'Alex', 'task_type': ''}}, {'command_name': 'TeamLeader.publish_message', 'args': {'content': 'We need to fix OCI runtime bug case runc-2430 - support seccomp flags such as SECCOMP_FILTER_FLAG_SPEC_ALLOW. Your first task is to run the required first command in the writable target repository to inspect its current state. Execute: cd /home/aludy/scires/Cloud_Spec_Exp/external/worktrees/oci-metagpt-agentless-mini-rerun/metagpt/runc-2430 && git rev-parse HEAD && git status --short. Report back the current HEAD commit hash and any uncommitted changes.', 'send_to': 'David'}}, {'command_name': 'RoleZero.reply_to_human', 'args': {'content': "I have initiated the fix process for the OCI runtime bug runc-2430 (seccomp flag support). I've assigned David to first inspect the repository state by running the required git commands. After that, Alex will analyze the upstream issue, inspect the codebase, implement the fix (adding SECCOMP_FILTER_FLAG_SPEC_ALLOW and other seccomp flag support), build the runtime with `make runc`, and test it against the reproduction bundle. I'll track progress and update you as we go."}}]
2026-07-25 15:23:06.356 | INFO     | metagpt.roles.di.role_zero:_act:294 - Commands outputs: 
Command Plan.append_task executed

Command Plan.append_task executed

Command Plan.append_task executed

Command Plan.append_task executed

Command TeamLeader.publish_message executed

Command RoleZero.reply_to_human executed: SUCCESS, human has received your reply. Refrain from resending duplicate messages.  If you no longer need to take action, use the command ‘end’ to stop.
2026-07-25 15:23:10.793 | INFO     | metagpt.roles.di.role_zero:_act:292 - Commands: 
[{'command_name': 'DataAnalyst.write_and_exec_code', 'args': {'instruction': 'Run the required first command to inspect repository state: cd /home/aludy/scires/Cloud_Spec_Exp/external/worktrees/oci-metagpt-agentless-mini-rerun/metagpt/runc-2430 && git rev-parse HEAD && git status --short'}}]
2026-07-25 15:23:10.793 | INFO     | metagpt.roles.di.data_analyst:write_and_exec_code:68 - Current task None
2026-07-25 15:23:11.631 | INFO     | metagpt.roles.di.role_zero:_act:294 - Commands outputs: 
Command DataAnalyst.write_and_exec_code executed: No current_task found now. Please use command Plan.append_task to add a task first.
2026-07-25 15:23:20.379 | INFO     | metagpt.roles.di.role_zero:_act:292 - Commands: 
[{'command_name': 'Plan.append_task', 'args': {'task_id': '1', 'dependent_task_ids': [], 'instruction': 'Run the required first command to inspect repository state: cd /home/aludy/scires/Cloud_Spec_Exp/external/worktrees/oci-metagpt-agentless-mini-rerun/metagpt/runc-2430 && git rev-parse HEAD && git status --short. Report the HEAD commit hash and any uncommitted changes.', 'assignee': 'David'}}, {'command_name': 'Plan.append_task', 'args': {'task_id': '2', 'dependent_task_ids': ['1'], 'instruction': 'Read the case README and the reproduction bundle files (e.g., buggy_config.json, base_config.json, repro.sh, expected_diff.txt) in /home/aludy/scires/Cloud_Spec_Exp/external/oci-differential-dataset/cases/runc-2430 to fully understand the issue and the expected behavior.', 'assignee': 'David'}}, {'command_name': 'Plan.append_task', 'args': {'task_id': '3', 'dependent_task_ids': ['2'], 'instruction': "Explore the writable target repository source code to locate the seccomp-related files (e.g., libcontainer/seccomp/seccomp_linux.go) and understand the current implementation of seccomp flags handling. Also search for 'SECCOMP_FILTER_FLAG_SPEC_ALLOW' or 'SecurComp' references.", 'assignee': 'David'}}, {'command_name': 'Plan.append_task', 'args': {'task_id': '4', 'dependent_task_ids': ['3'], 'instruction': 'Modify the runc source code to support seccomp flags such as SECCOMP_FILTER_FLAG_SPEC_ALLOW. This involves adding the flag constant, parsing it from config.json, and passing it to the seccomp filter application. Ensure changes are made only under the writable target repository path.', 'assignee': 'David'}}, {'command_name': 'Plan.append_task', 'args': {'task_id': '5', 'dependent_task_ids': ['4'], 'instruction': 'Build the runc binary using `make runc` from the writable target repository directory.', 'assignee': 'David'}}, {'command_name': 'Plan.append_task', 'args': {'task_id': '6', 'dependent_task_ids': ['5'], 'instruction': "Run the reproduction test by executing `bash repro.sh` from the reproduction bundle directory. Validate that the runtime prints 'seccomp-flag-ok' (exit 0) as expected. Collect git diff of the changes.", 'assignee': 'David'}}]
2026-07-25 15:23:20.379 | INFO     | metagpt.roles.di.role_zero:_act:294 - Commands outputs: 
Command Plan.append_task executed

Command Plan.append_task executed

Command Plan.append_task executed

Command Plan.append_task executed

Command Plan.append_task executed

Command Plan.append_task executed
2026-07-25 15:23:34.194 | INFO     | metagpt.roles.di.role_zero:_act:292 - Commands: 
[{'command_name': 'DataAnalyst.write_and_exec_code', 'args': {'instruction': 'Run the required first command to inspect the current state of the writable target repository: cd /home/aludy/scires/Cloud_Spec_Exp/external/worktrees/oci-metagpt-agentless-mini-rerun/metagpt/runc-2430 && git rev-parse HEAD && git status --short. Print the HEAD commit hash and a summary of any uncommitted changes.'}}, {'command_name': 'Plan.finish_current_task', 'args': {}}]
2026-07-25 15:23:34.195 | INFO     | metagpt.roles.di.data_analyst:write_and_exec_code:68 - Current task task_id='1' dependent_task_ids=[] instruction='Run the required first command to inspect repository state: cd /home/aludy/scires/Cloud_Spec_Exp/external/worktrees/oci-metagpt-agentless-mini-rerun/metagpt/runc-2430 && git rev-parse HEAD && git status --short. Report the HEAD commit hash and any uncommitted changes.' task_type='' code='' result='' is_success=False is_finished=False assignee='David'
2026-07-25 15:23:34.195 | INFO     | metagpt.roles.di.data_analyst:write_and_exec_code:95 - ready to WriteAnalysisCode
Timeout (0:05:00)!
Thread 0x00007040677fe6c0 (most recent call first):
  File "/home/aludy/miniconda3/envs/metagpt/lib/python3.10/threading.py", line 324 in wait
  File "/home/aludy/miniconda3/envs/metagpt/lib/python3.10/threading.py", line 607 in wait
  File "/home/aludy/miniconda3/envs/metagpt/lib/python3.10/site-packages/jupyter_client/channels.py", line 131 in _async_run
  File "/home/aludy/miniconda3/envs/metagpt/lib/python3.10/asyncio/events.py", line 80 in _run
  File "/home/aludy/miniconda3/envs/metagpt/lib/python3.10/asyncio/base_events.py", line 1909 in _run_once
  File "/home/aludy/miniconda3/envs/metagpt/lib/python3.10/asyncio/base_events.py", line 603 in run_forever
  File "/home/aludy/miniconda3/envs/metagpt/lib/python3.10/asyncio/base_events.py", line 636 in run_until_complete
  File "/home/aludy/miniconda3/envs/metagpt/lib/python3.10/site-packages/jupyter_client/channels.py", line 151 in run
  File "/home/aludy/miniconda3/envs/metagpt/lib/python3.10/threading.py", line 1016 in _bootstrap_inner
  File "/home/aludy/miniconda3/envs/metagpt/lib/python3.10/threading.py", line 973 in _bootstrap

Thread 0x00007040765626c0 (most recent call first):
  File "/home/aludy/miniconda3/envs/metagpt/lib/python3.10/selectors.py", line 469 in select
  File "/home/aludy/miniconda3/envs/metagpt/lib/python3.10/asyncio/base_events.py", line 1871 in _run_once
  File "/home/aludy/miniconda3/envs/metagpt/lib/python3.10/asyncio/base_events.py", line 603 in run_forever
  File "/home/aludy/miniconda3/envs/metagpt/lib/python3.10/site-packages/jupyter_core/utils/__init__.py", line 115 in _runner
  File "/home/aludy/miniconda3/envs/metagpt/lib/python3.10/threading.py", line 953 in run
  File "/home/aludy/miniconda3/envs/metagpt/lib/python3.10/threading.py", line 1016 in _bootstrap_inner
  File "/home/aludy/miniconda3/envs/metagpt/lib/python3.10/threading.py", line 973 in _bootstrap

Thread 0x0000704076e636c0 (most recent call first):
  File "/home/aludy/miniconda3/envs/metagpt/lib/python3.10/concurrent/futures/thread.py", line 81 in _worker
  File "/home/aludy/miniconda3/envs/metagpt/lib/python3.10/threading.py", line 953 in run
  File "/home/aludy/miniconda3/envs/metagpt/lib/python3.10/threading.py", line 1016 in _bootstrap_inner
  File "/home/aludy/miniconda3/envs/metagpt/lib/python3.10/threading.py", line 973 in _bootstrap

Thread 0x000070413a4c5740 (most recent call first):
  File "/home/aludy/miniconda3/envs/metagpt/lib/python3.10/selectors.py", line 469 in select
  File "/home/aludy/miniconda3/envs/metagpt/lib/python3.10/asyncio/base_events.py", line 1871 in _run_once
  File "/home/aludy/miniconda3/envs/metagpt/lib/python3.10/asyncio/base_events.py", line 603 in run_forever
  File "/home/aludy/miniconda3/envs/metagpt/lib/python3.10/asyncio/base_events.py", line 636 in run_until_complete
  File "/home/aludy/miniconda3/envs/metagpt/lib/python3.10/asyncio/runners.py", line 44 in run
  File "/home/aludy/scires/Cloud_Spec_Exp/external/baselines/MetaGPT/metagpt/software_company.py", line 72 in generate_repo
  File "/home/aludy/scires/Cloud_Spec_Exp/baselines/metagpt/launch.py", line 277 in main
  File "/home/aludy/scires/Cloud_Spec_Exp/baselines/metagpt/launch.py", line 307 in <module>
