Initialized empty Git repository in /home/aludy/scires/Cloud_Spec_Exp/external/baselines/Agentless/playground/3f5f9885-0583-4ff2-8af7-98fddbcad932/.git/
[master (root-commit) e0e5872] initial commit
 1 file changed, 1313 insertions(+)
 create mode 100644 crates/libcontainer/src/process/init/process.rs
trying the 1-th sample ...
--- crates/libcontainer/src/process/init/process.rs
+++ crates/libcontainer/src/process/init/process.rs
@@ -82,16 +82,6 @@
     }
 
     if matches!(args.container_type, ContainerType::InitContainer) {
-        // create_container hook needs to be called after the namespace setup, but
-        // before pivot_root is called. This runs in the container namespaces.
-        if let Some(hooks) = ctx.hooks {
-            hooks::run_hooks(hooks.create_container().as_ref(), ctx.container, None).map_err(
-                |err| {
-                    tracing::error!(?err, "failed to run create container hooks");
-                    InitProcessError::Hooks(err)
-                },
-            )?;
-        }
         let in_user_ns = utils::is_in_new_userns().map_err(InitProcessError::Io)?;
         let bind_service = ctx.ns.get(LinuxNamespaceType::User)?.is_some() || in_user_ns;
         let rootfs = RootFS::new();
@@ -417,10 +407,20 @@
         err
     })?;
 
-    // create_container hook needs to be called after the namespace setup, but
-    // before pivot_root is called. This runs in the container namespaces.
     if matches!(args.container_type, ContainerType::InitContainer) {
         if let Some(hooks) = ctx.hooks {
+            // The OCI hook order requires prestart/createRuntime hooks to run before
+            // createContainer hooks, and createContainer hooks to run before
+            // startContainer hooks.  The runtime-side prestart/createRuntime hooks are
+            // completed before the start notification is delivered here, so run the
+            // container-namespace hooks in their specified order immediately before
+            // executing the payload.
+            hooks::run_hooks(hooks.create_container().as_ref(), ctx.container, None).map_err(
+                |err| {
+                    tracing::error!(?err, "failed to run create container hooks");
+                    InitProcessError::Hooks(err)
+                },
+            )?;
             hooks::run_hooks(hooks.start_container().as_ref(), ctx.container, None).map_err(
                 |err| {
                     tracing::error!(?err, "failed to run start container hooks");
--- crates/libcontainer/src/process/init/process.rs
+++ crates/libcontainer/src/process/init/process.rs
@@ -82,16 +82,6 @@
     }
 
     if matches!(args.container_type, ContainerType::InitContainer) {
-        // create_container hook needs to be called after the namespace setup, but
-        // before pivot_root is called. This runs in the container namespaces.
-        if let Some(hooks) = ctx.hooks {
-            hooks::run_hooks(hooks.create_container().as_ref(), ctx.container, None).map_err(
-                |err| {
-                    tracing::error!(?err, "failed to run create container hooks");
-                    InitProcessError::Hooks(err)
-                },
-            )?;
-        }
         let in_user_ns = utils::is_in_new_userns().map_err(InitProcessError::Io)?;
         let bind_service = ctx.ns.get(LinuxNamespaceType::User)?.is_some() || in_user_ns;
         let rootfs = RootFS::new();
@@ -417,10 +407,20 @@
         err
     })?;
 
-    // create_container hook needs to be called after the namespace setup, but
-    // before pivot_root is called. This runs in the container namespaces.
     if matches!(args.container_type, ContainerType::InitContainer) {
         if let Some(hooks) = ctx.hooks {
+            // The OCI hook order requires prestart/createRuntime hooks to run before
+            // createContainer hooks, and createContainer hooks to run before
+            // startContainer hooks.  The runtime-side prestart/createRuntime hooks are
+            // completed before the start notification is delivered here, so run the
+            // container-namespace hooks in their specified order immediately before
+            // executing the payload.
+            hooks::run_hooks(hooks.create_container().as_ref(), ctx.container, None).map_err(
+                |err| {
+                    tracing::error!(?err, "failed to run create container hooks");
+                    InitProcessError::Hooks(err)
+                },
+            )?;
             hooks::run_hooks(hooks.start_container().as_ref(), ctx.container, None).map_err(
                 |err| {
                     tracing::error!(?err, "failed to run start container hooks");
