Initialized empty Git repository in /home/aludy/scires/Cloud_Spec_Exp/external/baselines/Agentless/playground/b62a8a86-70b1-4cb6-8ff2-defe5395d31c/.git/
[master (root-commit) c5144ec] initial commit
 1 file changed, 1327 insertions(+)
 create mode 100644 libcontainer/specconv/spec_linux.go
trying the 1-th sample ...
--- libcontainer/specconv/spec_linux.go
+++ libcontainer/specconv/spec_linux.go
@@ -226,33 +226,13 @@
 // wrong) according to the runtime-spec.
 //
 // Yes, we have to include certain devices other than the ones the user
-// specifies, but several devices listed here are not part of the spec
-// (including "mknod for any device"?!). In addition, these rules are
-// appended to the user-provided set which means that users *cannot disable
-// this behaviour*.
+// specifies, but several devices listed here are not part of the spec.
+// In addition, these rules are appended to the user-provided set which
+// means that users *cannot disable this behaviour*.
 //
 // ... unfortunately I'm too scared to change this now because who knows how
 // many people depend on this (incorrect and arguably insecure) behaviour.
 var AllowedDevices = []*devices.Device{
-	// allow mknod for any device
-	{
-		Rule: devices.Rule{
-			Type:        devices.CharDevice,
-			Major:       devices.Wildcard,
-			Minor:       devices.Wildcard,
-			Permissions: "m",
-			Allow:       true,
-		},
-	},
-	{
-		Rule: devices.Rule{
-			Type:        devices.BlockDevice,
-			Major:       devices.Wildcard,
-			Minor:       devices.Wildcard,
-			Permissions: "m",
-			Allow:       true,
-		},
-	},
 	{
 		Path:     "/dev/null",
 		FileMode: 0o666,
--- libcontainer/specconv/spec_linux.go
+++ libcontainer/specconv/spec_linux.go
@@ -226,33 +226,13 @@
 // wrong) according to the runtime-spec.
 //
 // Yes, we have to include certain devices other than the ones the user
-// specifies, but several devices listed here are not part of the spec
-// (including "mknod for any device"?!). In addition, these rules are
-// appended to the user-provided set which means that users *cannot disable
-// this behaviour*.
+// specifies, but several devices listed here are not part of the spec.
+// In addition, these rules are appended to the user-provided set which
+// means that users *cannot disable this behaviour*.
 //
 // ... unfortunately I'm too scared to change this now because who knows how
 // many people depend on this (incorrect and arguably insecure) behaviour.
 var AllowedDevices = []*devices.Device{
-	// allow mknod for any device
-	{
-		Rule: devices.Rule{
-			Type:        devices.CharDevice,
-			Major:       devices.Wildcard,
-			Minor:       devices.Wildcard,
-			Permissions: "m",
-			Allow:       true,
-		},
-	},
-	{
-		Rule: devices.Rule{
-			Type:        devices.BlockDevice,
-			Major:       devices.Wildcard,
-			Minor:       devices.Wildcard,
-			Permissions: "m",
-			Allow:       true,
-		},
-	},
 	{
 		Path:     "/dev/null",
 		FileMode: 0o666,
