Initialized empty Git repository in /home/aludy/scires/Cloud_Spec_Exp/external/baselines/Agentless/playground/f3f07ace-c502-433a-9f6b-636188d79fdd/.git/
[master (root-commit) d43e5da] initial commit
 1 file changed, 1150 insertions(+)
 create mode 100644 libcontainer/specconv/spec_linux.go
trying the 1-th sample ...
--- libcontainer/specconv/spec_linux.go
+++ libcontainer/specconv/spec_linux.go
@@ -511,10 +511,10 @@
 
 func createLibcontainerMount(cwd string, m specs.Mount) (*configs.Mount, error) {
 	if !filepath.IsAbs(m.Destination) {
-		// Relax validation for backward compatibility
-		// TODO (runc v1.x.x): change warning to an error
-		// return nil, fmt.Errorf("mount destination %s is not absolute", m.Destination)
-		logrus.Warnf("mount destination %s is not absolute. Support for non-absolute mount destinations will be removed in a future release.", m.Destination)
+		// Keep accepting non-absolute mount destinations for backward
+		// compatibility with older runc behavior. The runtime should warn but
+		// continue rather than rejecting the container configuration.
+		logrus.Warnf("mount destination %s is not absolute. Support for non-absolute mount destinations may be removed in a future release.", m.Destination)
 	}
 	mnt := parseMountOptions(m.Options)
 
--- libcontainer/specconv/spec_linux.go
+++ libcontainer/specconv/spec_linux.go
@@ -511,10 +511,10 @@
 
 func createLibcontainerMount(cwd string, m specs.Mount) (*configs.Mount, error) {
 	if !filepath.IsAbs(m.Destination) {
-		// Relax validation for backward compatibility
-		// TODO (runc v1.x.x): change warning to an error
-		// return nil, fmt.Errorf("mount destination %s is not absolute", m.Destination)
-		logrus.Warnf("mount destination %s is not absolute. Support for non-absolute mount destinations will be removed in a future release.", m.Destination)
+		// Keep accepting non-absolute mount destinations for backward
+		// compatibility with older runc behavior. The runtime should warn but
+		// continue rather than rejecting the container configuration.
+		logrus.Warnf("mount destination %s is not absolute. Support for non-absolute mount destinations may be removed in a future release.", m.Destination)
 	}
 	mnt := parseMountOptions(m.Options)
 
