Initialized empty Git repository in /home/aludy/scires/Cloud_Spec_Exp/external/baselines/Agentless/playground/ad7c9efc-84c0-47fd-9121-2e85a0ccf252/.git/
[master (root-commit) db89049] initial commit
 1 file changed, 355 insertions(+)
 create mode 100644 libcontainer/configs/config.go
trying the 1-th sample ...
--- libcontainer/configs/config.go
+++ libcontainer/configs/config.go
@@ -32,6 +32,7 @@
 type Seccomp struct {
 	DefaultAction Action     `json:"default_action"`
 	Architectures []string   `json:"architectures"`
+	Flags         []string   `json:"flags,omitempty"`
 	Syscalls      []*Syscall `json:"syscalls"`
 }
 
--- libcontainer/configs/config.go
+++ libcontainer/configs/config.go
@@ -32,6 +32,7 @@
 type Seccomp struct {
 	DefaultAction Action     `json:"default_action"`
 	Architectures []string   `json:"architectures"`
+	Flags         []string   `json:"flags,omitempty"`
 	Syscalls      []*Syscall `json:"syscalls"`
 }
 
