Initialized empty Git repository in /home/aludy/scires/Cloud_Spec_Exp/external/baselines/Agentless/playground/b3fb14bb-4a13-40bd-83fe-dbebfa4a1727/.git/
[master (root-commit) 1156b1e] initial commit
 1 file changed, 1319 insertions(+)
 create mode 100644 crates/libcontainer/src/process/init/process.rs
trying the 1-th sample ...
--- crates/libcontainer/src/process/init/process.rs
+++ crates/libcontainer/src/process/init/process.rs
@@ -77,10 +77,6 @@
 
     apply_rest_namespaces(&ctx.ns, ctx.spec, ctx.syscall.as_ref())?;
 
-    if let Some(true) = ctx.process.no_new_privileges() {
-        let _ = prctl::set_no_new_privileges(true);
-    }
-
     if matches!(args.container_type, ContainerType::InitContainer) {
         let in_user_ns = utils::is_in_new_userns().map_err(InitProcessError::Io)?;
         let bind_service = ctx.ns.get(LinuxNamespaceType::User)?.is_some() || in_user_ns;
@@ -346,6 +342,14 @@
             tracing::error!(?err, "failed to drop capabilities");
             InitProcessError::SyscallOther(err)
         })?;
+    }
+
+    // no_new_privileges must be set after applying capabilities. In particular,
+    // ambient capabilities have to be raised while privilege changes are still
+    // allowed, otherwise the configured ambient set will not be visible after
+    // exec. It still has to be set before the late seccomp setup below.
+    if let Some(true) = ctx.process.no_new_privileges() {
+        let _ = prctl::set_no_new_privileges(true);
     }
 
     // Change directory to process.cwd if process.cwd is not empty
--- crates/libcontainer/src/process/init/process.rs
+++ crates/libcontainer/src/process/init/process.rs
@@ -77,10 +77,6 @@
 
     apply_rest_namespaces(&ctx.ns, ctx.spec, ctx.syscall.as_ref())?;
 
-    if let Some(true) = ctx.process.no_new_privileges() {
-        let _ = prctl::set_no_new_privileges(true);
-    }
-
     if matches!(args.container_type, ContainerType::InitContainer) {
         let in_user_ns = utils::is_in_new_userns().map_err(InitProcessError::Io)?;
         let bind_service = ctx.ns.get(LinuxNamespaceType::User)?.is_some() || in_user_ns;
@@ -346,6 +342,14 @@
             tracing::error!(?err, "failed to drop capabilities");
             InitProcessError::SyscallOther(err)
         })?;
+    }
+
+    // no_new_privileges must be set after applying capabilities. In particular,
+    // ambient capabilities have to be raised while privilege changes are still
+    // allowed, otherwise the configured ambient set will not be visible after
+    // exec. It still has to be set before the late seccomp setup below.
+    if let Some(true) = ctx.process.no_new_privileges() {
+        let _ = prctl::set_no_new_privileges(true);
     }
 
     // Change directory to process.cwd if process.cwd is not empty
