Initialized empty Git repository in /home/aludy/scires/Cloud_Spec_Exp/external/baselines/Agentless/playground/0602a94b-6eb5-4727-a5b1-bd5c2c47eb89/.git/
[master (root-commit) 7c61b9e] initial commit
 1 file changed, 5022 insertions(+)
 create mode 100644 src/libcrun/container.c
trying the 1-th sample ...
--- src/libcrun/container.c
+++ src/libcrun/container.c
@@ -2964,9 +2964,9 @@
   if (context->fifo_exec_wait_fd < 0 && def->hooks && def->hooks->poststart_len)
     {
       libcrun_debug ("Running `poststart` hooks");
-      ret = do_hooks (def, pid, context->id, true, NULL, "running", (hook **) def->hooks->poststart,
+      ret = do_hooks (def, pid, context->id, false, NULL, "running", (hook **) def->hooks->poststart,
                       def->hooks->poststart_len, hooks_out_fd, hooks_err_fd, err);
-      if (UNLIKELY (ret < 0))
+      if (UNLIKELY (ret != 0))
         goto fail;
     }
 
@@ -3387,10 +3387,10 @@
       if (UNLIKELY (ret < 0))
         return ret;
 
-      ret = do_hooks (def, status.pid, context->id, true, status.bundle, "running", (hook **) def->hooks->poststart,
+      ret = do_hooks (def, status.pid, context->id, false, status.bundle, "running", (hook **) def->hooks->poststart,
                       def->hooks->poststart_len, hooks_out_fd, hooks_err_fd, err);
-      if (UNLIKELY (ret < 0))
-        crun_error_release (err);
+      if (UNLIKELY (ret != 0))
+        return ret;
     }
 
   return 0;
--- src/libcrun/container.c
+++ src/libcrun/container.c
@@ -2964,9 +2964,9 @@
   if (context->fifo_exec_wait_fd < 0 && def->hooks && def->hooks->poststart_len)
     {
       libcrun_debug ("Running `poststart` hooks");
-      ret = do_hooks (def, pid, context->id, true, NULL, "running", (hook **) def->hooks->poststart,
+      ret = do_hooks (def, pid, context->id, false, NULL, "running", (hook **) def->hooks->poststart,
                       def->hooks->poststart_len, hooks_out_fd, hooks_err_fd, err);
-      if (UNLIKELY (ret < 0))
+      if (UNLIKELY (ret != 0))
         goto fail;
     }
 
@@ -3387,10 +3387,10 @@
       if (UNLIKELY (ret < 0))
         return ret;
 
-      ret = do_hooks (def, status.pid, context->id, true, status.bundle, "running", (hook **) def->hooks->poststart,
+      ret = do_hooks (def, status.pid, context->id, false, status.bundle, "running", (hook **) def->hooks->poststart,
                       def->hooks->poststart_len, hooks_out_fd, hooks_err_fd, err);
-      if (UNLIKELY (ret < 0))
-        crun_error_release (err);
+      if (UNLIKELY (ret != 0))
+        return ret;
     }
 
   return 0;
