Initialized empty Git repository in /home/aludy/scires/Cloud_Spec_Exp/external/baselines/Agentless/playground/b2faf774-b58f-44c8-b52c-cbf542752520/.git/
[master (root-commit) 286d1dd] initial commit
 1 file changed, 2656 insertions(+)
 create mode 100644 src/libcrun/container.c
trying the 1-th sample ...
--- src/libcrun/container.c
+++ src/libcrun/container.c
@@ -535,11 +535,27 @@
       ret = run_process_with_stdin_timeout_envp (hooks[i]->path, hooks[i]->args, cwd, hooks[i]->timeout, hooks[i]->env, stdin, stdin_len, err);
       if (UNLIKELY (ret != 0))
         {
+          cleanup_free char *hook_error = NULL;
+
+          if (*err)
+            {
+              hook_error = xstrdup ((*err)->msg);
+              crun_error_release (err);
+            }
+
           if (keep_going)
-            libcrun_warning ("error executing hook `%s` (exit code: %d)", hooks[i]->path, ret);
+            {
+              if (hook_error && hook_error[0])
+                libcrun_warning ("error executing hook `%s` (exit code: %d): %s", hooks[i]->path, ret, hook_error);
+              else
+                libcrun_warning ("error executing hook `%s` (exit code: %d)", hooks[i]->path, ret);
+            }
           else
             {
-              libcrun_error (0, "error executing hook `%s` (exit code: %d)", hooks[i]->path, ret);
+              if (hook_error && hook_error[0])
+                ret = crun_make_error (err, 0, "error executing hook `%s` (exit code: %d): %s", hooks[i]->path, ret, hook_error);
+              else
+                ret = crun_make_error (err, 0, "error executing hook `%s` (exit code: %d)", hooks[i]->path, ret);
               goto exit;
             }
         }
--- src/libcrun/container.c
+++ src/libcrun/container.c
@@ -535,11 +535,27 @@
       ret = run_process_with_stdin_timeout_envp (hooks[i]->path, hooks[i]->args, cwd, hooks[i]->timeout, hooks[i]->env, stdin, stdin_len, err);
       if (UNLIKELY (ret != 0))
         {
+          cleanup_free char *hook_error = NULL;
+
+          if (*err)
+            {
+              hook_error = xstrdup ((*err)->msg);
+              crun_error_release (err);
+            }
+
           if (keep_going)
-            libcrun_warning ("error executing hook `%s` (exit code: %d)", hooks[i]->path, ret);
+            {
+              if (hook_error && hook_error[0])
+                libcrun_warning ("error executing hook `%s` (exit code: %d): %s", hooks[i]->path, ret, hook_error);
+              else
+                libcrun_warning ("error executing hook `%s` (exit code: %d)", hooks[i]->path, ret);
+            }
           else
             {
-              libcrun_error (0, "error executing hook `%s` (exit code: %d)", hooks[i]->path, ret);
+              if (hook_error && hook_error[0])
+                ret = crun_make_error (err, 0, "error executing hook `%s` (exit code: %d): %s", hooks[i]->path, ret, hook_error);
+              else
+                ret = crun_make_error (err, 0, "error executing hook `%s` (exit code: %d)", hooks[i]->path, ret);
               goto exit;
             }
         }
