configure.ac:3: warning: The macro `AC_CONFIG_HEADER' is obsolete.
configure.ac:3: You should run autoupdate.
./lib/autoconf/status.m4:719: AC_CONFIG_HEADER is expanded from...
configure.ac:3: the top level
configure.ac:7: installing 'build-aux/compile'
configure.ac:9: installing 'build-aux/config.guess'
configure.ac:9: installing 'build-aux/config.sub'
configure.ac:11: installing 'build-aux/install-sh'
configure.ac:11: installing 'build-aux/missing'
Makefile.am: installing 'build-aux/depcomp'
parallel-tests: installing 'build-aux/test-driver'
configure.ac:10: installing 'build-aux/compile'
configure.ac:12: installing 'build-aux/missing'
Makefile.am: installing 'build-aux/depcomp'
/home/aludy/scires/Cloud_Spec_Exp/external/worktrees/oci-metagpt-agentless-mini-rerun/metagpt/crun-129/libocispec/./src/generate.py:28: SyntaxWarning: "is" with 'str' literal. Did you mean "=="?
  if name is None or name is "":
/home/aludy/scires/Cloud_Spec_Exp/external/worktrees/oci-metagpt-agentless-mini-rerun/metagpt/crun-129/libocispec/./src/generate.py:34: SyntaxWarning: "is not" with 'str' literal. Did you mean "!="?
  if parts and parts[-1] is not '_':
/home/aludy/scires/Cloud_Spec_Exp/external/worktrees/oci-metagpt-agentless-mini-rerun/metagpt/crun-129/libocispec/./src/generate.py:40: SyntaxWarning: "is not" with 'str' literal. Did you mean "!="?
  if parts and parts[-1] is not '_':
/home/aludy/scires/Cloud_Spec_Exp/external/worktrees/oci-metagpt-agentless-mini-rerun/metagpt/crun-129/libocispec/./src/generate.py:45: SyntaxWarning: "is not" with 'str' literal. Did you mean "!="?
  if parts and parts[-1] is not '_':
/home/aludy/scires/Cloud_Spec_Exp/external/worktrees/oci-metagpt-agentless-mini-rerun/metagpt/crun-129/libocispec/./src/generate.py:49: SyntaxWarning: "is not" with 'str' literal. Did you mean "!="?
  if preindex <= index and index >= 0 and name[index] is not '_' and preindex != 0 and parts[-1] is not '_':
/home/aludy/scires/Cloud_Spec_Exp/external/worktrees/oci-metagpt-agentless-mini-rerun/metagpt/crun-129/libocispec/./src/generate.py:49: SyntaxWarning: "is not" with 'str' literal. Did you mean "!="?
  if preindex <= index and index >= 0 and name[index] is not '_' and preindex != 0 and parts[-1] is not '_':
/home/aludy/scires/Cloud_Spec_Exp/external/worktrees/oci-metagpt-agentless-mini-rerun/metagpt/crun-129/libocispec/./src/generate.py:107: SyntaxWarning: "is" with 'str' literal. Did you mean "=="?
  if name is None or name is "":
/home/aludy/scires/Cloud_Spec_Exp/external/worktrees/oci-metagpt-agentless-mini-rerun/metagpt/crun-129/libocispec/./src/generate.py:114: SyntaxWarning: "is" with 'str' literal. Did you mean "=="?
  if name is None or name is "":
/home/aludy/scires/Cloud_Spec_Exp/external/worktrees/oci-metagpt-agentless-mini-rerun/metagpt/crun-129/libocispec/./src/generate.py:793: SyntaxWarning: "is" with 'str' literal. Did you mean "=="?
  if toptype is 'object':
/home/aludy/scires/Cloud_Spec_Exp/external/worktrees/oci-metagpt-agentless-mini-rerun/metagpt/crun-129/libocispec/./src/generate.py:819: SyntaxWarning: "is" with 'str' literal. Did you mean "=="?
  if typ is 'array':
/home/aludy/scires/Cloud_Spec_Exp/external/worktrees/oci-metagpt-agentless-mini-rerun/metagpt/crun-129/libocispec/./src/generate.py:879: SyntaxWarning: "is" with 'str' literal. Did you mean "=="?
  if typ is 'object':
/home/aludy/scires/Cloud_Spec_Exp/external/worktrees/oci-metagpt-agentless-mini-rerun/metagpt/crun-129/libocispec/./src/generate.py:910: SyntaxWarning: "is" with 'str' literal. Did you mean "=="?
  if typ is 'object':
/home/aludy/scires/Cloud_Spec_Exp/external/worktrees/oci-metagpt-agentless-mini-rerun/metagpt/crun-129/libocispec/./src/generate.py:920: SyntaxWarning: "is" with 'str' literal. Did you mean "=="?
  if typ is 'object':
/home/aludy/scires/Cloud_Spec_Exp/external/worktrees/oci-metagpt-agentless-mini-rerun/metagpt/crun-129/libocispec/./src/generate.py:950: SyntaxWarning: "is" with 'str' literal. Did you mean "=="?
  if typ is 'object':
/home/aludy/scires/Cloud_Spec_Exp/external/worktrees/oci-metagpt-agentless-mini-rerun/metagpt/crun-129/libocispec/./src/generate.py:960: SyntaxWarning: "is" with 'str' literal. Did you mean "=="?
  if typ is 'object':
/home/aludy/scires/Cloud_Spec_Exp/external/worktrees/oci-metagpt-agentless-mini-rerun/metagpt/crun-129/libocispec/./src/generate.py:983: SyntaxWarning: "is" with 'str' literal. Did you mean "=="?
  if typ is 'object':
/home/aludy/scires/Cloud_Spec_Exp/external/worktrees/oci-metagpt-agentless-mini-rerun/metagpt/crun-129/libocispec/./src/generate.py:993: SyntaxWarning: "is" with 'str' literal. Did you mean "=="?
  if typ is 'object':
/home/aludy/scires/Cloud_Spec_Exp/external/worktrees/oci-metagpt-agentless-mini-rerun/metagpt/crun-129/libocispec/./src/generate.py:1017: SyntaxWarning: "is" with 'str' literal. Did you mean "=="?
  if typ is 'object':
/home/aludy/scires/Cloud_Spec_Exp/external/worktrees/oci-metagpt-agentless-mini-rerun/metagpt/crun-129/libocispec/./src/generate.py:28: SyntaxWarning: "is" with 'str' literal. Did you mean "=="?
  if name is None or name is "":
/home/aludy/scires/Cloud_Spec_Exp/external/worktrees/oci-metagpt-agentless-mini-rerun/metagpt/crun-129/libocispec/./src/generate.py:34: SyntaxWarning: "is not" with 'str' literal. Did you mean "!="?
  if parts and parts[-1] is not '_':
/home/aludy/scires/Cloud_Spec_Exp/external/worktrees/oci-metagpt-agentless-mini-rerun/metagpt/crun-129/libocispec/./src/generate.py:40: SyntaxWarning: "is not" with 'str' literal. Did you mean "!="?
  if parts and parts[-1] is not '_':
/home/aludy/scires/Cloud_Spec_Exp/external/worktrees/oci-metagpt-agentless-mini-rerun/metagpt/crun-129/libocispec/./src/generate.py:45: SyntaxWarning: "is not" with 'str' literal. Did you mean "!="?
  if parts and parts[-1] is not '_':
/home/aludy/scires/Cloud_Spec_Exp/external/worktrees/oci-metagpt-agentless-mini-rerun/metagpt/crun-129/libocispec/./src/generate.py:49: SyntaxWarning: "is not" with 'str' literal. Did you mean "!="?
  if preindex <= index and index >= 0 and name[index] is not '_' and preindex != 0 and parts[-1] is not '_':
/home/aludy/scires/Cloud_Spec_Exp/external/worktrees/oci-metagpt-agentless-mini-rerun/metagpt/crun-129/libocispec/./src/generate.py:49: SyntaxWarning: "is not" with 'str' literal. Did you mean "!="?
  if preindex <= index and index >= 0 and name[index] is not '_' and preindex != 0 and parts[-1] is not '_':
/home/aludy/scires/Cloud_Spec_Exp/external/worktrees/oci-metagpt-agentless-mini-rerun/metagpt/crun-129/libocispec/./src/generate.py:107: SyntaxWarning: "is" with 'str' literal. Did you mean "=="?
  if name is None or name is "":
/home/aludy/scires/Cloud_Spec_Exp/external/worktrees/oci-metagpt-agentless-mini-rerun/metagpt/crun-129/libocispec/./src/generate.py:114: SyntaxWarning: "is" with 'str' literal. Did you mean "=="?
  if name is None or name is "":
/home/aludy/scires/Cloud_Spec_Exp/external/worktrees/oci-metagpt-agentless-mini-rerun/metagpt/crun-129/libocispec/./src/generate.py:793: SyntaxWarning: "is" with 'str' literal. Did you mean "=="?
  if toptype is 'object':
/home/aludy/scires/Cloud_Spec_Exp/external/worktrees/oci-metagpt-agentless-mini-rerun/metagpt/crun-129/libocispec/./src/generate.py:819: SyntaxWarning: "is" with 'str' literal. Did you mean "=="?
  if typ is 'array':
/home/aludy/scires/Cloud_Spec_Exp/external/worktrees/oci-metagpt-agentless-mini-rerun/metagpt/crun-129/libocispec/./src/generate.py:879: SyntaxWarning: "is" with 'str' literal. Did you mean "=="?
  if typ is 'object':
/home/aludy/scires/Cloud_Spec_Exp/external/worktrees/oci-metagpt-agentless-mini-rerun/metagpt/crun-129/libocispec/./src/generate.py:910: SyntaxWarning: "is" with 'str' literal. Did you mean "=="?
  if typ is 'object':
/home/aludy/scires/Cloud_Spec_Exp/external/worktrees/oci-metagpt-agentless-mini-rerun/metagpt/crun-129/libocispec/./src/generate.py:920: SyntaxWarning: "is" with 'str' literal. Did you mean "=="?
  if typ is 'object':
/home/aludy/scires/Cloud_Spec_Exp/external/worktrees/oci-metagpt-agentless-mini-rerun/metagpt/crun-129/libocispec/./src/generate.py:950: SyntaxWarning: "is" with 'str' literal. Did you mean "=="?
  if typ is 'object':
/home/aludy/scires/Cloud_Spec_Exp/external/worktrees/oci-metagpt-agentless-mini-rerun/metagpt/crun-129/libocispec/./src/generate.py:960: SyntaxWarning: "is" with 'str' literal. Did you mean "=="?
  if typ is 'object':
/home/aludy/scires/Cloud_Spec_Exp/external/worktrees/oci-metagpt-agentless-mini-rerun/metagpt/crun-129/libocispec/./src/generate.py:983: SyntaxWarning: "is" with 'str' literal. Did you mean "=="?
  if typ is 'object':
/home/aludy/scires/Cloud_Spec_Exp/external/worktrees/oci-metagpt-agentless-mini-rerun/metagpt/crun-129/libocispec/./src/generate.py:993: SyntaxWarning: "is" with 'str' literal. Did you mean "=="?
  if typ is 'object':
/home/aludy/scires/Cloud_Spec_Exp/external/worktrees/oci-metagpt-agentless-mini-rerun/metagpt/crun-129/libocispec/./src/generate.py:1017: SyntaxWarning: "is" with 'str' literal. Did you mean "=="?
  if typ is 'object':
/home/aludy/scires/Cloud_Spec_Exp/external/worktrees/oci-metagpt-agentless-mini-rerun/metagpt/crun-129/libocispec/./src/generate.py:28: SyntaxWarning: "is" with 'str' literal. Did you mean "=="?
  if name is None or name is "":
/home/aludy/scires/Cloud_Spec_Exp/external/worktrees/oci-metagpt-agentless-mini-rerun/metagpt/crun-129/libocispec/./src/generate.py:34: SyntaxWarning: "is not" with 'str' literal. Did you mean "!="?
  if parts and parts[-1] is not '_':
/home/aludy/scires/Cloud_Spec_Exp/external/worktrees/oci-metagpt-agentless-mini-rerun/metagpt/crun-129/libocispec/./src/generate.py:40: SyntaxWarning: "is not" with 'str' literal. Did you mean "!="?
  if parts and parts[-1] is not '_':
/home/aludy/scires/Cloud_Spec_Exp/external/worktrees/oci-metagpt-agentless-mini-rerun/metagpt/crun-129/libocispec/./src/generate.py:45: SyntaxWarning: "is not" with 'str' literal. Did you mean "!="?
  if parts and parts[-1] is not '_':
/home/aludy/scires/Cloud_Spec_Exp/external/worktrees/oci-metagpt-agentless-mini-rerun/metagpt/crun-129/libocispec/./src/generate.py:49: SyntaxWarning: "is not" with 'str' literal. Did you mean "!="?
  if preindex <= index and index >= 0 and name[index] is not '_' and preindex != 0 and parts[-1] is not '_':
/home/aludy/scires/Cloud_Spec_Exp/external/worktrees/oci-metagpt-agentless-mini-rerun/metagpt/crun-129/libocispec/./src/generate.py:49: SyntaxWarning: "is not" with 'str' literal. Did you mean "!="?
  if preindex <= index and index >= 0 and name[index] is not '_' and preindex != 0 and parts[-1] is not '_':
/home/aludy/scires/Cloud_Spec_Exp/external/worktrees/oci-metagpt-agentless-mini-rerun/metagpt/crun-129/libocispec/./src/generate.py:107: SyntaxWarning: "is" with 'str' literal. Did you mean "=="?
  if name is None or name is "":
/home/aludy/scires/Cloud_Spec_Exp/external/worktrees/oci-metagpt-agentless-mini-rerun/metagpt/crun-129/libocispec/./src/generate.py:114: SyntaxWarning: "is" with 'str' literal. Did you mean "=="?
  if name is None or name is "":
/home/aludy/scires/Cloud_Spec_Exp/external/worktrees/oci-metagpt-agentless-mini-rerun/metagpt/crun-129/libocispec/./src/generate.py:28: SyntaxWarning: "is" with 'str' literal. Did you mean "=="?
  if name is None or name is "":
/home/aludy/scires/Cloud_Spec_Exp/external/worktrees/oci-metagpt-agentless-mini-rerun/metagpt/crun-129/libocispec/./src/generate.py:34: SyntaxWarning: "is not" with 'str' literal. Did you mean "!="?
  if parts and parts[-1] is not '_':
/home/aludy/scires/Cloud_Spec_Exp/external/worktrees/oci-metagpt-agentless-mini-rerun/metagpt/crun-129/libocispec/./src/generate.py:40: SyntaxWarning: "is not" with 'str' literal. Did you mean "!="?
  if parts and parts[-1] is not '_':
/home/aludy/scires/Cloud_Spec_Exp/external/worktrees/oci-metagpt-agentless-mini-rerun/metagpt/crun-129/libocispec/./src/generate.py:45: SyntaxWarning: "is not" with 'str' literal. Did you mean "!="?
  if parts and parts[-1] is not '_':
/home/aludy/scires/Cloud_Spec_Exp/external/worktrees/oci-metagpt-agentless-mini-rerun/metagpt/crun-129/libocispec/./src/generate.py:49: SyntaxWarning: "is not" with 'str' literal. Did you mean "!="?
  if preindex <= index and index >= 0 and name[index] is not '_' and preindex != 0 and parts[-1] is not '_':
/home/aludy/scires/Cloud_Spec_Exp/external/worktrees/oci-metagpt-agentless-mini-rerun/metagpt/crun-129/libocispec/./src/generate.py:49: SyntaxWarning: "is not" with 'str' literal. Did you mean "!="?
  if preindex <= index and index >= 0 and name[index] is not '_' and preindex != 0 and parts[-1] is not '_':
/home/aludy/scires/Cloud_Spec_Exp/external/worktrees/oci-metagpt-agentless-mini-rerun/metagpt/crun-129/libocispec/./src/generate.py:28: SyntaxWarning: "is" with 'str' literal. Did you mean "=="?
  if name is None or name is "":
/home/aludy/scires/Cloud_Spec_Exp/external/worktrees/oci-metagpt-agentless-mini-rerun/metagpt/crun-129/libocispec/./src/generate.py:28: SyntaxWarning: "is" with 'str' literal. Did you mean "=="?
  if name is None or name is "":
/home/aludy/scires/Cloud_Spec_Exp/external/worktrees/oci-metagpt-agentless-mini-rerun/metagpt/crun-129/libocispec/./src/generate.py:34: SyntaxWarning: "is not" with 'str' literal. Did you mean "!="?
  if parts and parts[-1] is not '_':
/home/aludy/scires/Cloud_Spec_Exp/external/worktrees/oci-metagpt-agentless-mini-rerun/metagpt/crun-129/libocispec/./src/generate.py:34: SyntaxWarning: "is not" with 'str' literal. Did you mean "!="?
  if parts and parts[-1] is not '_':
/home/aludy/scires/Cloud_Spec_Exp/external/worktrees/oci-metagpt-agentless-mini-rerun/metagpt/crun-129/libocispec/./src/generate.py:40: SyntaxWarning: "is not" with 'str' literal. Did you mean "!="?
  if parts and parts[-1] is not '_':
/home/aludy/scires/Cloud_Spec_Exp/external/worktrees/oci-metagpt-agentless-mini-rerun/metagpt/crun-129/libocispec/./src/generate.py:40: SyntaxWarning: "is not" with 'str' literal. Did you mean "!="?
  if parts and parts[-1] is not '_':
/home/aludy/scires/Cloud_Spec_Exp/external/worktrees/oci-metagpt-agentless-mini-rerun/metagpt/crun-129/libocispec/./src/generate.py:45: SyntaxWarning: "is not" with 'str' literal. Did you mean "!="?
  if parts and parts[-1] is not '_':
/home/aludy/scires/Cloud_Spec_Exp/external/worktrees/oci-metagpt-agentless-mini-rerun/metagpt/crun-129/libocispec/./src/generate.py:107: SyntaxWarning: "is" with 'str' literal. Did you mean "=="?
  if name is None or name is "":
/home/aludy/scires/Cloud_Spec_Exp/external/worktrees/oci-metagpt-agentless-mini-rerun/metagpt/crun-129/libocispec/./src/generate.py:45: SyntaxWarning: "is not" with 'str' literal. Did you mean "!="?
  if parts and parts[-1] is not '_':
/home/aludy/scires/Cloud_Spec_Exp/external/worktrees/oci-metagpt-agentless-mini-rerun/metagpt/crun-129/libocispec/./src/generate.py:49: SyntaxWarning: "is not" with 'str' literal. Did you mean "!="?
  if preindex <= index and index >= 0 and name[index] is not '_' and preindex != 0 and parts[-1] is not '_':
/home/aludy/scires/Cloud_Spec_Exp/external/worktrees/oci-metagpt-agentless-mini-rerun/metagpt/crun-129/libocispec/./src/generate.py:49: SyntaxWarning: "is not" with 'str' literal. Did you mean "!="?
  if preindex <= index and index >= 0 and name[index] is not '_' and preindex != 0 and parts[-1] is not '_':
/home/aludy/scires/Cloud_Spec_Exp/external/worktrees/oci-metagpt-agentless-mini-rerun/metagpt/crun-129/libocispec/./src/generate.py:49: SyntaxWarning: "is not" with 'str' literal. Did you mean "!="?
  if preindex <= index and index >= 0 and name[index] is not '_' and preindex != 0 and parts[-1] is not '_':
/home/aludy/scires/Cloud_Spec_Exp/external/worktrees/oci-metagpt-agentless-mini-rerun/metagpt/crun-129/libocispec/./src/generate.py:114: SyntaxWarning: "is" with 'str' literal. Did you mean "=="?
  if name is None or name is "":
/home/aludy/scires/Cloud_Spec_Exp/external/worktrees/oci-metagpt-agentless-mini-rerun/metagpt/crun-129/libocispec/./src/generate.py:49: SyntaxWarning: "is not" with 'str' literal. Did you mean "!="?
  if preindex <= index and index >= 0 and name[index] is not '_' and preindex != 0 and parts[-1] is not '_':
/home/aludy/scires/Cloud_Spec_Exp/external/worktrees/oci-metagpt-agentless-mini-rerun/metagpt/crun-129/libocispec/./src/generate.py:793: SyntaxWarning: "is" with 'str' literal. Did you mean "=="?
  if toptype is 'object':
/home/aludy/scires/Cloud_Spec_Exp/external/worktrees/oci-metagpt-agentless-mini-rerun/metagpt/crun-129/libocispec/./src/generate.py:819: SyntaxWarning: "is" with 'str' literal. Did you mean "=="?
  if typ is 'array':
/home/aludy/scires/Cloud_Spec_Exp/external/worktrees/oci-metagpt-agentless-mini-rerun/metagpt/crun-129/libocispec/./src/generate.py:107: SyntaxWarning: "is" with 'str' literal. Did you mean "=="?
  if name is None or name is "":
/home/aludy/scires/Cloud_Spec_Exp/external/worktrees/oci-metagpt-agentless-mini-rerun/metagpt/crun-129/libocispec/./src/generate.py:879: SyntaxWarning: "is" with 'str' literal. Did you mean "=="?
  if typ is 'object':
/home/aludy/scires/Cloud_Spec_Exp/external/worktrees/oci-metagpt-agentless-mini-rerun/metagpt/crun-129/libocispec/./src/generate.py:910: SyntaxWarning: "is" with 'str' literal. Did you mean "=="?
  if typ is 'object':
/home/aludy/scires/Cloud_Spec_Exp/external/worktrees/oci-metagpt-agentless-mini-rerun/metagpt/crun-129/libocispec/./src/generate.py:114: SyntaxWarning: "is" with 'str' literal. Did you mean "=="?
  if name is None or name is "":
/home/aludy/scires/Cloud_Spec_Exp/external/worktrees/oci-metagpt-agentless-mini-rerun/metagpt/crun-129/libocispec/./src/generate.py:920: SyntaxWarning: "is" with 'str' literal. Did you mean "=="?
  if typ is 'object':
/home/aludy/scires/Cloud_Spec_Exp/external/worktrees/oci-metagpt-agentless-mini-rerun/metagpt/crun-129/libocispec/./src/generate.py:950: SyntaxWarning: "is" with 'str' literal. Did you mean "=="?
  if typ is 'object':
/home/aludy/scires/Cloud_Spec_Exp/external/worktrees/oci-metagpt-agentless-mini-rerun/metagpt/crun-129/libocispec/./src/generate.py:960: SyntaxWarning: "is" with 'str' literal. Did you mean "=="?
  if typ is 'object':
/home/aludy/scires/Cloud_Spec_Exp/external/worktrees/oci-metagpt-agentless-mini-rerun/metagpt/crun-129/libocispec/./src/generate.py:107: SyntaxWarning: "is" with 'str' literal. Did you mean "=="?
  if name is None or name is "":
/home/aludy/scires/Cloud_Spec_Exp/external/worktrees/oci-metagpt-agentless-mini-rerun/metagpt/crun-129/libocispec/./src/generate.py:983: SyntaxWarning: "is" with 'str' literal. Did you mean "=="?
  if typ is 'object':
/home/aludy/scires/Cloud_Spec_Exp/external/worktrees/oci-metagpt-agentless-mini-rerun/metagpt/crun-129/libocispec/./src/generate.py:993: SyntaxWarning: "is" with 'str' literal. Did you mean "=="?
  if typ is 'object':
/home/aludy/scires/Cloud_Spec_Exp/external/worktrees/oci-metagpt-agentless-mini-rerun/metagpt/crun-129/libocispec/./src/generate.py:1017: SyntaxWarning: "is" with 'str' literal. Did you mean "=="?
  if typ is 'object':
/home/aludy/scires/Cloud_Spec_Exp/external/worktrees/oci-metagpt-agentless-mini-rerun/metagpt/crun-129/libocispec/./src/generate.py:114: SyntaxWarning: "is" with 'str' literal. Did you mean "=="?
  if name is None or name is "":
/home/aludy/scires/Cloud_Spec_Exp/external/worktrees/oci-metagpt-agentless-mini-rerun/metagpt/crun-129/libocispec/./src/generate.py:28: SyntaxWarning: "is" with 'str' literal. Did you mean "=="?
  if name is None or name is "":
/home/aludy/scires/Cloud_Spec_Exp/external/worktrees/oci-metagpt-agentless-mini-rerun/metagpt/crun-129/libocispec/./src/generate.py:34: SyntaxWarning: "is not" with 'str' literal. Did you mean "!="?
  if parts and parts[-1] is not '_':
/home/aludy/scires/Cloud_Spec_Exp/external/worktrees/oci-metagpt-agentless-mini-rerun/metagpt/crun-129/libocispec/./src/generate.py:40: SyntaxWarning: "is not" with 'str' literal. Did you mean "!="?
  if parts and parts[-1] is not '_':
/home/aludy/scires/Cloud_Spec_Exp/external/worktrees/oci-metagpt-agentless-mini-rerun/metagpt/crun-129/libocispec/./src/generate.py:45: SyntaxWarning: "is not" with 'str' literal. Did you mean "!="?
  if parts and parts[-1] is not '_':
/home/aludy/scires/Cloud_Spec_Exp/external/worktrees/oci-metagpt-agentless-mini-rerun/metagpt/crun-129/libocispec/./src/generate.py:49: SyntaxWarning: "is not" with 'str' literal. Did you mean "!="?
  if preindex <= index and index >= 0 and name[index] is not '_' and preindex != 0 and parts[-1] is not '_':
/home/aludy/scires/Cloud_Spec_Exp/external/worktrees/oci-metagpt-agentless-mini-rerun/metagpt/crun-129/libocispec/./src/generate.py:49: SyntaxWarning: "is not" with 'str' literal. Did you mean "!="?
  if preindex <= index and index >= 0 and name[index] is not '_' and preindex != 0 and parts[-1] is not '_':
/home/aludy/scires/Cloud_Spec_Exp/external/worktrees/oci-metagpt-agentless-mini-rerun/metagpt/crun-129/libocispec/./src/generate.py:107: SyntaxWarning: "is" with 'str' literal. Did you mean "=="?
  if name is None or name is "":
/home/aludy/scires/Cloud_Spec_Exp/external/worktrees/oci-metagpt-agentless-mini-rerun/metagpt/crun-129/libocispec/./src/generate.py:114: SyntaxWarning: "is" with 'str' literal. Did you mean "=="?
  if name is None or name is "":
/home/aludy/scires/Cloud_Spec_Exp/external/worktrees/oci-metagpt-agentless-mini-rerun/metagpt/crun-129/libocispec/./src/generate.py:28: SyntaxWarning: "is" with 'str' literal. Did you mean "=="?
  if name is None or name is "":
/home/aludy/scires/Cloud_Spec_Exp/external/worktrees/oci-metagpt-agentless-mini-rerun/metagpt/crun-129/libocispec/./src/generate.py:34: SyntaxWarning: "is not" with 'str' literal. Did you mean "!="?
  if parts and parts[-1] is not '_':
/home/aludy/scires/Cloud_Spec_Exp/external/worktrees/oci-metagpt-agentless-mini-rerun/metagpt/crun-129/libocispec/./src/generate.py:40: SyntaxWarning: "is not" with 'str' literal. Did you mean "!="?
  if parts and parts[-1] is not '_':
/home/aludy/scires/Cloud_Spec_Exp/external/worktrees/oci-metagpt-agentless-mini-rerun/metagpt/crun-129/libocispec/./src/generate.py:45: SyntaxWarning: "is not" with 'str' literal. Did you mean "!="?
  if parts and parts[-1] is not '_':
/home/aludy/scires/Cloud_Spec_Exp/external/worktrees/oci-metagpt-agentless-mini-rerun/metagpt/crun-129/libocispec/./src/generate.py:49: SyntaxWarning: "is not" with 'str' literal. Did you mean "!="?
  if preindex <= index and index >= 0 and name[index] is not '_' and preindex != 0 and parts[-1] is not '_':
/home/aludy/scires/Cloud_Spec_Exp/external/worktrees/oci-metagpt-agentless-mini-rerun/metagpt/crun-129/libocispec/./src/generate.py:49: SyntaxWarning: "is not" with 'str' literal. Did you mean "!="?
  if preindex <= index and index >= 0 and name[index] is not '_' and preindex != 0 and parts[-1] is not '_':
/home/aludy/scires/Cloud_Spec_Exp/external/worktrees/oci-metagpt-agentless-mini-rerun/metagpt/crun-129/libocispec/./src/generate.py:793: SyntaxWarning: "is" with 'str' literal. Did you mean "=="?
  if toptype is 'object':
/home/aludy/scires/Cloud_Spec_Exp/external/worktrees/oci-metagpt-agentless-mini-rerun/metagpt/crun-129/libocispec/./src/generate.py:107: SyntaxWarning: "is" with 'str' literal. Did you mean "=="?
  if name is None or name is "":
/home/aludy/scires/Cloud_Spec_Exp/external/worktrees/oci-metagpt-agentless-mini-rerun/metagpt/crun-129/libocispec/./src/generate.py:819: SyntaxWarning: "is" with 'str' literal. Did you mean "=="?
  if typ is 'array':
/home/aludy/scires/Cloud_Spec_Exp/external/worktrees/oci-metagpt-agentless-mini-rerun/metagpt/crun-129/libocispec/./src/generate.py:114: SyntaxWarning: "is" with 'str' literal. Did you mean "=="?
  if name is None or name is "":
/home/aludy/scires/Cloud_Spec_Exp/external/worktrees/oci-metagpt-agentless-mini-rerun/metagpt/crun-129/libocispec/./src/generate.py:879: SyntaxWarning: "is" with 'str' literal. Did you mean "=="?
  if typ is 'object':
/home/aludy/scires/Cloud_Spec_Exp/external/worktrees/oci-metagpt-agentless-mini-rerun/metagpt/crun-129/libocispec/./src/generate.py:910: SyntaxWarning: "is" with 'str' literal. Did you mean "=="?
  if typ is 'object':
/home/aludy/scires/Cloud_Spec_Exp/external/worktrees/oci-metagpt-agentless-mini-rerun/metagpt/crun-129/libocispec/./src/generate.py:920: SyntaxWarning: "is" with 'str' literal. Did you mean "=="?
  if typ is 'object':
/home/aludy/scires/Cloud_Spec_Exp/external/worktrees/oci-metagpt-agentless-mini-rerun/metagpt/crun-129/libocispec/./src/generate.py:950: SyntaxWarning: "is" with 'str' literal. Did you mean "=="?
  if typ is 'object':
/home/aludy/scires/Cloud_Spec_Exp/external/worktrees/oci-metagpt-agentless-mini-rerun/metagpt/crun-129/libocispec/./src/generate.py:960: SyntaxWarning: "is" with 'str' literal. Did you mean "=="?
  if typ is 'object':
/home/aludy/scires/Cloud_Spec_Exp/external/worktrees/oci-metagpt-agentless-mini-rerun/metagpt/crun-129/libocispec/./src/generate.py:983: SyntaxWarning: "is" with 'str' literal. Did you mean "=="?
  if typ is 'object':
/home/aludy/scires/Cloud_Spec_Exp/external/worktrees/oci-metagpt-agentless-mini-rerun/metagpt/crun-129/libocispec/./src/generate.py:993: SyntaxWarning: "is" with 'str' literal. Did you mean "=="?
  if typ is 'object':
/home/aludy/scires/Cloud_Spec_Exp/external/worktrees/oci-metagpt-agentless-mini-rerun/metagpt/crun-129/libocispec/./src/generate.py:1017: SyntaxWarning: "is" with 'str' literal. Did you mean "=="?
  if typ is 'object':
/home/aludy/scires/Cloud_Spec_Exp/external/worktrees/oci-metagpt-agentless-mini-rerun/metagpt/crun-129/libocispec/./src/generate.py:793: SyntaxWarning: "is" with 'str' literal. Did you mean "=="?
  if toptype is 'object':
/home/aludy/scires/Cloud_Spec_Exp/external/worktrees/oci-metagpt-agentless-mini-rerun/metagpt/crun-129/libocispec/./src/generate.py:793: SyntaxWarning: "is" with 'str' literal. Did you mean "=="?
  if toptype is 'object':
/home/aludy/scires/Cloud_Spec_Exp/external/worktrees/oci-metagpt-agentless-mini-rerun/metagpt/crun-129/libocispec/./src/generate.py:819: SyntaxWarning: "is" with 'str' literal. Did you mean "=="?
  if typ is 'array':
/home/aludy/scires/Cloud_Spec_Exp/external/worktrees/oci-metagpt-agentless-mini-rerun/metagpt/crun-129/libocispec/./src/generate.py:879: SyntaxWarning: "is" with 'str' literal. Did you mean "=="?
  if typ is 'object':
/home/aludy/scires/Cloud_Spec_Exp/external/worktrees/oci-metagpt-agentless-mini-rerun/metagpt/crun-129/libocispec/./src/generate.py:819: SyntaxWarning: "is" with 'str' literal. Did you mean "=="?
  if typ is 'array':
/home/aludy/scires/Cloud_Spec_Exp/external/worktrees/oci-metagpt-agentless-mini-rerun/metagpt/crun-129/libocispec/./src/generate.py:910: SyntaxWarning: "is" with 'str' literal. Did you mean "=="?
  if typ is 'object':
/home/aludy/scires/Cloud_Spec_Exp/external/worktrees/oci-metagpt-agentless-mini-rerun/metagpt/crun-129/libocispec/./src/generate.py:879: SyntaxWarning: "is" with 'str' literal. Did you mean "=="?
  if typ is 'object':
/home/aludy/scires/Cloud_Spec_Exp/external/worktrees/oci-metagpt-agentless-mini-rerun/metagpt/crun-129/libocispec/./src/generate.py:920: SyntaxWarning: "is" with 'str' literal. Did you mean "=="?
  if typ is 'object':
/home/aludy/scires/Cloud_Spec_Exp/external/worktrees/oci-metagpt-agentless-mini-rerun/metagpt/crun-129/libocispec/./src/generate.py:910: SyntaxWarning: "is" with 'str' literal. Did you mean "=="?
  if typ is 'object':
/home/aludy/scires/Cloud_Spec_Exp/external/worktrees/oci-metagpt-agentless-mini-rerun/metagpt/crun-129/libocispec/./src/generate.py:950: SyntaxWarning: "is" with 'str' literal. Did you mean "=="?
  if typ is 'object':
/home/aludy/scires/Cloud_Spec_Exp/external/worktrees/oci-metagpt-agentless-mini-rerun/metagpt/crun-129/libocispec/./src/generate.py:920: SyntaxWarning: "is" with 'str' literal. Did you mean "=="?
  if typ is 'object':
/home/aludy/scires/Cloud_Spec_Exp/external/worktrees/oci-metagpt-agentless-mini-rerun/metagpt/crun-129/libocispec/./src/generate.py:960: SyntaxWarning: "is" with 'str' literal. Did you mean "=="?
  if typ is 'object':
/home/aludy/scires/Cloud_Spec_Exp/external/worktrees/oci-metagpt-agentless-mini-rerun/metagpt/crun-129/libocispec/./src/generate.py:950: SyntaxWarning: "is" with 'str' literal. Did you mean "=="?
  if typ is 'object':
/home/aludy/scires/Cloud_Spec_Exp/external/worktrees/oci-metagpt-agentless-mini-rerun/metagpt/crun-129/libocispec/./src/generate.py:983: SyntaxWarning: "is" with 'str' literal. Did you mean "=="?
  if typ is 'object':
/home/aludy/scires/Cloud_Spec_Exp/external/worktrees/oci-metagpt-agentless-mini-rerun/metagpt/crun-129/libocispec/./src/generate.py:960: SyntaxWarning: "is" with 'str' literal. Did you mean "=="?
  if typ is 'object':
/home/aludy/scires/Cloud_Spec_Exp/external/worktrees/oci-metagpt-agentless-mini-rerun/metagpt/crun-129/libocispec/./src/generate.py:993: SyntaxWarning: "is" with 'str' literal. Did you mean "=="?
  if typ is 'object':
/home/aludy/scires/Cloud_Spec_Exp/external/worktrees/oci-metagpt-agentless-mini-rerun/metagpt/crun-129/libocispec/./src/generate.py:983: SyntaxWarning: "is" with 'str' literal. Did you mean "=="?
  if typ is 'object':
/home/aludy/scires/Cloud_Spec_Exp/external/worktrees/oci-metagpt-agentless-mini-rerun/metagpt/crun-129/libocispec/./src/generate.py:1017: SyntaxWarning: "is" with 'str' literal. Did you mean "=="?
  if typ is 'object':
/home/aludy/scires/Cloud_Spec_Exp/external/worktrees/oci-metagpt-agentless-mini-rerun/metagpt/crun-129/libocispec/./src/generate.py:993: SyntaxWarning: "is" with 'str' literal. Did you mean "=="?
  if typ is 'object':
/home/aludy/scires/Cloud_Spec_Exp/external/worktrees/oci-metagpt-agentless-mini-rerun/metagpt/crun-129/libocispec/./src/generate.py:1017: SyntaxWarning: "is" with 'str' literal. Did you mean "=="?
  if typ is 'object':
/home/aludy/scires/Cloud_Spec_Exp/external/worktrees/oci-metagpt-agentless-mini-rerun/metagpt/crun-129/libocispec/./src/generate.py:793: SyntaxWarning: "is" with 'str' literal. Did you mean "=="?
  if toptype is 'object':
/home/aludy/scires/Cloud_Spec_Exp/external/worktrees/oci-metagpt-agentless-mini-rerun/metagpt/crun-129/libocispec/./src/generate.py:819: SyntaxWarning: "is" with 'str' literal. Did you mean "=="?
  if typ is 'array':
/home/aludy/scires/Cloud_Spec_Exp/external/worktrees/oci-metagpt-agentless-mini-rerun/metagpt/crun-129/libocispec/./src/generate.py:879: SyntaxWarning: "is" with 'str' literal. Did you mean "=="?
  if typ is 'object':
/home/aludy/scires/Cloud_Spec_Exp/external/worktrees/oci-metagpt-agentless-mini-rerun/metagpt/crun-129/libocispec/./src/generate.py:910: SyntaxWarning: "is" with 'str' literal. Did you mean "=="?
  if typ is 'object':
/home/aludy/scires/Cloud_Spec_Exp/external/worktrees/oci-metagpt-agentless-mini-rerun/metagpt/crun-129/libocispec/./src/generate.py:920: SyntaxWarning: "is" with 'str' literal. Did you mean "=="?
  if typ is 'object':
/home/aludy/scires/Cloud_Spec_Exp/external/worktrees/oci-metagpt-agentless-mini-rerun/metagpt/crun-129/libocispec/./src/generate.py:950: SyntaxWarning: "is" with 'str' literal. Did you mean "=="?
  if typ is 'object':
/home/aludy/scires/Cloud_Spec_Exp/external/worktrees/oci-metagpt-agentless-mini-rerun/metagpt/crun-129/libocispec/./src/generate.py:960: SyntaxWarning: "is" with 'str' literal. Did you mean "=="?
  if typ is 'object':
/home/aludy/scires/Cloud_Spec_Exp/external/worktrees/oci-metagpt-agentless-mini-rerun/metagpt/crun-129/libocispec/./src/generate.py:983: SyntaxWarning: "is" with 'str' literal. Did you mean "=="?
  if typ is 'object':
/home/aludy/scires/Cloud_Spec_Exp/external/worktrees/oci-metagpt-agentless-mini-rerun/metagpt/crun-129/libocispec/./src/generate.py:993: SyntaxWarning: "is" with 'str' literal. Did you mean "=="?
  if typ is 'object':
/home/aludy/scires/Cloud_Spec_Exp/external/worktrees/oci-metagpt-agentless-mini-rerun/metagpt/crun-129/libocispec/./src/generate.py:1017: SyntaxWarning: "is" with 'str' literal. Did you mean "=="?
  if typ is 'object':
/home/aludy/scires/Cloud_Spec_Exp/external/worktrees/oci-metagpt-agentless-mini-rerun/metagpt/crun-129/libocispec/./src/generate.py:793: SyntaxWarning: "is" with 'str' literal. Did you mean "=="?
  if toptype is 'object':
/home/aludy/scires/Cloud_Spec_Exp/external/worktrees/oci-metagpt-agentless-mini-rerun/metagpt/crun-129/libocispec/./src/generate.py:819: SyntaxWarning: "is" with 'str' literal. Did you mean "=="?
  if typ is 'array':
/home/aludy/scires/Cloud_Spec_Exp/external/worktrees/oci-metagpt-agentless-mini-rerun/metagpt/crun-129/libocispec/./src/generate.py:879: SyntaxWarning: "is" with 'str' literal. Did you mean "=="?
  if typ is 'object':
/home/aludy/scires/Cloud_Spec_Exp/external/worktrees/oci-metagpt-agentless-mini-rerun/metagpt/crun-129/libocispec/./src/generate.py:910: SyntaxWarning: "is" with 'str' literal. Did you mean "=="?
  if typ is 'object':
/home/aludy/scires/Cloud_Spec_Exp/external/worktrees/oci-metagpt-agentless-mini-rerun/metagpt/crun-129/libocispec/./src/generate.py:920: SyntaxWarning: "is" with 'str' literal. Did you mean "=="?
  if typ is 'object':
/home/aludy/scires/Cloud_Spec_Exp/external/worktrees/oci-metagpt-agentless-mini-rerun/metagpt/crun-129/libocispec/./src/generate.py:950: SyntaxWarning: "is" with 'str' literal. Did you mean "=="?
  if typ is 'object':
/home/aludy/scires/Cloud_Spec_Exp/external/worktrees/oci-metagpt-agentless-mini-rerun/metagpt/crun-129/libocispec/./src/generate.py:960: SyntaxWarning: "is" with 'str' literal. Did you mean "=="?
  if typ is 'object':
/home/aludy/scires/Cloud_Spec_Exp/external/worktrees/oci-metagpt-agentless-mini-rerun/metagpt/crun-129/libocispec/./src/generate.py:983: SyntaxWarning: "is" with 'str' literal. Did you mean "=="?
  if typ is 'object':
/home/aludy/scires/Cloud_Spec_Exp/external/worktrees/oci-metagpt-agentless-mini-rerun/metagpt/crun-129/libocispec/./src/generate.py:993: SyntaxWarning: "is" with 'str' literal. Did you mean "=="?
  if typ is 'object':
/home/aludy/scires/Cloud_Spec_Exp/external/worktrees/oci-metagpt-agentless-mini-rerun/metagpt/crun-129/libocispec/./src/generate.py:1017: SyntaxWarning: "is" with 'str' literal. Did you mean "=="?
  if typ is 'object':
