Initialized empty Git repository in /home/aludy/scires/Cloud_Spec_Exp/external/baselines/Agentless/playground/1062c368-cbea-4724-92f5-6b3ed050fea3/.git/
[master (root-commit) 915458b] initial commit
 1 file changed, 1174 insertions(+)
 create mode 100644 crates/libcontainer/src/process/init/process.rs
trying the 1-th sample ...
--- crates/libcontainer/src/process/init/process.rs
+++ crates/libcontainer/src/process/init/process.rs
@@ -9,8 +9,8 @@
 use nix::sys::stat::Mode;
 use nix::unistd::{self, Gid, Uid, close, dup2, setsid};
 use oci_spec::runtime::{
-    IOPriorityClass, LinuxIOPriority, LinuxNamespaceType, LinuxSchedulerFlag, LinuxSchedulerPolicy,
-    Scheduler, Spec, User,
+    IOPriorityClass, LinuxIOPriority, LinuxNamespaceType, LinuxPersonalityDomain,
+    LinuxSchedulerFlag, LinuxSchedulerPolicy, Scheduler, Spec, User,
 };
 
 use super::Result;
@@ -44,6 +44,8 @@
     set_io_priority(ctx.syscall.as_ref(), ctx.process.io_priority())?;
 
     setup_scheduler(ctx.process.scheduler())?;
+
+    apply_personality(ctx.linux.personality())?;
 
     // set up tty if specified
     if let Some(csocketfd) = args.console_socket {
@@ -773,6 +775,48 @@
             }
         }
     }
+    Ok(())
+}
+
+fn apply_personality(
+    personality: &Option<oci_spec::runtime::LinuxPersonality>,
+) -> Result<()> {
+    if let Some(personality) = personality {
+        let persona = match personality.domain() {
+            LinuxPersonalityDomain::Linux => libc::PER_LINUX,
+            LinuxPersonalityDomain::Linux32 => libc::PER_LINUX32,
+        };
+
+        let res = unsafe { libc::personality(persona) };
+        if res == -1 {
+            let err = nix::errno::Errno::last();
+            tracing::error!(
+                ?err,
+                ?personality,
+                "failed to set linux personality"
+            );
+            return Err(InitProcessError::NixOther(err));
+        }
+    }
+
+    Ok(())
+}
+
+fn apply_personality(personality: &Option<LinuxPersonality>) -> Result<()> {
+    if let Some(personality) = personality {
+        let persona = match personality.domain() {
+            LinuxPersonalityDomain::Linux => libc::PER_LINUX,
+            LinuxPersonalityDomain::Linux32 => libc::PER_LINUX32,
+        };
+
+        let res = unsafe { libc::personality(persona) };
+        if res == -1 {
+            let err = nix::errno::Errno::last();
+            tracing::error!(?err, ?personality, "failed to set linux personality");
+            return Err(InitProcessError::NixOther(err));
+        }
+    }
+
     Ok(())
 }
 
--- crates/libcontainer/src/process/init/process.rs
+++ crates/libcontainer/src/process/init/process.rs
@@ -9,8 +9,8 @@
 use nix::sys::stat::Mode;
 use nix::unistd::{self, Gid, Uid, close, dup2, setsid};
 use oci_spec::runtime::{
-    IOPriorityClass, LinuxIOPriority, LinuxNamespaceType, LinuxSchedulerFlag, LinuxSchedulerPolicy,
-    Scheduler, Spec, User,
+    IOPriorityClass, LinuxIOPriority, LinuxNamespaceType, LinuxPersonalityDomain,
+    LinuxSchedulerFlag, LinuxSchedulerPolicy, Scheduler, Spec, User,
 };
 
 use super::Result;
@@ -44,6 +44,8 @@
     set_io_priority(ctx.syscall.as_ref(), ctx.process.io_priority())?;
 
     setup_scheduler(ctx.process.scheduler())?;
+
+    apply_personality(ctx.linux.personality())?;
 
     // set up tty if specified
     if let Some(csocketfd) = args.console_socket {
@@ -773,6 +775,48 @@
             }
         }
     }
+    Ok(())
+}
+
+fn apply_personality(
+    personality: &Option<oci_spec::runtime::LinuxPersonality>,
+) -> Result<()> {
+    if let Some(personality) = personality {
+        let persona = match personality.domain() {
+            LinuxPersonalityDomain::Linux => libc::PER_LINUX,
+            LinuxPersonalityDomain::Linux32 => libc::PER_LINUX32,
+        };
+
+        let res = unsafe { libc::personality(persona) };
+        if res == -1 {
+            let err = nix::errno::Errno::last();
+            tracing::error!(
+                ?err,
+                ?personality,
+                "failed to set linux personality"
+            );
+            return Err(InitProcessError::NixOther(err));
+        }
+    }
+
+    Ok(())
+}
+
+fn apply_personality(personality: &Option<LinuxPersonality>) -> Result<()> {
+    if let Some(personality) = personality {
+        let persona = match personality.domain() {
+            LinuxPersonalityDomain::Linux => libc::PER_LINUX,
+            LinuxPersonalityDomain::Linux32 => libc::PER_LINUX32,
+        };
+
+        let res = unsafe { libc::personality(persona) };
+        if res == -1 {
+            let err = nix::errno::Errno::last();
+            tracing::error!(?err, ?personality, "failed to set linux personality");
+            return Err(InitProcessError::NixOther(err));
+        }
+    }
+
     Ok(())
 }
 
