Initialized empty Git repository in /home/aludy/scires/Cloud_Spec_Exp/external/baselines/Agentless/playground/76b5f7c6-33bb-4a30-a1cb-b528bf40bc6e/.git/
[master (root-commit) 35236e6] initial commit
 1 file changed, 5270 insertions(+)
 create mode 100644 src/libcrun/linux.c
trying the 1-th sample ...
--- src/libcrun/linux.c
+++ src/libcrun/linux.c
@@ -1750,7 +1750,7 @@
 
       if (! def->linux->devices[i]->file_mode_present)
         device.mode = 0666;
-      ret = libcrun_create_dev (container, devfd, dev_fds->fds[i], &device, binds, true, err);
+      ret = libcrun_create_dev (container, devfd, dev_fds ? dev_fds->fds[i] : -1, &device, binds, true, err);
       if (UNLIKELY (ret < 0))
         return ret;
     }
--- src/libcrun/linux.c
+++ src/libcrun/linux.c
@@ -1750,7 +1750,7 @@
 
       if (! def->linux->devices[i]->file_mode_present)
         device.mode = 0666;
-      ret = libcrun_create_dev (container, devfd, dev_fds->fds[i], &device, binds, true, err);
+      ret = libcrun_create_dev (container, devfd, dev_fds ? dev_fds->fds[i] : -1, &device, binds, true, err);
       if (UNLIKELY (ret < 0))
         return ret;
     }
