Initialized empty Git repository in /home/aludy/scires/Cloud_Spec_Exp/external/baselines/Agentless/playground/d430d710-0d22-4fff-a357-95df4277ea8a/.git/
[master (root-commit) fc2fcba] initial commit
 1 file changed, 1080 insertions(+)
 create mode 100644 libcontainer/rootfs_linux.go
trying the 1-th sample ...
--- libcontainer/rootfs_linux.go
+++ libcontainer/rootfs_linux.go
@@ -379,6 +379,11 @@
 func mountToRootfs(m *configs.Mount, c *mountConfig) error {
 	rootfs := c.root
 	mountLabel := c.label
+
+	if !filepath.IsAbs(m.Destination) {
+		return fmt.Errorf("mount destination %q not absolute", m.Destination)
+	}
+
 	dest, err := securejoin.SecureJoin(rootfs, m.Destination)
 	if err != nil {
 		return err
--- libcontainer/rootfs_linux.go
+++ libcontainer/rootfs_linux.go
@@ -379,6 +379,11 @@
 func mountToRootfs(m *configs.Mount, c *mountConfig) error {
 	rootfs := c.root
 	mountLabel := c.label
+
+	if !filepath.IsAbs(m.Destination) {
+		return fmt.Errorf("mount destination %q not absolute", m.Destination)
+	}
+
 	dest, err := securejoin.SecureJoin(rootfs, m.Destination)
 	if err != nil {
 		return err
