Initialized empty Git repository in /home/aludy/scires/Cloud_Spec_Exp/external/baselines/Agentless/playground/e53356b9-b9d8-4672-af98-1aa110cb994e/.git/
[master (root-commit) 3b711d7] initial commit
 1 file changed, 6250 insertions(+)
 create mode 100644 src/libcrun/linux.c
trying the 1-th sample ...
--- src/libcrun/linux.c
+++ src/libcrun/linux.c
@@ -1695,9 +1695,9 @@
           if (UNLIKELY (ret < 0))
             return crun_make_error (err, errno, "mknodat `%s`", device->path);
 
-          fd = safe_openat (devfd, rootfs, rel_dev, O_PATH | O_CLOEXEC, 0, err);
+          fd = openat (devfd, rel_dev, O_PATH | O_CLOEXEC | O_NOFOLLOW);
           if (UNLIKELY (fd < 0))
-            return fd;
+            return crun_make_error (err, errno, "openat `%s`", device->path);
 
           get_proc_self_fd_path (fd_buffer, fd);
 
@@ -1750,7 +1750,7 @@
           if (UNLIKELY (ret < 0))
             return crun_make_error (err, errno, "mknodat `%s`", device->path);
 
-          fd = safe_openat (dirfd, rootfs, basename, O_PATH | O_CLOEXEC, 0, err);
+          fd = openat (dirfd, basename, O_PATH | O_CLOEXEC | O_NOFOLLOW);
           if (UNLIKELY (fd < 0))
             return crun_make_error (err, errno, "openat `%s`", device->path);
 
--- src/libcrun/linux.c
+++ src/libcrun/linux.c
@@ -1695,9 +1695,9 @@
           if (UNLIKELY (ret < 0))
             return crun_make_error (err, errno, "mknodat `%s`", device->path);
 
-          fd = safe_openat (devfd, rootfs, rel_dev, O_PATH | O_CLOEXEC, 0, err);
+          fd = openat (devfd, rel_dev, O_PATH | O_CLOEXEC | O_NOFOLLOW);
           if (UNLIKELY (fd < 0))
-            return fd;
+            return crun_make_error (err, errno, "openat `%s`", device->path);
 
           get_proc_self_fd_path (fd_buffer, fd);
 
@@ -1750,7 +1750,7 @@
           if (UNLIKELY (ret < 0))
             return crun_make_error (err, errno, "mknodat `%s`", device->path);
 
-          fd = safe_openat (dirfd, rootfs, basename, O_PATH | O_CLOEXEC, 0, err);
+          fd = openat (dirfd, basename, O_PATH | O_CLOEXEC | O_NOFOLLOW);
           if (UNLIKELY (fd < 0))
             return crun_make_error (err, errno, "openat `%s`", device->path);
 
