Initialized empty Git repository in /home/aludy/scires/Cloud_Spec_Exp/external/baselines/Agentless/playground/cf6fabef-7c62-43f9-8cf7-8c7151f1d643/.git/
[master (root-commit) 3594a24] initial commit
 1 file changed, 2413 insertions(+)
 create mode 100644 src/libcrun/utils.c
trying the 1-th sample ...
--- src/libcrun/utils.c
+++ src/libcrun/utils.c
@@ -546,9 +546,9 @@
             return crun_make_error (err, errno, "mkdir `/%s`", npath);
         }
 
-      cwd = safe_openat (dirfd, dirpath, dirpath_len, npath, O_CLOEXEC | O_PATH, 0, err);
+      cwd = safe_openat (dirfd, dirpath, dirpath_len, npath, O_CLOEXEC | O_PATH | O_DIRECTORY, 0, err);
       if (UNLIKELY (cwd < 0))
-        return cwd;
+        return crun_error_wrap (err, "ensure directory `/%s`", npath);
 
       close_and_replace (&wd_cleanup, cwd);
 
@@ -588,6 +588,8 @@
   fd = safe_openat (dirfd, dirpath, dirpath_len, path, O_PATH | O_CLOEXEC, 0, err);
   if (LIKELY (fd >= 0))
     return fd;
+
+  crun_error_release (err);
 
   return crun_safe_ensure_at (true, dir, dirfd, dirpath, dirpath_len, path, mode, MAX_READLINKS, err);
 }
--- src/libcrun/utils.c
+++ src/libcrun/utils.c
@@ -546,9 +546,9 @@
             return crun_make_error (err, errno, "mkdir `/%s`", npath);
         }
 
-      cwd = safe_openat (dirfd, dirpath, dirpath_len, npath, O_CLOEXEC | O_PATH, 0, err);
+      cwd = safe_openat (dirfd, dirpath, dirpath_len, npath, O_CLOEXEC | O_PATH | O_DIRECTORY, 0, err);
       if (UNLIKELY (cwd < 0))
-        return cwd;
+        return crun_error_wrap (err, "ensure directory `/%s`", npath);
 
       close_and_replace (&wd_cleanup, cwd);
 
@@ -588,6 +588,8 @@
   fd = safe_openat (dirfd, dirpath, dirpath_len, path, O_PATH | O_CLOEXEC, 0, err);
   if (LIKELY (fd >= 0))
     return fd;
+
+  crun_error_release (err);
 
   return crun_safe_ensure_at (true, dir, dirfd, dirpath, dirpath_len, path, mode, MAX_READLINKS, err);
 }
